Archive member included because of file (symbol)

C:\Users\thiago\Dropbox\Circuits\sourceCodes\arduino_core\328P_16MHz\libarduino_core.a(HardwareSerial.o)
                              ./EmonLib.o (Serial)
C:\Users\thiago\Dropbox\Circuits\sourceCodes\arduino_core\328P_16MHz\libarduino_core.a(Print.o)
                              ./LiquidCrystal.o (Print::write(unsigned char const*, unsigned int))
C:\Users\thiago\Dropbox\Circuits\sourceCodes\arduino_core\328P_16MHz\libarduino_core.a(WString.o)
                              C:\Users\thiago\Dropbox\Circuits\sourceCodes\arduino_core\328P_16MHz\libarduino_core.a(Print.o) (String::operator[](unsigned int) const)
C:\Users\thiago\Dropbox\Circuits\sourceCodes\arduino_core\328P_16MHz\libarduino_core.a(new.o)
                              ./Wire.o (__cxa_pure_virtual)
C:\Users\thiago\Dropbox\Circuits\sourceCodes\arduino_core\328P_16MHz\libarduino_core.a(wiring.o)
                              ./EmonLib.o (millis)
C:\Users\thiago\Dropbox\Circuits\sourceCodes\arduino_core\328P_16MHz\libarduino_core.a(wiring_analog.o)
                              ./EmonLib.o (analogRead)
C:\Users\thiago\Dropbox\Circuits\sourceCodes\arduino_core\328P_16MHz\libarduino_core.a(wiring_digital.o)
                              ./LiquidCrystal.o (pinMode)
C:\Users\thiago\Dropbox\Circuits\sourceCodes\arduino_core\328P_16MHz\libarduino_core.a(wiring_pulse.o)
                              ./Ultrasonic.o (pulseIn)
C:\Users\thiago\Dropbox\Circuits\sourceCodes\arduino_core\328P_16MHz\libarduino_core.a(malloc.o)
                              C:\Users\thiago\Dropbox\Circuits\sourceCodes\arduino_core\328P_16MHz\libarduino_core.a(new.o) (malloc)
C:\Users\thiago\Dropbox\Circuits\sourceCodes\arduino_core\328P_16MHz\libarduino_core.a(realloc.o)
                              C:\Users\thiago\Dropbox\Circuits\sourceCodes\arduino_core\328P_16MHz\libarduino_core.a(WString.o) (realloc)
c:/winavr-20100110/bin/../lib/gcc/avr/4.3.3/avr5\libgcc.a(_mulsi3.o)
                              ./Time.o (__mulsi3)
c:/winavr-20100110/bin/../lib/gcc/avr/4.3.3/avr5\libgcc.a(_udivmodqi4.o)
                              ./DS1307RTC.o (__udivmodqi4)
c:/winavr-20100110/bin/../lib/gcc/avr/4.3.3/avr5\libgcc.a(_divmodhi4.o)
                              ./Time.o (__divmodhi4)
c:/winavr-20100110/bin/../lib/gcc/avr/4.3.3/avr5\libgcc.a(_udivmodsi4.o)
                              ./Time.o (__udivmodsi4)
c:/winavr-20100110/bin/../lib/gcc/avr/4.3.3/avr5\libgcc.a(_divmodsi4.o)
                              ./EmonLib.o (__divmodsi4)
c:/winavr-20100110/bin/../lib/gcc/avr/4.3.3/avr5\libgcc.a(_exit.o)
                              c:/winavr-20100110/bin/../lib/gcc/avr/4.3.3/../../../../avr/lib/avr5/crtm328p.o (exit)
c:/winavr-20100110/bin/../lib/gcc/avr/4.3.3/avr5\libgcc.a(_copy_data.o)
                              ./DateStrings.o (__do_copy_data)
c:/winavr-20100110/bin/../lib/gcc/avr/4.3.3/avr5\libgcc.a(_clear_bss.o)
                              ./DS1307RTC.o (__do_clear_bss)
c:/winavr-20100110/bin/../lib/gcc/avr/4.3.3/avr5\libgcc.a(_ctors.o)
                              ./DS1307RTC.o (__do_global_ctors)
c:/winavr-20100110/bin/../lib/gcc/avr/4.3.3/avr5\libgcc.a(_fixunssfsi.o)
                              ./main.o (__fixunssfsi)
c:/winavr-20100110/bin/../lib/gcc/avr/4.3.3/avr5\libgcc.a(_addsub_sf.o)
                              ./EmonLib.o (__subsf3)
c:/winavr-20100110/bin/../lib/gcc/avr/4.3.3/avr5\libgcc.a(_mul_sf.o)
                              ./EmonLib.o (__mulsf3)
c:/winavr-20100110/bin/../lib/gcc/avr/4.3.3/avr5\libgcc.a(_div_sf.o)
                              ./EmonLib.o (__divsf3)
c:/winavr-20100110/bin/../lib/gcc/avr/4.3.3/avr5\libgcc.a(_gt_sf.o)
                              C:\Users\thiago\Dropbox\Circuits\sourceCodes\arduino_core\328P_16MHz\libarduino_core.a(Print.o) (__gtsf2)
c:/winavr-20100110/bin/../lib/gcc/avr/4.3.3/avr5\libgcc.a(_ge_sf.o)
                              c:/winavr-20100110/bin/../lib/gcc/avr/4.3.3/avr5\libgcc.a(_fixunssfsi.o) (__gesf2)
c:/winavr-20100110/bin/../lib/gcc/avr/4.3.3/avr5\libgcc.a(_lt_sf.o)
                              C:\Users\thiago\Dropbox\Circuits\sourceCodes\arduino_core\328P_16MHz\libarduino_core.a(Print.o) (__ltsf2)
c:/winavr-20100110/bin/../lib/gcc/avr/4.3.3/avr5\libgcc.a(_le_sf.o)
                              C:\Users\thiago\Dropbox\Circuits\sourceCodes\arduino_core\328P_16MHz\libarduino_core.a(Print.o) (__lesf2)
c:/winavr-20100110/bin/../lib/gcc/avr/4.3.3/avr5\libgcc.a(_unord_sf.o)
                              C:\Users\thiago\Dropbox\Circuits\sourceCodes\arduino_core\328P_16MHz\libarduino_core.a(Print.o) (__unordsf2)
c:/winavr-20100110/bin/../lib/gcc/avr/4.3.3/avr5\libgcc.a(_si_to_sf.o)
                              ./EmonLib.o (__floatsisf)
c:/winavr-20100110/bin/../lib/gcc/avr/4.3.3/avr5\libgcc.a(_sf_to_si.o)
                              ./VirtualWire.o (__fixsfsi)
[...]
Memory Configuration

Name             Origin             Length             Attributes
text             0x00000000         0x00020000         xr
data             0x00800060         0x0000ffa0         rw !x
eeprom           0x00810000         0x00010000         rw !x
fuse             0x00820000         0x00000400         rw !x
lock             0x00830000         0x00000400         rw !x
signature        0x00840000         0x00000400         rw !x
*default*        0x00000000         0xffffffff

Linker script and memory map

Address of section .data set to 0x800100
LOAD c:/winavr-20100110/bin/../lib/gcc/avr/4.3.3/../../../../avr/lib/avr5/crtm328p.o
LOAD ./DS1307RTC.o
LOAD ./DateStrings.o
LOAD ./EmonLib.o
LOAD ./LiquidCrystal.o
LOAD ./Time.o
LOAD ./Ultrasonic.o
LOAD ./VirtualWire.o
LOAD ./Wire.o
LOAD ./main.o
LOAD ./twi.o
LOAD C:\Users\thiago\Dropbox\Circuits\sourceCodes\arduino_core\328P_16MHz\libarduino_core.a
LOAD c:/winavr-20100110/bin/../lib/gcc/avr/4.3.3/avr5\libgcc.a
LOAD c:/winavr-20100110/bin/../lib/gcc/avr/4.3.3/../../../../avr/lib/avr5\libm.a
LOAD c:/winavr-20100110/bin/../lib/gcc/avr/4.3.3/avr5\libgcc.a
LOAD c:/winavr-20100110/bin/../lib/gcc/avr/4.3.3/../../../../avr/lib/avr5\libc.a
LOAD c:/winavr-20100110/bin/../lib/gcc/avr/4.3.3/avr5\libgcc.a

.hash
 *(.hash)

.dynsym
 *(.dynsym)

.dynstr
 *(.dynstr)

.gnu.version
 *(.gnu.version)

.gnu.version_d
 *(.gnu.version_d)

.gnu.version_r
 *(.gnu.version_r)

.rel.init
 *(.rel.init)

.rela.init
 *(.rela.init)

.rel.text
 *(.rel.text)
 *(.rel.text.*)
 *(.rel.gnu.linkonce.t*)

.rela.text
 *(.rela.text)
 *(.rela.text.*)
 *(.rela.gnu.linkonce.t*)

.rel.fini
 *(.rel.fini)

.rela.fini
 *(.rela.fini)

.rel.rodata
 *(.rel.rodata)
 *(.rel.rodata.*)
 *(.rel.gnu.linkonce.r*)

.rela.rodata
 *(.rela.rodata)
 *(.rela.rodata.*)
 *(.rela.gnu.linkonce.r*)

.rel.data
 *(.rel.data)
 *(.rel.data.*)
 *(.rel.gnu.linkonce.d*)

.rela.data
 *(.rela.data)
 *(.rela.data.*)
 *(.rela.gnu.linkonce.d*)

.rel.ctors
 *(.rel.ctors)

.rela.ctors
 *(.rela.ctors)

.rel.dtors
 *(.rel.dtors)

.rela.dtors
 *(.rela.dtors)

.rel.got
 *(.rel.got)

.rela.got
 *(.rela.got)

.rel.bss
 *(.rel.bss)

.rela.bss
 *(.rela.bss)

.rel.plt
 *(.rel.plt)

.rela.plt
 *(.rela.plt)

.text           0x00000000     0x374e
 *(.vectors)
 .vectors       0x00000000       0x68 c:/winavr-20100110/bin/../lib/gcc/avr/4.3.3/../../../../avr/lib/avr5/crtm328p.o
                0x00000000                __vectors
                0x00000000                __vector_default
 *(.vectors)
 *(.progmem.gcc*)
 *(.progmem*)
 .progmem.data  0x00000068       0x5a C:\Users\thiago\Dropbox\Circuits\sourceCodes\arduino_core\328P_16MHz\libarduino_core.a(wiring_digital.o)
                0x00000068                port_to_mode_PGM
                0x00000086                digital_pin_to_port_PGM
                0x0000009a                digital_pin_to_bit_mask_PGM
                0x00000072                port_to_output_PGM
                0x0000007c                port_to_input_PGM
                0x000000ae                digital_pin_to_timer_PGM
                0x000000c2                . = ALIGN (0x2)
                0x000000c2                __trampolines_start = .
 *(.trampolines)
 .trampolines   0x000000c2        0x0 linker stubs
 *(.trampolines*)
                0x000000c2                __trampolines_end = .
 *(.jumptables)
 *(.jumptables*)
 *(.lowtext)
 *(.lowtext*)
                0x000000c2                __ctors_start = .
 *(.ctors)
 .ctors         0x000000c2        0x2 ./DS1307RTC.o
 .ctors         0x000000c4        0x2 ./Wire.o
 .ctors         0x000000c6        0x2 ./main.o
 .ctors         0x000000c8        0x2 C:\Users\thiago\Dropbox\Circuits\sourceCodes\arduino_core\328P_16MHz\libarduino_core.a(HardwareSerial.o)
                0x000000ca                __ctors_end = .
                0x000000ca                __dtors_start = .
 *(.dtors)
                0x000000ca                __dtors_end = .
 SORT(*)(.ctors)
 SORT(*)(.dtors)
 *(.init0)
 .init0         0x000000ca        0x0 c:/winavr-20100110/bin/../lib/gcc/avr/4.3.3/../../../../avr/lib/avr5/crtm328p.o
                0x000000ca                __init
 *(.init0)
 *(.init1)
 *(.init1)
 *(.init2)
 .init2         0x000000ca        0xc c:/winavr-20100110/bin/../lib/gcc/avr/4.3.3/../../../../avr/lib/avr5/crtm328p.o
 *(.init2)
 *(.init3)
 *(.init3)
 *(.init4)
 .init4         0x000000d6       0x16 c:/winavr-20100110/bin/../lib/gcc/avr/4.3.3/avr5\libgcc.a(_copy_data.o)
                0x000000d6                __do_copy_data
 .init4         0x000000ec       0x10 c:/winavr-20100110/bin/../lib/gcc/avr/4.3.3/avr5\libgcc.a(_clear_bss.o)
                0x000000ec                __do_clear_bss
 *(.init4)
 *(.init5)
 *(.init5)
 *(.init6)
 .init6         0x000000fc       0x16 c:/winavr-20100110/bin/../lib/gcc/avr/4.3.3/avr5\libgcc.a(_ctors.o)
                0x000000fc                __do_global_ctors
 *(.init6)
 *(.init7)
 *(.init7)
 *(.init8)
 *(.init8)
 *(.init9)
 .init9         0x00000112        0x8 c:/winavr-20100110/bin/../lib/gcc/avr/4.3.3/../../../../avr/lib/avr5/crtm328p.o
 *(.init9)
 *(.text)
 .text          0x0000011a        0x4 c:/winavr-20100110/bin/../lib/gcc/avr/4.3.3/../../../../avr/lib/avr5/crtm328p.o
                0x0000011a                __vector_22
                0x0000011a                __vector_1
                0x0000011a                __vector_12
                0x0000011a                __bad_interrupt
                0x0000011a                __vector_6
                0x0000011a                __vector_3
                0x0000011a                __vector_23
                0x0000011a                __vector_25
                0x0000011a                __vector_13
                0x0000011a                __vector_17
                0x0000011a                __vector_5
                0x0000011a                __vector_4
                0x0000011a                __vector_9
                0x0000011a                __vector_2
                0x0000011a                __vector_21
                0x0000011a                __vector_15
                0x0000011a                __vector_14
                0x0000011a                __vector_10
                0x0000011a                __vector_20
 .text          0x0000011e       0x58 c:/winavr-20100110/bin/../lib/gcc/avr/4.3.3/avr5\libgcc.a(_fixunssfsi.o)
                0x0000011e                __fixunssfsi
 .text          0x00000176      0x354 c:/winavr-20100110/bin/../lib/gcc/avr/4.3.3/avr5\libgcc.a(_addsub_sf.o)
                0x0000040e                __subsf3
                0x00000470                __addsf3
 .text          0x000004ca      0x1f4 c:/winavr-20100110/bin/../lib/gcc/avr/4.3.3/avr5\libgcc.a(_mul_sf.o)
                0x000004ca                __mulsf3
 .text          0x000006be      0x158 c:/winavr-20100110/bin/../lib/gcc/avr/4.3.3/avr5\libgcc.a(_div_sf.o)
                0x000006be                __divsf3
 .text          0x00000816       0x60 c:/winavr-20100110/bin/../lib/gcc/avr/4.3.3/avr5\libgcc.a(_ge_sf.o)
                0x00000816                __gesf2
 .text          0x00000876       0xbc c:/winavr-20100110/bin/../lib/gcc/avr/4.3.3/avr5\libgcc.a(_si_to_sf.o)
                0x00000876                __floatsisf
 .text          0x00000932       0xa8 c:/winavr-20100110/bin/../lib/gcc/avr/4.3.3/avr5\libgcc.a(_sf_to_si.o)
                0x00000932                __fixsfsi
 .text          0x000009da       0xf2 c:/winavr-20100110/bin/../lib/gcc/avr/4.3.3/avr5\libgcc.a(_usi_to_sf.o)
                0x000009da                __floatunsisf
 .text          0x00000acc       0x9e c:/winavr-20100110/bin/../lib/gcc/avr/4.3.3/avr5\libgcc.a(_clzsi2.o)
                0x00000acc                __clzsi2
 .text          0x00000b6a      0x1aa c:/winavr-20100110/bin/../lib/gcc/avr/4.3.3/avr5\libgcc.a(_pack_sf.o)
                0x00000b6a                __pack_f
 .text          0x00000d14       0xf0 c:/winavr-20100110/bin/../lib/gcc/avr/4.3.3/avr5\libgcc.a(_unpack_sf.o)
                0x00000d14                __unpack_f
 .text          0x00000e04       0xb2 c:/winavr-20100110/bin/../lib/gcc/avr/4.3.3/avr5\libgcc.a(_fpcmp_parts_sf.o)
                0x00000e04                __fpcmp_parts_f
                0x00000eb6                . = ALIGN (0x2)
 *(.text.*)
 .text._ZN9DS1307RTC7dec2bcdEh
                0x00000eb6       0x22 ./DS1307RTC.o
                0x00000eb6                DS1307RTC::dec2bcd(unsigned char)
 .text._ZN9DS1307RTC7bcd2decEh
                0x00000ed8       0x14 ./DS1307RTC.o
                0x00000ed8                DS1307RTC::bcd2dec(unsigned char)
 .text._ZN9DS1307RTC5writeER12tmElements_t
                0x00000eec       0xa2 ./DS1307RTC.o
                0x00000eec                DS1307RTC::write(tmElements_t&)
 .text._ZN9DS1307RTC4readER12tmElements_t
                0x00000f8e       0xa6 ./DS1307RTC.o
                0x00000f8e                DS1307RTC::read(tmElements_t&)
 .text._GLOBAL__I__ZN9DS1307RTCC2Ev
                0x00001034        0xa ./DS1307RTC.o
 .text._ZN13EnergyMonitor7voltageEidd
                0x0000103e       0x28 ./EmonLib.o
                0x0000103e                EnergyMonitor::voltage(int, double, double)
 .text._ZN13EnergyMonitor7currentEid
                0x00001066       0x10 ./EmonLib.o
                0x00001066                EnergyMonitor::current(int, double)
 .text._ZN13EnergyMonitor7readVccEv
                0x00001076       0x58 ./EmonLib.o
                0x00001076                EnergyMonitor::readVcc()
 .text._ZN13EnergyMonitor6calcVIEii
                0x000010ce      0x580 ./EmonLib.o
                0x000010ce                EnergyMonitor::calcVI(int, int)
 .text._ZN10Ultrasonic6TimingEv
                0x0000164e       0x56 ./Ultrasonic.o
                0x0000164e                Ultrasonic::Timing()
 .text._ZN10Ultrasonic7RangingEi
                0x000016a4       0x72 ./Ultrasonic.o
                0x000016a4                Ultrasonic::Ranging(int)
 .text._ZN10UltrasonicC1Eii
                0x00001716       0x3e ./Ultrasonic.o
                0x00001716                Ultrasonic::Ultrasonic(int, int)
 .text.vw_set_tx_pin
                0x00001754        0x6 ./VirtualWire.o
                0x00001754                vw_set_tx_pin
 .text.vw_set_rx_pin
                0x0000175a        0x6 ./VirtualWire.o
                0x0000175a                vw_set_rx_pin
 .text.vw_set_ptt_pin
                0x00001760        0x6 ./VirtualWire.o
                0x00001760                vw_set_ptt_pin
 .text.vw_set_ptt_inverted
                0x00001766        0x6 ./VirtualWire.o
                0x00001766                vw_set_ptt_inverted
 .text.vw_pll   0x0000176c      0x156 ./VirtualWire.o
                0x0000176c                vw_pll
 .text._timer_calc
                0x000018c2      0x152 ./VirtualWire.o
 .text.vw_rx_start
                0x00001a14       0x14 ./VirtualWire.o
                0x00001a14                vw_rx_start
 .text.vw_wait_tx
                0x00001a28        0xa ./VirtualWire.o
                0x00001a28                vw_wait_tx
 .text.vw_tx_stop
                0x00001a32       0x1c ./VirtualWire.o
                0x00001a32                vw_tx_stop
 .text.__vector_11
                0x00001a4e       0xfc ./VirtualWire.o
                0x00001a4e                __vector_11
 .text.vw_tx_start
                0x00001b4a       0x26 ./VirtualWire.o
                0x00001b4a                vw_tx_start
 .text.vw_send  0x00001b70      0x158 ./VirtualWire.o
                0x00001b70                vw_send
 .text.vw_get_message
                0x00001cc8       0x7c ./VirtualWire.o
                0x00001cc8                vw_get_message
 .text.vw_setup
                0x00001d44       0x7c ./VirtualWire.o
                0x00001d44                vw_setup
 .text._ZN7TwoWire17beginTransmissionEi
                0x00001dc0       0x14 ./Wire.o
                0x00001dc0                TwoWire::beginTransmission(int)
 .text._ZN7TwoWire9availableEv
                0x00001dd4       0x12 ./Wire.o
                0x00001dd4                TwoWire::available()
 .text._ZN7TwoWire4readEv
                0x00001de6       0x2a ./Wire.o
                0x00001de6                TwoWire::read()
 .text._ZN7TwoWire4peekEv
                0x00001e10       0x22 ./Wire.o
                0x00001e10                TwoWire::peek()
 .text._ZN7TwoWire5flushEv
                0x00001e32        0x2 ./Wire.o
                0x00001e32                TwoWire::flush()
 .text._GLOBAL__I__ZN7TwoWire8rxBufferE
                0x00001e34       0x2e ./Wire.o
 .text._ZN7TwoWire5writeEPKhj
                0x00001e62       0x62 ./Wire.o
                0x00001e62                TwoWire::write(unsigned char const*, unsigned int)
 .text._ZN7TwoWire5writeEh
                0x00001ec4       0x60 ./Wire.o
                0x00001ec4                TwoWire::write(unsigned char)
 .text._ZN7TwoWire15endTransmissionEh
                0x00001f24       0x26 ./Wire.o
                0x00001f24                TwoWire::endTransmission(unsigned char)
 .text._ZN7TwoWire15endTransmissionEv
                0x00001f4a        0x8 ./Wire.o
                0x00001f4a                TwoWire::endTransmission()
 .text._ZN7TwoWire11requestFromEhhh
                0x00001f52       0x1a ./Wire.o
                0x00001f52                TwoWire::requestFrom(unsigned char, unsigned char, unsigned char)
 .text._ZN7TwoWire11requestFromEii
                0x00001f6c        0x8 ./Wire.o
                0x00001f6c                TwoWire::requestFrom(int, int)
 .text._ZN7TwoWire5beginEv
                0x00001f74       0x16 ./Wire.o
                0x00001f74                TwoWire::begin()
 .text._Z5init2v
                0x00001f8a       0x1e ./main.o
                0x00001f8a                init2()
 .text._Z13periodVerify0v
                0x00001fa8       0x8e ./main.o
                0x00001fa8                periodVerify0()
 .text.__vector_8
                0x00002036       0x14 ./main.o
                0x00002036                __vector_8
 .text.__vector_7
                0x0000204a       0x38 ./main.o
                0x0000204a                __vector_7
 .text._GLOBAL__I_monthName
                0x00002082       0x12 ./main.o
 .text._Z13motorDecisionv
                0x00002094      0x118 ./main.o
                0x00002094                motorDecision()
 .text._Z7init_RFv
                0x000021ac       0x26 ./main.o
                0x000021ac                init_RF()
 .text._Z10levelCheckv
                0x000021d2       0x38 ./main.o
                0x000021d2                levelCheck()
 .text._Z16refreshVariablesv
                0x0000220a       0x8c ./main.o
                0x0000220a                refreshVariables()
 .text.main     0x00002296      0x2ba ./main.o
                0x00002296                main
 .text.twi_readFrom
                0x00002550       0x92 ./twi.o
                0x00002550                twi_readFrom
 .text.twi_writeTo
                0x000025e2       0xaa ./twi.o
                0x000025e2                twi_writeTo
 .text.twi_transmit
                0x0000268c       0x36 ./twi.o
                0x0000268c                twi_transmit
 .text.__vector_24
                0x000026c2      0x322 ./twi.o
                0x000026c2                __vector_24
 .text.twi_init
                0x000029e4       0x3c ./twi.o
                0x000029e4                twi_init
 .text.__vector_18
                0x00002a20       0x76 C:\Users\thiago\Dropbox\Circuits\sourceCodes\arduino_core\328P_16MHz\libarduino_core.a(HardwareSerial.o)
                0x00002a20                __vector_18
 .text.__vector_19
                0x00002a96       0x76 C:\Users\thiago\Dropbox\Circuits\sourceCodes\arduino_core\328P_16MHz\libarduino_core.a(HardwareSerial.o)
                0x00002a96                __vector_19
 .text._ZN14HardwareSerial5beginEm
                0x00002b0c      0x10e C:\Users\thiago\Dropbox\Circuits\sourceCodes\arduino_core\328P_16MHz\libarduino_core.a(HardwareSerial.o)
                0x00002b0c                HardwareSerial::begin(unsigned long)
 .text._ZN14HardwareSerial9availableEv
                0x00002c1a       0x22 C:\Users\thiago\Dropbox\Circuits\sourceCodes\arduino_core\328P_16MHz\libarduino_core.a(HardwareSerial.o)
                0x00002c1a                HardwareSerial::available()
 .text._ZN14HardwareSerial4peekEv
                0x00002c3c       0x40 C:\Users\thiago\Dropbox\Circuits\sourceCodes\arduino_core\328P_16MHz\libarduino_core.a(HardwareSerial.o)
                0x00002c3c                HardwareSerial::peek()
 .text._ZN14HardwareSerial4readEv
                0x00002c7c       0x52 C:\Users\thiago\Dropbox\Circuits\sourceCodes\arduino_core\328P_16MHz\libarduino_core.a(HardwareSerial.o)
                0x00002c7c                HardwareSerial::read()
 .text._ZN14HardwareSerial5flushEv
                0x00002cce       0x20 C:\Users\thiago\Dropbox\Circuits\sourceCodes\arduino_core\328P_16MHz\libarduino_core.a(HardwareSerial.o)
                0x00002cce                HardwareSerial::flush()
 .text._ZN14HardwareSerial5writeEh
                0x00002cee       0x80 C:\Users\thiago\Dropbox\Circuits\sourceCodes\arduino_core\328P_16MHz\libarduino_core.a(HardwareSerial.o)
                0x00002cee                HardwareSerial::write(unsigned char)
 .text._GLOBAL__I_rx_buffer
                0x00002d6e       0xac C:\Users\thiago\Dropbox\Circuits\sourceCodes\arduino_core\328P_16MHz\libarduino_core.a(HardwareSerial.o)
 .text._ZN5Print5writeEPKhj
                0x00002e1a       0x54 C:\Users\thiago\Dropbox\Circuits\sourceCodes\arduino_core\328P_16MHz\libarduino_core.a(Print.o)
                0x00002e1a                Print::write(unsigned char const*, unsigned int)
 .text._ZN5Print7printlnEv
                0x00002e6e       0x40 C:\Users\thiago\Dropbox\Circuits\sourceCodes\arduino_core\328P_16MHz\libarduino_core.a(Print.o)
                0x00002e6e                Print::println()
 .text._ZN5Print5writeEPKc
                0x00002eae       0x38 C:\Users\thiago\Dropbox\Circuits\sourceCodes\arduino_core\328P_16MHz\libarduino_core.a(Print.o)
                0x00002eae                Print::write(char const*)
 .text._ZN5Print11printNumberEmh
                0x00002ee6       0xc8 C:\Users\thiago\Dropbox\Circuits\sourceCodes\arduino_core\328P_16MHz\libarduino_core.a(Print.o)
                0x00002ee6                Print::printNumber(unsigned long, unsigned char)
 .text._ZN5Print5printEmi
                0x00002fae       0x1e C:\Users\thiago\Dropbox\Circuits\sourceCodes\arduino_core\328P_16MHz\libarduino_core.a(Print.o)
                0x00002fae                Print::print(unsigned long, int)
 .text._ZN5Print7printlnEhi
                0x00002fcc       0x3c C:\Users\thiago\Dropbox\Circuits\sourceCodes\arduino_core\328P_16MHz\libarduino_core.a(Print.o)
                0x00002fcc                Print::println(unsigned char, int)
 .text._ZN5Print5printEPKc
                0x00003008        0x6 C:\Users\thiago\Dropbox\Circuits\sourceCodes\arduino_core\328P_16MHz\libarduino_core.a(Print.o)
                0x00003008                Print::print(char const*)
 .text.__vector_16
                0x0000300e       0x90 C:\Users\thiago\Dropbox\Circuits\sourceCodes\arduino_core\328P_16MHz\libarduino_core.a(wiring.o)
                0x0000300e                __vector_16
 .text.millis   0x0000309e       0x1c C:\Users\thiago\Dropbox\Circuits\sourceCodes\arduino_core\328P_16MHz\libarduino_core.a(wiring.o)
                0x0000309e                millis
 .text.micros   0x000030ba       0x4c C:\Users\thiago\Dropbox\Circuits\sourceCodes\arduino_core\328P_16MHz\libarduino_core.a(wiring.o)
                0x000030ba                micros
 .text.delay    0x00003106       0x4c C:\Users\thiago\Dropbox\Circuits\sourceCodes\arduino_core\328P_16MHz\libarduino_core.a(wiring.o)
                0x00003106                delay
 .text.delayMicroseconds
                0x00003152       0x14 C:\Users\thiago\Dropbox\Circuits\sourceCodes\arduino_core\328P_16MHz\libarduino_core.a(wiring.o)
                0x00003152                delayMicroseconds
 .text.init     0x00003166       0x76 C:\Users\thiago\Dropbox\Circuits\sourceCodes\arduino_core\328P_16MHz\libarduino_core.a(wiring.o)
                0x00003166                init
 .text.analogRead
                0x000031dc       0x44 C:\Users\thiago\Dropbox\Circuits\sourceCodes\arduino_core\328P_16MHz\libarduino_core.a(wiring_analog.o)
                0x000031dc                analogRead
 .text.pinMode  0x00003220       0x7e C:\Users\thiago\Dropbox\Circuits\sourceCodes\arduino_core\328P_16MHz\libarduino_core.a(wiring_digital.o)
                0x00003220                pinMode
 .text.turnOffPWM
                0x0000329e       0x5a C:\Users\thiago\Dropbox\Circuits\sourceCodes\arduino_core\328P_16MHz\libarduino_core.a(wiring_digital.o)
 .text.digitalWrite
                0x000032f8       0x66 C:\Users\thiago\Dropbox\Circuits\sourceCodes\arduino_core\328P_16MHz\libarduino_core.a(wiring_digital.o)
                0x000032f8                digitalWrite
 .text.digitalRead
                0x0000335e       0x60 C:\Users\thiago\Dropbox\Circuits\sourceCodes\arduino_core\328P_16MHz\libarduino_core.a(wiring_digital.o)
                0x0000335e                digitalRead
 .text.pulseIn  0x000033be      0x138 C:\Users\thiago\Dropbox\Circuits\sourceCodes\arduino_core\328P_16MHz\libarduino_core.a(wiring_pulse.o)
                0x000033be                pulseIn
 .text.libgcc   0x000034f6       0x3e c:/winavr-20100110/bin/../lib/gcc/avr/4.3.3/avr5\libgcc.a(_mulsi3.o)
                0x000034f6                __mulsi3
 .text.libgcc   0x00003534       0x18 c:/winavr-20100110/bin/../lib/gcc/avr/4.3.3/avr5\libgcc.a(_udivmodqi4.o)
                0x00003534                __udivmodqi4
 .text.libgcc   0x0000354c       0x44 c:/winavr-20100110/bin/../lib/gcc/avr/4.3.3/avr5\libgcc.a(_udivmodsi4.o)
                0x0000354c                __udivmodsi4
 .text.libgcc   0x00003590       0x36 c:/winavr-20100110/bin/../lib/gcc/avr/4.3.3/avr5\libgcc.a(_divmodsi4.o)
                0x00003590                __divmodsi4
 .text.libgcc   0x000035c6       0x38 c:/winavr-20100110/bin/../lib/gcc/avr/4.3.3/avr5\libgcc.a(_prologue.o)
                0x000035c6                __prologue_saves__
 .text.libgcc   0x000035fe       0x36 c:/winavr-20100110/bin/../lib/gcc/avr/4.3.3/avr5\libgcc.a(_epilogue.o)
                0x000035fe                __epilogue_restores__
 .text.libgcc   0x00003634        0xc c:/winavr-20100110/bin/../lib/gcc/avr/4.3.3/avr5\libgcc.a(_tablejump.o)
                0x00003638                __tablejump__
                0x00003634                __tablejump2__
 .text.avr-libc.fplib
                0x00003640       0x84 c:/winavr-20100110/bin/../lib/gcc/avr/4.3.3/../../../../avr/lib/avr5\libm.a(sqrt.o)
                0x00003648                sqrt
 .text.avr-libc.fplib
                0x000036c4       0x1c c:/winavr-20100110/bin/../lib/gcc/avr/4.3.3/../../../../avr/lib/avr5\libm.a(fp_mpack.o)
                0x000036c8                __fp_mpack_finite
                0x000036c4                __fp_mpack
 .text.avr-libc.fplib
                0x000036e0        0x6 c:/winavr-20100110/bin/../lib/gcc/avr/4.3.3/../../../../avr/lib/avr5\libm.a(fp_nan.o)
                0x000036e0                __fp_nan
 .text.avr-libc.fplib
                0x000036e6        0xe c:/winavr-20100110/bin/../lib/gcc/avr/4.3.3/../../../../avr/lib/avr5\libm.a(fp_norm2.o)
                0x000036e6                __fp_norm2
 .text.avr-libc.fplib
                0x000036f4       0x44 c:/winavr-20100110/bin/../lib/gcc/avr/4.3.3/../../../../avr/lib/avr5\libm.a(fp_split3.o)
                0x000036f4                __fp_split3
                0x00003704                __fp_splitA
 .text.avr-libc
                0x00003738       0x12 c:/winavr-20100110/bin/../lib/gcc/avr/4.3.3/../../../../avr/lib/avr5\libc.a(memcpy.o)
                0x00003738                memcpy
                0x0000374a                . = ALIGN (0x2)
 *(.fini9)
 .fini9         0x0000374a        0x0 c:/winavr-20100110/bin/../lib/gcc/avr/4.3.3/avr5\libgcc.a(_exit.o)
                0x0000374a                exit
                0x0000374a                _exit
 *(.fini9)
 *(.fini8)
 *(.fini8)
 *(.fini7)
 *(.fini7)
 *(.fini6)
 *(.fini6)
 *(.fini5)
 *(.fini5)
 *(.fini4)
 *(.fini4)
 *(.fini3)
 *(.fini3)
 *(.fini2)
 *(.fini2)
 *(.fini1)
 *(.fini1)
 *(.fini0)
 .fini0         0x0000374a        0x4 c:/winavr-20100110/bin/../lib/gcc/avr/4.3.3/avr5\libgcc.a(_exit.o)
 *(.fini0)
                0x0000374e                _etext = .

.data           0x00800100      0x1ea load address 0x0000374e
                0x00800100                PROVIDE (__data_start, .)
 *(.data)
 .data          0x00800100       0x57 ./main.o
 .data          0x00800157        0x8 c:/winavr-20100110/bin/../lib/gcc/avr/4.3.3/avr5\libgcc.a(_thenan_sf.o)
                0x00800157                __thenan_sf
 .data          0x0080015f      0x100 c:/winavr-20100110/bin/../lib/gcc/avr/4.3.3/avr5\libgcc.a(_clz.o)
                0x0080015f                __clz_tab
 *(.data*)
 .data._ZL9vw_rx_pin
                0x0080025f        0x1 ./VirtualWire.o
 .data._ZL9vw_tx_pin
                0x00800260        0x1 ./VirtualWire.o
 .data._ZL9vw_tx_buf
                0x00800261       0x44 ./VirtualWire.o
 .data._ZL10vw_ptt_pin
                0x008002a5        0x1 ./VirtualWire.o
 .data.buflen   0x008002a6        0x1 ./main.o
                0x008002a6                buflen
 .data.HourOn   0x008002a7        0x1 ./main.o
                0x008002a7                HourOn
 .data.MinOn    0x008002a8        0x1 ./main.o
                0x008002a8                MinOn
 .data.HourOff  0x008002a9        0x1 ./main.o
                0x008002a9                HourOff
 .data.MinOff   0x008002aa        0x1 ./main.o
                0x008002aa                MinOff
 .data.analog_reference
                0x008002ab        0x1 C:\Users\thiago\Dropbox\Circuits\sourceCodes\arduino_core\328P_16MHz\libarduino_core.a(wiring_analog.o)
                0x008002ab                analog_reference
 *(.rodata)
 *(.rodata*)
 .rodata._ZL7symbols
                0x008002ac       0x10 ./VirtualWire.o
 .rodata._ZZ11_timer_calcE4C.32
                0x008002bc        0xe ./VirtualWire.o
 .rodata._ZTV7TwoWire
                0x008002ca       0x10 ./Wire.o
                0x008002ca                vtable for TwoWire
 .rodata._ZTV14HardwareSerial
                0x008002da       0x10 C:\Users\thiago\Dropbox\Circuits\sourceCodes\arduino_core\328P_16MHz\libarduino_core.a(HardwareSerial.o)
                0x008002da                vtable for HardwareSerial
 *(.gnu.linkonce.d*)
                0x008002ea                . = ALIGN (0x2)
                0x008002ea                _edata = .
                0x008002ea                PROVIDE (__data_end, .)

.bss            0x008002ea      0x275
                0x008002ea                PROVIDE (__bss_start, .)
 *(.bss)
 *(.bss*)
 .bss._ZL13vw_rx_enabled
                0x008002ea        0x1 ./VirtualWire.o
 .bss._ZL13vw_tx_enabled
                0x008002eb        0x1 ./VirtualWire.o
 .bss._ZL12vw_rx_sample
                0x008002ec        0x1 ./VirtualWire.o
 .bss._ZL12vw_tx_sample
                0x008002ed        0x1 ./VirtualWire.o
 .bss._ZL11vw_tx_index
                0x008002ee        0x1 ./VirtualWire.o
 .bss._ZL9vw_tx_len
                0x008002ef        0x1 ./VirtualWire.o
 .bss._ZL15vw_tx_msg_count
                0x008002f0        0x2 ./VirtualWire.o
 .bss._ZL9vw_tx_bit
                0x008002f2        0x1 ./VirtualWire.o
 .bss._ZL10vw_rx_done
                0x008002f3        0x1 ./VirtualWire.o
 .bss._ZL9vw_rx_len
                0x008002f4        0x1 ./VirtualWire.o
 .bss._ZL9vw_rx_buf
                0x008002f5       0x1e ./VirtualWire.o
 .bss._ZL12vw_rx_active
                0x00800313        0x1 ./VirtualWire.o
 .bss._ZL15vw_ptt_inverted
                0x00800314        0x1 ./VirtualWire.o
 .bss._ZL16vw_rx_integrator
                0x00800315        0x1 ./VirtualWire.o
 .bss._ZL17vw_rx_last_sample
                0x00800316        0x1 ./VirtualWire.o
 .bss._ZL14vw_rx_pll_ramp
                0x00800317        0x1 ./VirtualWire.o
 .bss._ZL10vw_rx_bits
                0x00800318        0x2 ./VirtualWire.o
 .bss._ZL15vw_rx_bit_count
                0x0080031a        0x1 ./VirtualWire.o
 .bss._ZL11vw_rx_count
                0x0080031b        0x1 ./VirtualWire.o
 .bss._ZL9vw_rx_bad
                0x0080031c        0x1 ./VirtualWire.o
 .bss._ZL10vw_rx_good
                0x0080031d        0x1 ./VirtualWire.o
 .bss._ZN7TwoWire8rxBufferE
                0x0080031e       0x20 ./Wire.o
                0x0080031e                TwoWire::rxBuffer
 .bss._ZN7TwoWire13rxBufferIndexE
                0x0080033e        0x1 ./Wire.o
                0x0080033e                TwoWire::rxBufferIndex
 .bss._ZN7TwoWire14rxBufferLengthE
                0x0080033f        0x1 ./Wire.o
                0x0080033f                TwoWire::rxBufferLength
 .bss._ZN7TwoWire9txAddressE
                0x00800340        0x1 ./Wire.o
                0x00800340                TwoWire::txAddress
 .bss._ZN7TwoWire8txBufferE
                0x00800341       0x20 ./Wire.o
                0x00800341                TwoWire::txBuffer
 .bss._ZN7TwoWire13txBufferIndexE
                0x00800361        0x1 ./Wire.o
                0x00800361                TwoWire::txBufferIndex
 .bss._ZN7TwoWire14txBufferLengthE
                0x00800362        0x1 ./Wire.o
                0x00800362                TwoWire::txBufferLength
 .bss._ZN7TwoWire12transmittingE
                0x00800363        0x1 ./Wire.o
                0x00800363                TwoWire::transmitting
 .bss.Wire      0x00800364        0xc ./Wire.o
                0x00800364                Wire
 .bss.buf       0x00800370       0x1e ./main.o
                0x00800370                buf
 .bss.i         0x0080038e        0x1 ./main.o
                0x0080038e                i
 .bss.enableSend
                0x0080038f        0x1 ./main.o
                0x0080038f                enableSend
 .bss.pkt_Tx    0x00800390       0x10 ./main.o
                0x00800390                pkt_Tx
 .bss.pkt_Rx    0x008003a0       0x10 ./main.o
                0x008003a0                pkt_Rx
 .bss.flag01    0x008003b0        0x1 ./main.o
                0x008003b0                flag01
 .bss.flag02    0x008003b1        0x1 ./main.o
                0x008003b1                flag02
 .bss.flag03    0x008003b2        0x1 ./main.o
                0x008003b2                flag03
 .bss.flag04    0x008003b3        0x1 ./main.o
                0x008003b3                flag04
 .bss.flag05    0x008003b4        0x1 ./main.o
                0x008003b4                flag05
 .bss.motorStatus
                0x008003b5        0x1 ./main.o
                0x008003b5                motorStatus
 .bss.distance  0x008003b6        0x1 ./main.o
                0x008003b6                distance
 .bss.current   0x008003b7        0x1 ./main.o
                0x008003b7                current
 .bss.voltage   0x008003b8        0x1 ./main.o
                0x008003b8                voltage
 .bss.fp        0x008003b9        0x1 ./main.o
                0x008003b9                fp
 .bss.Vbat      0x008003ba        0x1 ./main.o
                0x008003ba                Vbat
 .bss.a         0x008003bb        0x1 ./main.o
                0x008003bb                a
 .bss.flagSummary
                0x008003bc        0x1 ./main.o
                0x008003bc                flagSummary
 .bss.enableProcess
                0x008003bd        0x2 ./main.o
                0x008003bd                enableProcess
 .bss.enableContSend
                0x008003bf        0x1 ./main.o
                0x008003bf                enableContSend
 .bss.enableAliveSignal
                0x008003c0        0x1 ./main.o
                0x008003c0                enableAliveSignal
 .bss.aliveCount
                0x008003c1        0x1 ./main.o
                0x008003c1                aliveCount
 .bss.opcode    0x008003c2        0x1 ./main.o
                0x008003c2                opcode
 .bss.Iconst    0x008003c3        0x4 ./main.o
                0x008003c3                Iconst
 .bss.periodo   0x008003c7        0x2 ./main.o
                0x008003c7                periodo
 .bss.ultrasonic
                0x008003c9       0x10 ./main.o
                0x008003c9                ultrasonic
 .bss.emon1     0x008003d9       0x5e ./main.o
                0x008003d9                emon1
 .bss.tm        0x00800437        0x7 ./main.o
                0x00800437                tm
 .bss.twi_state
                0x0080043e        0x1 ./twi.o
 .bss.twi_slarw
                0x0080043f        0x1 ./twi.o
 .bss.twi_sendStop
                0x00800440        0x1 ./twi.o
 .bss.twi_inRepStart
                0x00800441        0x1 ./twi.o
 .bss.twi_onSlaveTransmit
                0x00800442        0x2 ./twi.o
 .bss.twi_onSlaveReceive
                0x00800444        0x2 ./twi.o
 .bss.twi_masterBuffer
                0x00800446       0x20 ./twi.o
 .bss.twi_masterBufferIndex
                0x00800466        0x1 ./twi.o
 .bss.twi_masterBufferLength
                0x00800467        0x1 ./twi.o
 .bss.twi_txBuffer
                0x00800468       0x20 ./twi.o
 .bss.twi_txBufferIndex
                0x00800488        0x1 ./twi.o
 .bss.twi_txBufferLength
                0x00800489        0x1 ./twi.o
 .bss.twi_rxBuffer
                0x0080048a       0x20 ./twi.o
 .bss.twi_rxBufferIndex
                0x008004aa        0x1 ./twi.o
 .bss.twi_error
                0x008004ab        0x1 ./twi.o
 .bss.rx_buffer
                0x008004ac       0x44 C:\Users\thiago\Dropbox\Circuits\sourceCodes\arduino_core\328P_16MHz\libarduino_core.a(HardwareSerial.o)
                0x008004ac                rx_buffer
 .bss.tx_buffer
                0x008004f0       0x44 C:\Users\thiago\Dropbox\Circuits\sourceCodes\arduino_core\328P_16MHz\libarduino_core.a(HardwareSerial.o)
                0x008004f0                tx_buffer
 .bss.Serial    0x00800534       0x22 C:\Users\thiago\Dropbox\Circuits\sourceCodes\arduino_core\328P_16MHz\libarduino_core.a(HardwareSerial.o)
                0x00800534                Serial
 .bss.timer0_overflow_count
                0x00800556        0x4 C:\Users\thiago\Dropbox\Circuits\sourceCodes\arduino_core\328P_16MHz\libarduino_core.a(wiring.o)
                0x00800556                timer0_overflow_count
 .bss.timer0_millis
                0x0080055a        0x4 C:\Users\thiago\Dropbox\Circuits\sourceCodes\arduino_core\328P_16MHz\libarduino_core.a(wiring.o)
                0x0080055a                timer0_millis
 .bss.timer0_fract
                0x0080055e        0x1 C:\Users\thiago\Dropbox\Circuits\sourceCodes\arduino_core\328P_16MHz\libarduino_core.a(wiring.o)
 *(COMMON)
                0x0080055f                PROVIDE (__bss_end, .)
                0x0000374e                __data_load_start = LOADADDR (.data)
                0x00003938                __data_load_end = (__data_load_start + SIZEOF (.data))

.noinit         0x0080055f        0x0
                0x0080055f                PROVIDE (__noinit_start, .)
 *(.noinit*)
                0x0080055f                PROVIDE (__noinit_end, .)
                0x0080055f                _end = .
                0x0080055f                PROVIDE (__heap_start, .)

.eeprom         0x00810000        0x0
 *(.eeprom*)
                0x00810000                __eeprom_end = .

.fuse
 *(.fuse)
 *(.lfuse)
 *(.hfuse)
 *(.efuse)

.lock
 *(.lock*)

.signature
 *(.signature*)

.stab           0x00000000     0x82ec
 *(.stab)
 .stab          0x00000000      0x714 ./DS1307RTC.o
                                0x84c (size before relaxing)
 .stab          0x00000714      0x414 ./DateStrings.o
                                0x660 (size before relaxing)
 .stab          0x00000b28      0x924 ./EmonLib.o
                                0xb88 (size before relaxing)
 .stab          0x0000144c      0x48c ./LiquidCrystal.o
                               0x16c8 (size before relaxing)
 .stab          0x000018d8      0x510 ./Time.o
                                0xffc (size before relaxing)
 .stab          0x00001de8      0x5dc ./Ultrasonic.o
                                0x708 (size before relaxing)
 .stab          0x000023c4      0xe88 ./VirtualWire.o
                               0x1080 (size before relaxing)
 .stab          0x0000324c      0x924 ./Wire.o
                                0xdbc (size before relaxing)
 .stab          0x00003b70      0xdec ./main.o
                               0x13e0 (size before relaxing)
 .stab          0x0000495c      0xb58 ./twi.o
                                0xce4 (size before relaxing)
 .stab          0x000054b4      0xa20 C:\Users\thiago\Dropbox\Circuits\sourceCodes\arduino_core\328P_16MHz\libarduino_core.a(HardwareSerial.o)
                                0xf84 (size before relaxing)
 .stab          0x00005ed4      0x72c C:\Users\thiago\Dropbox\Circuits\sourceCodes\arduino_core\328P_16MHz\libarduino_core.a(Print.o)
                               0x1020 (size before relaxing)
 .stab          0x00006600      0x3fc C:\Users\thiago\Dropbox\Circuits\sourceCodes\arduino_core\328P_16MHz\libarduino_core.a(WString.o)
                               0x2214 (size before relaxing)
 .stab          0x000069fc      0x1c8 C:\Users\thiago\Dropbox\Circuits\sourceCodes\arduino_core\328P_16MHz\libarduino_core.a(new.o)
                                0x378 (size before relaxing)
 .stab          0x00006bc4      0x6e4 C:\Users\thiago\Dropbox\Circuits\sourceCodes\arduino_core\328P_16MHz\libarduino_core.a(wiring.o)
                                0x954 (size before relaxing)
 .stab          0x000072a8      0x210 C:\Users\thiago\Dropbox\Circuits\sourceCodes\arduino_core\328P_16MHz\libarduino_core.a(wiring_analog.o)
                                0x78c (size before relaxing)
 .stab          0x000074b8      0x7c8 C:\Users\thiago\Dropbox\Circuits\sourceCodes\arduino_core\328P_16MHz\libarduino_core.a(wiring_digital.o)
                                0xaf8 (size before relaxing)
 .stab          0x00007c80      0x414 C:\Users\thiago\Dropbox\Circuits\sourceCodes\arduino_core\328P_16MHz\libarduino_core.a(wiring_pulse.o)
                                0x744 (size before relaxing)
 .stab          0x00008094      0x138 C:\Users\thiago\Dropbox\Circuits\sourceCodes\arduino_core\328P_16MHz\libarduino_core.a(malloc.o)
                                0x714 (size before relaxing)
 .stab          0x000081cc      0x120 C:\Users\thiago\Dropbox\Circuits\sourceCodes\arduino_core\328P_16MHz\libarduino_core.a(realloc.o)
                                0x5ac (size before relaxing)

.stabstr        0x00000000     0x7f1a
 *(.stabstr)
 .stabstr       0x00000000     0x7f1a ./DS1307RTC.o

.stab.excl
 *(.stab.excl)

.stab.exclstr
 *(.stab.exclstr)

.stab.index
 *(.stab.index)

.stab.indexstr
 *(.stab.indexstr)

.comment
 *(.comment)

.debug
 *(.debug)

.line
 *(.line)

.debug_srcinfo
 *(.debug_srcinfo)

.debug_sfnames
 *(.debug_sfnames)

.debug_aranges  0x00000000      0x200
 *(.debug_aranges)
 .debug_aranges
                0x00000000       0x20 c:/winavr-20100110/bin/../lib/gcc/avr/4.3.3/avr5\libgcc.a(_fixunssfsi.o)
 .debug_aranges
                0x00000020       0x20 c:/winavr-20100110/bin/../lib/gcc/avr/4.3.3/avr5\libgcc.a(_addsub_sf.o)
 .debug_aranges
                0x00000040       0x20 c:/winavr-20100110/bin/../lib/gcc/avr/4.3.3/avr5\libgcc.a(_mul_sf.o)
 .debug_aranges
                0x00000060       0x20 c:/winavr-20100110/bin/../lib/gcc/avr/4.3.3/avr5\libgcc.a(_div_sf.o)
 .debug_aranges
                0x00000080       0x20 c:/winavr-20100110/bin/../lib/gcc/avr/4.3.3/avr5\libgcc.a(_gt_sf.o)
 .debug_aranges
                0x000000a0       0x20 c:/winavr-20100110/bin/../lib/gcc/avr/4.3.3/avr5\libgcc.a(_ge_sf.o)
 .debug_aranges
                0x000000c0       0x20 c:/winavr-20100110/bin/../lib/gcc/avr/4.3.3/avr5\libgcc.a(_lt_sf.o)
 .debug_aranges
                0x000000e0       0x20 c:/winavr-20100110/bin/../lib/gcc/avr/4.3.3/avr5\libgcc.a(_le_sf.o)
 .debug_aranges
                0x00000100       0x20 c:/winavr-20100110/bin/../lib/gcc/avr/4.3.3/avr5\libgcc.a(_unord_sf.o)
 .debug_aranges
                0x00000120       0x20 c:/winavr-20100110/bin/../lib/gcc/avr/4.3.3/avr5\libgcc.a(_si_to_sf.o)
 .debug_aranges
                0x00000140       0x20 c:/winavr-20100110/bin/../lib/gcc/avr/4.3.3/avr5\libgcc.a(_sf_to_si.o)
 .debug_aranges
                0x00000160       0x20 c:/winavr-20100110/bin/../lib/gcc/avr/4.3.3/avr5\libgcc.a(_usi_to_sf.o)
 .debug_aranges
                0x00000180       0x20 c:/winavr-20100110/bin/../lib/gcc/avr/4.3.3/avr5\libgcc.a(_clzsi2.o)
 .debug_aranges
                0x000001a0       0x20 c:/winavr-20100110/bin/../lib/gcc/avr/4.3.3/avr5\libgcc.a(_pack_sf.o)
 .debug_aranges
                0x000001c0       0x20 c:/winavr-20100110/bin/../lib/gcc/avr/4.3.3/avr5\libgcc.a(_unpack_sf.o)
 .debug_aranges
                0x000001e0       0x20 c:/winavr-20100110/bin/../lib/gcc/avr/4.3.3/avr5\libgcc.a(_fpcmp_parts_sf.o)

.debug_pubnames
                0x00000000      0x253
 *(.debug_pubnames)
 .debug_pubnames
                0x00000000       0x23 c:/winavr-20100110/bin/../lib/gcc/avr/4.3.3/avr5\libgcc.a(_fixunssfsi.o)
 .debug_pubnames
                0x00000023       0x2c c:/winavr-20100110/bin/../lib/gcc/avr/4.3.3/avr5\libgcc.a(_addsub_sf.o)
 .debug_pubnames
                0x0000004f       0x1f c:/winavr-20100110/bin/../lib/gcc/avr/4.3.3/avr5\libgcc.a(_mul_sf.o)
 .debug_pubnames
                0x0000006e       0x1f c:/winavr-20100110/bin/../lib/gcc/avr/4.3.3/avr5\libgcc.a(_div_sf.o)
 .debug_pubnames
                0x0000008d       0x1e c:/winavr-20100110/bin/../lib/gcc/avr/4.3.3/avr5\libgcc.a(_gt_sf.o)
 .debug_pubnames
                0x000000ab       0x1e c:/winavr-20100110/bin/../lib/gcc/avr/4.3.3/avr5\libgcc.a(_ge_sf.o)
 .debug_pubnames
                0x000000c9       0x1e c:/winavr-20100110/bin/../lib/gcc/avr/4.3.3/avr5\libgcc.a(_lt_sf.o)
 .debug_pubnames
                0x000000e7       0x1e c:/winavr-20100110/bin/../lib/gcc/avr/4.3.3/avr5\libgcc.a(_le_sf.o)
 .debug_pubnames
                0x00000105       0x21 c:/winavr-20100110/bin/../lib/gcc/avr/4.3.3/avr5\libgcc.a(_unord_sf.o)
 .debug_pubnames
                0x00000126       0x22 c:/winavr-20100110/bin/../lib/gcc/avr/4.3.3/avr5\libgcc.a(_si_to_sf.o)
 .debug_pubnames
                0x00000148       0x20 c:/winavr-20100110/bin/../lib/gcc/avr/4.3.3/avr5\libgcc.a(_sf_to_si.o)
 .debug_pubnames
                0x00000168       0x22 c:/winavr-20100110/bin/../lib/gcc/avr/4.3.3/avr5\libgcc.a(_thenan_sf.o)
 .debug_pubnames
                0x0000018a       0x24 c:/winavr-20100110/bin/../lib/gcc/avr/4.3.3/avr5\libgcc.a(_usi_to_sf.o)
 .debug_pubnames
                0x000001ae       0x1f c:/winavr-20100110/bin/../lib/gcc/avr/4.3.3/avr5\libgcc.a(_clzsi2.o)
 .debug_pubnames
                0x000001cd       0x1f c:/winavr-20100110/bin/../lib/gcc/avr/4.3.3/avr5\libgcc.a(_pack_sf.o)
 .debug_pubnames
                0x000001ec       0x21 c:/winavr-20100110/bin/../lib/gcc/avr/4.3.3/avr5\libgcc.a(_unpack_sf.o)
 .debug_pubnames
                0x0000020d       0x26 c:/winavr-20100110/bin/../lib/gcc/avr/4.3.3/avr5\libgcc.a(_fpcmp_parts_sf.o)
 .debug_pubnames
                0x00000233       0x20 c:/winavr-20100110/bin/../lib/gcc/avr/4.3.3/avr5\libgcc.a(_clz.o)

.debug_info     0x00000000     0x2b10
 *(.debug_info)
 .debug_info    0x00000000       0xb1 c:/winavr-20100110/bin/../lib/gcc/avr/4.3.3/avr5\libgcc.a(_fixunssfsi.o)
 .debug_info    0x000000b1      0x47a c:/winavr-20100110/bin/../lib/gcc/avr/4.3.3/avr5\libgcc.a(_addsub_sf.o)
 .debug_info    0x0000052b      0x485 c:/winavr-20100110/bin/../lib/gcc/avr/4.3.3/avr5\libgcc.a(_mul_sf.o)
 .debug_info    0x000009b0      0x3fc c:/winavr-20100110/bin/../lib/gcc/avr/4.3.3/avr5\libgcc.a(_div_sf.o)
 .debug_info    0x00000dac      0x27f c:/winavr-20100110/bin/../lib/gcc/avr/4.3.3/avr5\libgcc.a(_gt_sf.o)
 .debug_info    0x0000102b      0x27f c:/winavr-20100110/bin/../lib/gcc/avr/4.3.3/avr5\libgcc.a(_ge_sf.o)
 .debug_info    0x000012aa      0x27f c:/winavr-20100110/bin/../lib/gcc/avr/4.3.3/avr5\libgcc.a(_lt_sf.o)
 .debug_info    0x00001529      0x27f c:/winavr-20100110/bin/../lib/gcc/avr/4.3.3/avr5\libgcc.a(_le_sf.o)
 .debug_info    0x000017a8      0x27f c:/winavr-20100110/bin/../lib/gcc/avr/4.3.3/avr5\libgcc.a(_unord_sf.o)
 .debug_info    0x00001a27      0x207 c:/winavr-20100110/bin/../lib/gcc/avr/4.3.3/avr5\libgcc.a(_si_to_sf.o)
 .debug_info    0x00001c2e      0x2b0 c:/winavr-20100110/bin/../lib/gcc/avr/4.3.3/avr5\libgcc.a(_sf_to_si.o)
 .debug_info    0x00001ede      0x12c c:/winavr-20100110/bin/../lib/gcc/avr/4.3.3/avr5\libgcc.a(_thenan_sf.o)
 .debug_info    0x0000200a      0x206 c:/winavr-20100110/bin/../lib/gcc/avr/4.3.3/avr5\libgcc.a(_usi_to_sf.o)
 .debug_info    0x00002210      0x117 c:/winavr-20100110/bin/../lib/gcc/avr/4.3.3/avr5\libgcc.a(_clzsi2.o)
 .debug_info    0x00002327      0x2df c:/winavr-20100110/bin/../lib/gcc/avr/4.3.3/avr5\libgcc.a(_pack_sf.o)
 .debug_info    0x00002606      0x251 c:/winavr-20100110/bin/../lib/gcc/avr/4.3.3/avr5\libgcc.a(_unpack_sf.o)
 .debug_info    0x00002857      0x210 c:/winavr-20100110/bin/../lib/gcc/avr/4.3.3/avr5\libgcc.a(_fpcmp_parts_sf.o)
 .debug_info    0x00002a67       0xa9 c:/winavr-20100110/bin/../lib/gcc/avr/4.3.3/avr5\libgcc.a(_clz.o)
 *(.gnu.linkonce.wi.*)

.debug_abbrev   0x00000000     0x1782
 *(.debug_abbrev)
 .debug_abbrev  0x00000000       0x5d c:/winavr-20100110/bin/../lib/gcc/avr/4.3.3/avr5\libgcc.a(_fixunssfsi.o)
 .debug_abbrev  0x0000005d      0x1ea c:/winavr-20100110/bin/../lib/gcc/avr/4.3.3/avr5\libgcc.a(_addsub_sf.o)
 .debug_abbrev  0x00000247      0x21b c:/winavr-20100110/bin/../lib/gcc/avr/4.3.3/avr5\libgcc.a(_mul_sf.o)
 .debug_abbrev  0x00000462      0x216 c:/winavr-20100110/bin/../lib/gcc/avr/4.3.3/avr5\libgcc.a(_div_sf.o)
 .debug_abbrev  0x00000678      0x15a c:/winavr-20100110/bin/../lib/gcc/avr/4.3.3/avr5\libgcc.a(_gt_sf.o)
 .debug_abbrev  0x000007d2      0x15a c:/winavr-20100110/bin/../lib/gcc/avr/4.3.3/avr5\libgcc.a(_ge_sf.o)
 .debug_abbrev  0x0000092c      0x15a c:/winavr-20100110/bin/../lib/gcc/avr/4.3.3/avr5\libgcc.a(_lt_sf.o)
 .debug_abbrev  0x00000a86      0x15a c:/winavr-20100110/bin/../lib/gcc/avr/4.3.3/avr5\libgcc.a(_le_sf.o)
 .debug_abbrev  0x00000be0      0x15a c:/winavr-20100110/bin/../lib/gcc/avr/4.3.3/avr5\libgcc.a(_unord_sf.o)
 .debug_abbrev  0x00000d3a      0x148 c:/winavr-20100110/bin/../lib/gcc/avr/4.3.3/avr5\libgcc.a(_si_to_sf.o)
 .debug_abbrev  0x00000e82      0x17f c:/winavr-20100110/bin/../lib/gcc/avr/4.3.3/avr5\libgcc.a(_sf_to_si.o)
 .debug_abbrev  0x00001001       0xad c:/winavr-20100110/bin/../lib/gcc/avr/4.3.3/avr5\libgcc.a(_thenan_sf.o)
 .debug_abbrev  0x000010ae      0x157 c:/winavr-20100110/bin/../lib/gcc/avr/4.3.3/avr5\libgcc.a(_usi_to_sf.o)
 .debug_abbrev  0x00001205       0xc4 c:/winavr-20100110/bin/../lib/gcc/avr/4.3.3/avr5\libgcc.a(_clzsi2.o)
 .debug_abbrev  0x000012c9      0x1c0 c:/winavr-20100110/bin/../lib/gcc/avr/4.3.3/avr5\libgcc.a(_pack_sf.o)
 .debug_abbrev  0x00001489      0x154 c:/winavr-20100110/bin/../lib/gcc/avr/4.3.3/avr5\libgcc.a(_unpack_sf.o)
 .debug_abbrev  0x000015dd      0x13b c:/winavr-20100110/bin/../lib/gcc/avr/4.3.3/avr5\libgcc.a(_fpcmp_parts_sf.o)
 .debug_abbrev  0x00001718       0x6a c:/winavr-20100110/bin/../lib/gcc/avr/4.3.3/avr5\libgcc.a(_clz.o)

.debug_line     0x00000000     0x14a9
 *(.debug_line)
 .debug_line    0x00000000       0xa7 c:/winavr-20100110/bin/../lib/gcc/avr/4.3.3/avr5\libgcc.a(_fixunssfsi.o)
 .debug_line    0x000000a7      0x2af c:/winavr-20100110/bin/../lib/gcc/avr/4.3.3/avr5\libgcc.a(_addsub_sf.o)
 .debug_line    0x00000356      0x239 c:/winavr-20100110/bin/../lib/gcc/avr/4.3.3/avr5\libgcc.a(_mul_sf.o)
 .debug_line    0x0000058f      0x1d5 c:/winavr-20100110/bin/../lib/gcc/avr/4.3.3/avr5\libgcc.a(_div_sf.o)
 .debug_line    0x00000764       0xd3 c:/winavr-20100110/bin/../lib/gcc/avr/4.3.3/avr5\libgcc.a(_gt_sf.o)
 .debug_line    0x00000837       0xd3 c:/winavr-20100110/bin/../lib/gcc/avr/4.3.3/avr5\libgcc.a(_ge_sf.o)
 .debug_line    0x0000090a       0xd3 c:/winavr-20100110/bin/../lib/gcc/avr/4.3.3/avr5\libgcc.a(_lt_sf.o)
 .debug_line    0x000009dd       0xd3 c:/winavr-20100110/bin/../lib/gcc/avr/4.3.3/avr5\libgcc.a(_le_sf.o)
 .debug_line    0x00000ab0       0xcb c:/winavr-20100110/bin/../lib/gcc/avr/4.3.3/avr5\libgcc.a(_unord_sf.o)
 .debug_line    0x00000b7b      0x135 c:/winavr-20100110/bin/../lib/gcc/avr/4.3.3/avr5\libgcc.a(_si_to_sf.o)
 .debug_line    0x00000cb0      0x109 c:/winavr-20100110/bin/../lib/gcc/avr/4.3.3/avr5\libgcc.a(_sf_to_si.o)
 .debug_line    0x00000db9       0x90 c:/winavr-20100110/bin/../lib/gcc/avr/4.3.3/avr5\libgcc.a(_thenan_sf.o)
 .debug_line    0x00000e49      0x133 c:/winavr-20100110/bin/../lib/gcc/avr/4.3.3/avr5\libgcc.a(_usi_to_sf.o)
 .debug_line    0x00000f7c       0xa5 c:/winavr-20100110/bin/../lib/gcc/avr/4.3.3/avr5\libgcc.a(_clzsi2.o)
 .debug_line    0x00001021      0x18a c:/winavr-20100110/bin/../lib/gcc/avr/4.3.3/avr5\libgcc.a(_pack_sf.o)
 .debug_line    0x000011ab      0x14b c:/winavr-20100110/bin/../lib/gcc/avr/4.3.3/avr5\libgcc.a(_unpack_sf.o)
 .debug_line    0x000012f6      0x137 c:/winavr-20100110/bin/../lib/gcc/avr/4.3.3/avr5\libgcc.a(_fpcmp_parts_sf.o)
 .debug_line    0x0000142d       0x7c c:/winavr-20100110/bin/../lib/gcc/avr/4.3.3/avr5\libgcc.a(_clz.o)

.debug_frame    0x00000000      0x220
 *(.debug_frame)
 .debug_frame   0x00000000       0x20 c:/winavr-20100110/bin/../lib/gcc/avr/4.3.3/avr5\libgcc.a(_fixunssfsi.o)
 .debug_frame   0x00000020       0x40 c:/winavr-20100110/bin/../lib/gcc/avr/4.3.3/avr5\libgcc.a(_addsub_sf.o)
 .debug_frame   0x00000060       0x20 c:/winavr-20100110/bin/../lib/gcc/avr/4.3.3/avr5\libgcc.a(_mul_sf.o)
 .debug_frame   0x00000080       0x20 c:/winavr-20100110/bin/../lib/gcc/avr/4.3.3/avr5\libgcc.a(_div_sf.o)
 .debug_frame   0x000000a0       0x20 c:/winavr-20100110/bin/../lib/gcc/avr/4.3.3/avr5\libgcc.a(_gt_sf.o)
 .debug_frame   0x000000c0       0x20 c:/winavr-20100110/bin/../lib/gcc/avr/4.3.3/avr5\libgcc.a(_ge_sf.o)
 .debug_frame   0x000000e0       0x20 c:/winavr-20100110/bin/../lib/gcc/avr/4.3.3/avr5\libgcc.a(_lt_sf.o)
 .debug_frame   0x00000100       0x20 c:/winavr-20100110/bin/../lib/gcc/avr/4.3.3/avr5\libgcc.a(_le_sf.o)
 .debug_frame   0x00000120       0x20 c:/winavr-20100110/bin/../lib/gcc/avr/4.3.3/avr5\libgcc.a(_unord_sf.o)
 .debug_frame   0x00000140       0x20 c:/winavr-20100110/bin/../lib/gcc/avr/4.3.3/avr5\libgcc.a(_si_to_sf.o)
 .debug_frame   0x00000160       0x20 c:/winavr-20100110/bin/../lib/gcc/avr/4.3.3/avr5\libgcc.a(_sf_to_si.o)
 .debug_frame   0x00000180       0x20 c:/winavr-20100110/bin/../lib/gcc/avr/4.3.3/avr5\libgcc.a(_usi_to_sf.o)
 .debug_frame   0x000001a0       0x20 c:/winavr-20100110/bin/../lib/gcc/avr/4.3.3/avr5\libgcc.a(_clzsi2.o)
 .debug_frame   0x000001c0       0x20 c:/winavr-20100110/bin/../lib/gcc/avr/4.3.3/avr5\libgcc.a(_pack_sf.o)
 .debug_frame   0x000001e0       0x20 c:/winavr-20100110/bin/../lib/gcc/avr/4.3.3/avr5\libgcc.a(_unpack_sf.o)
 .debug_frame   0x00000200       0x20 c:/winavr-20100110/bin/../lib/gcc/avr/4.3.3/avr5\libgcc.a(_fpcmp_parts_sf.o)

.debug_str      0x00000000      0x31a
 *(.debug_str)
 .debug_str     0x00000000       0xbf c:/winavr-20100110/bin/../lib/gcc/avr/4.3.3/avr5\libgcc.a(_fixunssfsi.o)
                                 0xfe (size before relaxing)
 .debug_str     0x000000bf      0x14d c:/winavr-20100110/bin/../lib/gcc/avr/4.3.3/avr5\libgcc.a(_addsub_sf.o)
                                0x206 (size before relaxing)
 .debug_str     0x0000020c       0x27 c:/winavr-20100110/bin/../lib/gcc/avr/4.3.3/avr5\libgcc.a(_mul_sf.o)
                                0x1bf (size before relaxing)
 .debug_str     0x00000233       0x35 c:/winavr-20100110/bin/../lib/gcc/avr/4.3.3/avr5\libgcc.a(_div_sf.o)
                                0x1c8 (size before relaxing)
 .debug_str     0x00000268        0x8 c:/winavr-20100110/bin/../lib/gcc/avr/4.3.3/avr5\libgcc.a(_gt_sf.o)
                                0x195 (size before relaxing)
 .debug_str     0x00000270        0x8 c:/winavr-20100110/bin/../lib/gcc/avr/4.3.3/avr5\libgcc.a(_ge_sf.o)
                                0x195 (size before relaxing)
 .debug_str     0x00000278        0x8 c:/winavr-20100110/bin/../lib/gcc/avr/4.3.3/avr5\libgcc.a(_lt_sf.o)
                                0x195 (size before relaxing)
 .debug_str     0x00000280        0x8 c:/winavr-20100110/bin/../lib/gcc/avr/4.3.3/avr5\libgcc.a(_le_sf.o)
                                0x195 (size before relaxing)
 .debug_str     0x00000288        0xb c:/winavr-20100110/bin/../lib/gcc/avr/4.3.3/avr5\libgcc.a(_unord_sf.o)
                                0x198 (size before relaxing)
 .debug_str     0x00000293       0x1e c:/winavr-20100110/bin/../lib/gcc/avr/4.3.3/avr5\libgcc.a(_si_to_sf.o)
                                0x17b (size before relaxing)
 .debug_str     0x000002b1        0xa c:/winavr-20100110/bin/../lib/gcc/avr/4.3.3/avr5\libgcc.a(_sf_to_si.o)
                                0x19e (size before relaxing)
 .debug_str     0x00000000      0x103 c:/winavr-20100110/bin/../lib/gcc/avr/4.3.3/avr5\libgcc.a(_thenan_sf.o)
 .debug_str     0x000002bb       0x14 c:/winavr-20100110/bin/../lib/gcc/avr/4.3.3/avr5\libgcc.a(_usi_to_sf.o)
                                0x177 (size before relaxing)
 .debug_str     0x000002cf       0x20 c:/winavr-20100110/bin/../lib/gcc/avr/4.3.3/avr5\libgcc.a(_clzsi2.o)
                                0x111 (size before relaxing)
 .debug_str     0x000002ef       0x10 c:/winavr-20100110/bin/../lib/gcc/avr/4.3.3/avr5\libgcc.a(_pack_sf.o)
                                0x19d (size before relaxing)
 .debug_str     0x000002ff        0xb c:/winavr-20100110/bin/../lib/gcc/avr/4.3.3/avr5\libgcc.a(_unpack_sf.o)
                                0x17f (size before relaxing)
 .debug_str     0x0000030a       0x10 c:/winavr-20100110/bin/../lib/gcc/avr/4.3.3/avr5\libgcc.a(_fpcmp_parts_sf.o)
                                0x163 (size before relaxing)
 .debug_str     0x00000000       0xf4 c:/winavr-20100110/bin/../lib/gcc/avr/4.3.3/avr5\libgcc.a(_clz.o)

.debug_loc      0x00000000      0xa92
 *(.debug_loc)
 .debug_loc     0x00000000       0x34 c:/winavr-20100110/bin/../lib/gcc/avr/4.3.3/avr5\libgcc.a(_fixunssfsi.o)
 .debug_loc     0x00000034      0x32a c:/winavr-20100110/bin/../lib/gcc/avr/4.3.3/avr5\libgcc.a(_addsub_sf.o)
 .debug_loc     0x0000035e      0x104 c:/winavr-20100110/bin/../lib/gcc/avr/4.3.3/avr5\libgcc.a(_mul_sf.o)
 .debug_loc     0x00000462       0xc0 c:/winavr-20100110/bin/../lib/gcc/avr/4.3.3/avr5\libgcc.a(_div_sf.o)
 .debug_loc     0x00000522       0x3c c:/winavr-20100110/bin/../lib/gcc/avr/4.3.3/avr5\libgcc.a(_gt_sf.o)
 .debug_loc     0x0000055e       0x3c c:/winavr-20100110/bin/../lib/gcc/avr/4.3.3/avr5\libgcc.a(_ge_sf.o)
 .debug_loc     0x0000059a       0x3c c:/winavr-20100110/bin/../lib/gcc/avr/4.3.3/avr5\libgcc.a(_lt_sf.o)
 .debug_loc     0x000005d6       0x3c c:/winavr-20100110/bin/../lib/gcc/avr/4.3.3/avr5\libgcc.a(_le_sf.o)
 .debug_loc     0x00000612       0x3c c:/winavr-20100110/bin/../lib/gcc/avr/4.3.3/avr5\libgcc.a(_unord_sf.o)
 .debug_loc     0x0000064e       0xac c:/winavr-20100110/bin/../lib/gcc/avr/4.3.3/avr5\libgcc.a(_si_to_sf.o)
 .debug_loc     0x000006fa       0x7e c:/winavr-20100110/bin/../lib/gcc/avr/4.3.3/avr5\libgcc.a(_sf_to_si.o)
 .debug_loc     0x00000778       0x4c c:/winavr-20100110/bin/../lib/gcc/avr/4.3.3/avr5\libgcc.a(_usi_to_sf.o)
 .debug_loc     0x000007c4       0x94 c:/winavr-20100110/bin/../lib/gcc/avr/4.3.3/avr5\libgcc.a(_clzsi2.o)
 .debug_loc     0x00000858      0x13e c:/winavr-20100110/bin/../lib/gcc/avr/4.3.3/avr5\libgcc.a(_pack_sf.o)
 .debug_loc     0x00000996       0xac c:/winavr-20100110/bin/../lib/gcc/avr/4.3.3/avr5\libgcc.a(_unpack_sf.o)
 .debug_loc     0x00000a42       0x50 c:/winavr-20100110/bin/../lib/gcc/avr/4.3.3/avr5\libgcc.a(_fpcmp_parts_sf.o)

.debug_macinfo
 *(.debug_macinfo)
OUTPUT(Agro_Acciona.elf elf32-avr)
LOAD linker stubs

.debug_ranges   0x00000000       0x50
 .debug_ranges  0x00000000       0x50 c:/winavr-20100110/bin/../lib/gcc/avr/4.3.3/avr5\libgcc.a(_mul_sf.o)

Cross Reference Table

Symbol                                            File
DS1307RTC::DS1307RTC()                            ./DS1307RTC.o
DS1307RTC::DS1307RTC()                            ./DS1307RTC.o
DS1307RTC::bcd2dec(unsigned char)                 ./DS1307RTC.o
DS1307RTC::dec2bcd(unsigned char)                 ./DS1307RTC.o
DS1307RTC::get()                                  ./DS1307RTC.o
DS1307RTC::read(tmElements_t&)                    ./DS1307RTC.o
                                                  ./main.o
DS1307RTC::set(unsigned long)                     ./DS1307RTC.o
DS1307RTC::write(tmElements_t&)                   ./DS1307RTC.o
                                                  ./main.o
EnergyMonitor::calcIrms(int)                      ./EmonLib.o
EnergyMonitor::calcVI(int, int)                   ./EmonLib.o
                                                  ./main.o
EnergyMonitor::current(int, double)               ./EmonLib.o
                                                  ./main.o
EnergyMonitor::currentTX(int, double)             ./EmonLib.o
EnergyMonitor::readVcc()                          ./EmonLib.o
EnergyMonitor::serialprint()                      ./EmonLib.o
EnergyMonitor::voltage(int, double, double)       ./EmonLib.o
                                                  ./main.o
EnergyMonitor::voltageTX(double, double)          ./EmonLib.o
HardwareSerial::HardwareSerial(ring_buffer*, ring_buffer*, unsigned char volatile*, unsigned char volatile*, unsigned char volatile*, unsigned char volatile*, unsigned char volatile*, unsigned char volatile*, unsigned char, unsigned char, unsigned char, unsigned char, unsigned char) C:\Users\thiago\Dropbox\Circuits\sourceCodes\arduino_core\328P_16MHz\libarduino_core.a(HardwareSerial.o)
HardwareSerial::HardwareSerial(ring_buffer*, ring_buffer*, unsigned char volatile*, unsigned char volatile*, unsigned char volatile*, unsigned char volatile*, unsigned char volatile*, unsigned char volatile*, unsigned char, unsigned char, unsigned char, unsigned char, unsigned char) C:\Users\thiago\Dropbox\Circuits\sourceCodes\arduino_core\328P_16MHz\libarduino_core.a(HardwareSerial.o)
HardwareSerial::available()                       C:\Users\thiago\Dropbox\Circuits\sourceCodes\arduino_core\328P_16MHz\libarduino_core.a(HardwareSerial.o)
HardwareSerial::begin(unsigned long)              C:\Users\thiago\Dropbox\Circuits\sourceCodes\arduino_core\328P_16MHz\libarduino_core.a(HardwareSerial.o)
                                                  ./main.o
HardwareSerial::begin(unsigned long, unsigned char) C:\Users\thiago\Dropbox\Circuits\sourceCodes\arduino_core\328P_16MHz\libarduino_core.a(HardwareSerial.o)
HardwareSerial::end()                             C:\Users\thiago\Dropbox\Circuits\sourceCodes\arduino_core\328P_16MHz\libarduino_core.a(HardwareSerial.o)
HardwareSerial::flush()                           C:\Users\thiago\Dropbox\Circuits\sourceCodes\arduino_core\328P_16MHz\libarduino_core.a(HardwareSerial.o)
HardwareSerial::operator bool()                   C:\Users\thiago\Dropbox\Circuits\sourceCodes\arduino_core\328P_16MHz\libarduino_core.a(HardwareSerial.o)
HardwareSerial::peek()                            C:\Users\thiago\Dropbox\Circuits\sourceCodes\arduino_core\328P_16MHz\libarduino_core.a(HardwareSerial.o)
HardwareSerial::read()                            C:\Users\thiago\Dropbox\Circuits\sourceCodes\arduino_core\328P_16MHz\libarduino_core.a(HardwareSerial.o)
HardwareSerial::write(unsigned char)              C:\Users\thiago\Dropbox\Circuits\sourceCodes\arduino_core\328P_16MHz\libarduino_core.a(HardwareSerial.o)
                                                  ./main.o
HourOff                                           ./main.o
HourOn                                            ./main.o
Iconst                                            ./main.o
LiquidCrystal::LiquidCrystal(unsigned char, unsigned char, unsigned char, unsigned char, unsigned char, unsigned char) ./LiquidCrystal.o
LiquidCrystal::LiquidCrystal(unsigned char, unsigned char, unsigned char, unsigned char, unsigned char, unsigned char) ./LiquidCrystal.o
LiquidCrystal::LiquidCrystal(unsigned char, unsigned char, unsigned char, unsigned char, unsigned char, unsigned char, unsigned char) ./LiquidCrystal.o
LiquidCrystal::LiquidCrystal(unsigned char, unsigned char, unsigned char, unsigned char, unsigned char, unsigned char, unsigned char) ./LiquidCrystal.o
LiquidCrystal::LiquidCrystal(unsigned char, unsigned char, unsigned char, unsigned char, unsigned char, unsigned char, unsigned char, unsigned char, unsigned char, unsigned char) ./LiquidCrystal.o
LiquidCrystal::LiquidCrystal(unsigned char, unsigned char, unsigned char, unsigned char, unsigned char, unsigned char, unsigned char, unsigned char, unsigned char, unsigned char) ./LiquidCrystal.o
LiquidCrystal::LiquidCrystal(unsigned char, unsigned char, unsigned char, unsigned char, unsigned char, unsigned char, unsigned char, unsigned char, unsigned char, unsigned char, unsigned char) ./LiquidCrystal.o
LiquidCrystal::LiquidCrystal(unsigned char, unsigned char, unsigned char, unsigned char, unsigned char, unsigned char, unsigned char, unsigned char, unsigned char, unsigned char, unsigned char) ./LiquidCrystal.o
LiquidCrystal::autoscroll()                       ./LiquidCrystal.o
LiquidCrystal::begin(unsigned char, unsigned char, unsigned char) ./LiquidCrystal.o
LiquidCrystal::blink()                            ./LiquidCrystal.o
LiquidCrystal::clear()                            ./LiquidCrystal.o
LiquidCrystal::command(unsigned char)             ./LiquidCrystal.o
LiquidCrystal::createChar(unsigned char, unsigned char*) ./LiquidCrystal.o
LiquidCrystal::cursor()                           ./LiquidCrystal.o
LiquidCrystal::display()                          ./LiquidCrystal.o
LiquidCrystal::home()                             ./LiquidCrystal.o
LiquidCrystal::init(unsigned char, unsigned char, unsigned char, unsigned char, unsigned char, unsigned char, unsigned char, unsigned char, unsigned char, unsigned char, unsigned char, unsigned char) ./LiquidCrystal.o
LiquidCrystal::leftToRight()                      ./LiquidCrystal.o
LiquidCrystal::noAutoscroll()                     ./LiquidCrystal.o
LiquidCrystal::noBlink()                          ./LiquidCrystal.o
LiquidCrystal::noCursor()                         ./LiquidCrystal.o
LiquidCrystal::noDisplay()                        ./LiquidCrystal.o
LiquidCrystal::pulseEnable()                      ./LiquidCrystal.o
LiquidCrystal::rightToLeft()                      ./LiquidCrystal.o
LiquidCrystal::scrollDisplayLeft()                ./LiquidCrystal.o
LiquidCrystal::scrollDisplayRight()               ./LiquidCrystal.o
LiquidCrystal::send(unsigned char, unsigned char) ./LiquidCrystal.o
LiquidCrystal::setCursor(unsigned char, unsigned char) ./LiquidCrystal.o
LiquidCrystal::write(unsigned char)               ./LiquidCrystal.o
LiquidCrystal::write4bits(unsigned char)          ./LiquidCrystal.o
LiquidCrystal::write8bits(unsigned char)          ./LiquidCrystal.o
MinOff                                            ./main.o
MinOn                                             ./main.o
Print::print(Printable const&)                    C:\Users\thiago\Dropbox\Circuits\sourceCodes\arduino_core\328P_16MHz\libarduino_core.a(Print.o)
Print::print(String const&)                       C:\Users\thiago\Dropbox\Circuits\sourceCodes\arduino_core\328P_16MHz\libarduino_core.a(Print.o)
Print::print(__FlashStringHelper const*)          C:\Users\thiago\Dropbox\Circuits\sourceCodes\arduino_core\328P_16MHz\libarduino_core.a(Print.o)
Print::print(char const*)                         C:\Users\thiago\Dropbox\Circuits\sourceCodes\arduino_core\328P_16MHz\libarduino_core.a(Print.o)
                                                  ./main.o
Print::print(char)                                C:\Users\thiago\Dropbox\Circuits\sourceCodes\arduino_core\328P_16MHz\libarduino_core.a(Print.o)
                                                  ./EmonLib.o
Print::print(double, int)                         C:\Users\thiago\Dropbox\Circuits\sourceCodes\arduino_core\328P_16MHz\libarduino_core.a(Print.o)
                                                  ./EmonLib.o
Print::print(int, int)                            C:\Users\thiago\Dropbox\Circuits\sourceCodes\arduino_core\328P_16MHz\libarduino_core.a(Print.o)
                                                  ./main.o
Print::print(long, int)                           C:\Users\thiago\Dropbox\Circuits\sourceCodes\arduino_core\328P_16MHz\libarduino_core.a(Print.o)
Print::print(unsigned char, int)                  C:\Users\thiago\Dropbox\Circuits\sourceCodes\arduino_core\328P_16MHz\libarduino_core.a(Print.o)
Print::print(unsigned int, int)                   C:\Users\thiago\Dropbox\Circuits\sourceCodes\arduino_core\328P_16MHz\libarduino_core.a(Print.o)
Print::print(unsigned long, int)                  C:\Users\thiago\Dropbox\Circuits\sourceCodes\arduino_core\328P_16MHz\libarduino_core.a(Print.o)
Print::printFloat(double, unsigned char)          C:\Users\thiago\Dropbox\Circuits\sourceCodes\arduino_core\328P_16MHz\libarduino_core.a(Print.o)
Print::printNumber(unsigned long, unsigned char)  C:\Users\thiago\Dropbox\Circuits\sourceCodes\arduino_core\328P_16MHz\libarduino_core.a(Print.o)
Print::println()                                  C:\Users\thiago\Dropbox\Circuits\sourceCodes\arduino_core\328P_16MHz\libarduino_core.a(Print.o)
Print::println(Printable const&)                  C:\Users\thiago\Dropbox\Circuits\sourceCodes\arduino_core\328P_16MHz\libarduino_core.a(Print.o)
Print::println(String const&)                     C:\Users\thiago\Dropbox\Circuits\sourceCodes\arduino_core\328P_16MHz\libarduino_core.a(Print.o)
Print::println(__FlashStringHelper const*)        C:\Users\thiago\Dropbox\Circuits\sourceCodes\arduino_core\328P_16MHz\libarduino_core.a(Print.o)
Print::println(char const*)                       C:\Users\thiago\Dropbox\Circuits\sourceCodes\arduino_core\328P_16MHz\libarduino_core.a(Print.o)
Print::println(char)                              C:\Users\thiago\Dropbox\Circuits\sourceCodes\arduino_core\328P_16MHz\libarduino_core.a(Print.o)
                                                  ./EmonLib.o
Print::println(double, int)                       C:\Users\thiago\Dropbox\Circuits\sourceCodes\arduino_core\328P_16MHz\libarduino_core.a(Print.o)
Print::println(int, int)                          C:\Users\thiago\Dropbox\Circuits\sourceCodes\arduino_core\328P_16MHz\libarduino_core.a(Print.o)
Print::println(long, int)                         C:\Users\thiago\Dropbox\Circuits\sourceCodes\arduino_core\328P_16MHz\libarduino_core.a(Print.o)
Print::println(unsigned char, int)                C:\Users\thiago\Dropbox\Circuits\sourceCodes\arduino_core\328P_16MHz\libarduino_core.a(Print.o)
                                                  ./main.o
Print::println(unsigned int, int)                 C:\Users\thiago\Dropbox\Circuits\sourceCodes\arduino_core\328P_16MHz\libarduino_core.a(Print.o)
Print::println(unsigned long, int)                C:\Users\thiago\Dropbox\Circuits\sourceCodes\arduino_core\328P_16MHz\libarduino_core.a(Print.o)
Print::write(char const*)                         C:\Users\thiago\Dropbox\Circuits\sourceCodes\arduino_core\328P_16MHz\libarduino_core.a(Print.o)
Print::write(unsigned char const*, unsigned int)  C:\Users\thiago\Dropbox\Circuits\sourceCodes\arduino_core\328P_16MHz\libarduino_core.a(Print.o)
                                                  C:\Users\thiago\Dropbox\Circuits\sourceCodes\arduino_core\328P_16MHz\libarduino_core.a(HardwareSerial.o)
                                                  ./Wire.o
                                                  ./LiquidCrystal.o
RTC                                               ./DS1307RTC.o
Serial                                            C:\Users\thiago\Dropbox\Circuits\sourceCodes\arduino_core\328P_16MHz\libarduino_core.a(HardwareSerial.o)
                                                  ./main.o
                                                  ./EmonLib.o
String::String(String const&)                     C:\Users\thiago\Dropbox\Circuits\sourceCodes\arduino_core\328P_16MHz\libarduino_core.a(WString.o)
String::String(String const&)                     C:\Users\thiago\Dropbox\Circuits\sourceCodes\arduino_core\328P_16MHz\libarduino_core.a(WString.o)
String::String(char const*)                       C:\Users\thiago\Dropbox\Circuits\sourceCodes\arduino_core\328P_16MHz\libarduino_core.a(WString.o)
String::String(char const*)                       C:\Users\thiago\Dropbox\Circuits\sourceCodes\arduino_core\328P_16MHz\libarduino_core.a(WString.o)
String::String(char)                              C:\Users\thiago\Dropbox\Circuits\sourceCodes\arduino_core\328P_16MHz\libarduino_core.a(WString.o)
String::String(char)                              C:\Users\thiago\Dropbox\Circuits\sourceCodes\arduino_core\328P_16MHz\libarduino_core.a(WString.o)
String::String(int, unsigned char)                C:\Users\thiago\Dropbox\Circuits\sourceCodes\arduino_core\328P_16MHz\libarduino_core.a(WString.o)
String::String(int, unsigned char)                C:\Users\thiago\Dropbox\Circuits\sourceCodes\arduino_core\328P_16MHz\libarduino_core.a(WString.o)
String::String(long, unsigned char)               C:\Users\thiago\Dropbox\Circuits\sourceCodes\arduino_core\328P_16MHz\libarduino_core.a(WString.o)
String::String(long, unsigned char)               C:\Users\thiago\Dropbox\Circuits\sourceCodes\arduino_core\328P_16MHz\libarduino_core.a(WString.o)
String::String(unsigned char, unsigned char)      C:\Users\thiago\Dropbox\Circuits\sourceCodes\arduino_core\328P_16MHz\libarduino_core.a(WString.o)
String::String(unsigned char, unsigned char)      C:\Users\thiago\Dropbox\Circuits\sourceCodes\arduino_core\328P_16MHz\libarduino_core.a(WString.o)
String::String(unsigned int, unsigned char)       C:\Users\thiago\Dropbox\Circuits\sourceCodes\arduino_core\328P_16MHz\libarduino_core.a(WString.o)
String::String(unsigned int, unsigned char)       C:\Users\thiago\Dropbox\Circuits\sourceCodes\arduino_core\328P_16MHz\libarduino_core.a(WString.o)
String::String(unsigned long, unsigned char)      C:\Users\thiago\Dropbox\Circuits\sourceCodes\arduino_core\328P_16MHz\libarduino_core.a(WString.o)
String::String(unsigned long, unsigned char)      C:\Users\thiago\Dropbox\Circuits\sourceCodes\arduino_core\328P_16MHz\libarduino_core.a(WString.o)
String::changeBuffer(unsigned int)                C:\Users\thiago\Dropbox\Circuits\sourceCodes\arduino_core\328P_16MHz\libarduino_core.a(WString.o)
String::charAt(unsigned int) const                C:\Users\thiago\Dropbox\Circuits\sourceCodes\arduino_core\328P_16MHz\libarduino_core.a(WString.o)
String::compareTo(String const&) const            C:\Users\thiago\Dropbox\Circuits\sourceCodes\arduino_core\328P_16MHz\libarduino_core.a(WString.o)
String::concat(String const&)                     C:\Users\thiago\Dropbox\Circuits\sourceCodes\arduino_core\328P_16MHz\libarduino_core.a(WString.o)
String::concat(char const*)                       C:\Users\thiago\Dropbox\Circuits\sourceCodes\arduino_core\328P_16MHz\libarduino_core.a(WString.o)
String::concat(char const*, unsigned int)         C:\Users\thiago\Dropbox\Circuits\sourceCodes\arduino_core\328P_16MHz\libarduino_core.a(WString.o)
String::concat(char)                              C:\Users\thiago\Dropbox\Circuits\sourceCodes\arduino_core\328P_16MHz\libarduino_core.a(WString.o)
String::concat(int)                               C:\Users\thiago\Dropbox\Circuits\sourceCodes\arduino_core\328P_16MHz\libarduino_core.a(WString.o)
String::concat(long)                              C:\Users\thiago\Dropbox\Circuits\sourceCodes\arduino_core\328P_16MHz\libarduino_core.a(WString.o)
String::concat(unsigned char)                     C:\Users\thiago\Dropbox\Circuits\sourceCodes\arduino_core\328P_16MHz\libarduino_core.a(WString.o)
String::concat(unsigned int)                      C:\Users\thiago\Dropbox\Circuits\sourceCodes\arduino_core\328P_16MHz\libarduino_core.a(WString.o)
String::concat(unsigned long)                     C:\Users\thiago\Dropbox\Circuits\sourceCodes\arduino_core\328P_16MHz\libarduino_core.a(WString.o)
String::copy(char const*, unsigned int)           C:\Users\thiago\Dropbox\Circuits\sourceCodes\arduino_core\328P_16MHz\libarduino_core.a(WString.o)
String::endsWith(String const&) const             C:\Users\thiago\Dropbox\Circuits\sourceCodes\arduino_core\328P_16MHz\libarduino_core.a(WString.o)
String::equals(String const&) const               C:\Users\thiago\Dropbox\Circuits\sourceCodes\arduino_core\328P_16MHz\libarduino_core.a(WString.o)
String::equals(char const*) const                 C:\Users\thiago\Dropbox\Circuits\sourceCodes\arduino_core\328P_16MHz\libarduino_core.a(WString.o)
String::equalsIgnoreCase(String const&) const     C:\Users\thiago\Dropbox\Circuits\sourceCodes\arduino_core\328P_16MHz\libarduino_core.a(WString.o)
String::getBytes(unsigned char*, unsigned int, unsigned int) const C:\Users\thiago\Dropbox\Circuits\sourceCodes\arduino_core\328P_16MHz\libarduino_core.a(WString.o)
String::indexOf(String const&) const              C:\Users\thiago\Dropbox\Circuits\sourceCodes\arduino_core\328P_16MHz\libarduino_core.a(WString.o)
String::indexOf(String const&, unsigned int) const C:\Users\thiago\Dropbox\Circuits\sourceCodes\arduino_core\328P_16MHz\libarduino_core.a(WString.o)
String::indexOf(char) const                       C:\Users\thiago\Dropbox\Circuits\sourceCodes\arduino_core\328P_16MHz\libarduino_core.a(WString.o)
String::indexOf(char, unsigned int) const         C:\Users\thiago\Dropbox\Circuits\sourceCodes\arduino_core\328P_16MHz\libarduino_core.a(WString.o)
String::invalidate()                              C:\Users\thiago\Dropbox\Circuits\sourceCodes\arduino_core\328P_16MHz\libarduino_core.a(WString.o)
String::lastIndexOf(String const&) const          C:\Users\thiago\Dropbox\Circuits\sourceCodes\arduino_core\328P_16MHz\libarduino_core.a(WString.o)
String::lastIndexOf(String const&, unsigned int) const C:\Users\thiago\Dropbox\Circuits\sourceCodes\arduino_core\328P_16MHz\libarduino_core.a(WString.o)
String::lastIndexOf(char) const                   C:\Users\thiago\Dropbox\Circuits\sourceCodes\arduino_core\328P_16MHz\libarduino_core.a(WString.o)
String::lastIndexOf(char, unsigned int) const     C:\Users\thiago\Dropbox\Circuits\sourceCodes\arduino_core\328P_16MHz\libarduino_core.a(WString.o)
String::operator<(String const&) const            C:\Users\thiago\Dropbox\Circuits\sourceCodes\arduino_core\328P_16MHz\libarduino_core.a(WString.o)
String::operator<=(String const&) const           C:\Users\thiago\Dropbox\Circuits\sourceCodes\arduino_core\328P_16MHz\libarduino_core.a(WString.o)
String::operator=(String const&)                  C:\Users\thiago\Dropbox\Circuits\sourceCodes\arduino_core\328P_16MHz\libarduino_core.a(WString.o)
String::operator=(char const*)                    C:\Users\thiago\Dropbox\Circuits\sourceCodes\arduino_core\328P_16MHz\libarduino_core.a(WString.o)
String::operator>(String const&) const            C:\Users\thiago\Dropbox\Circuits\sourceCodes\arduino_core\328P_16MHz\libarduino_core.a(WString.o)
String::operator>=(String const&) const           C:\Users\thiago\Dropbox\Circuits\sourceCodes\arduino_core\328P_16MHz\libarduino_core.a(WString.o)
String::operator[](unsigned int)                  C:\Users\thiago\Dropbox\Circuits\sourceCodes\arduino_core\328P_16MHz\libarduino_core.a(WString.o)
String::operator[](unsigned int) const            C:\Users\thiago\Dropbox\Circuits\sourceCodes\arduino_core\328P_16MHz\libarduino_core.a(WString.o)
                                                  C:\Users\thiago\Dropbox\Circuits\sourceCodes\arduino_core\328P_16MHz\libarduino_core.a(Print.o)
String::replace(String const&, String const&)     C:\Users\thiago\Dropbox\Circuits\sourceCodes\arduino_core\328P_16MHz\libarduino_core.a(WString.o)
String::replace(char, char)                       C:\Users\thiago\Dropbox\Circuits\sourceCodes\arduino_core\328P_16MHz\libarduino_core.a(WString.o)
String::reserve(unsigned int)                     C:\Users\thiago\Dropbox\Circuits\sourceCodes\arduino_core\328P_16MHz\libarduino_core.a(WString.o)
String::setCharAt(unsigned int, char)             C:\Users\thiago\Dropbox\Circuits\sourceCodes\arduino_core\328P_16MHz\libarduino_core.a(WString.o)
String::startsWith(String const&) const           C:\Users\thiago\Dropbox\Circuits\sourceCodes\arduino_core\328P_16MHz\libarduino_core.a(WString.o)
String::startsWith(String const&, unsigned int) const C:\Users\thiago\Dropbox\Circuits\sourceCodes\arduino_core\328P_16MHz\libarduino_core.a(WString.o)
String::substring(unsigned int) const             C:\Users\thiago\Dropbox\Circuits\sourceCodes\arduino_core\328P_16MHz\libarduino_core.a(WString.o)
String::substring(unsigned int, unsigned int) const C:\Users\thiago\Dropbox\Circuits\sourceCodes\arduino_core\328P_16MHz\libarduino_core.a(WString.o)
String::toInt() const                             C:\Users\thiago\Dropbox\Circuits\sourceCodes\arduino_core\328P_16MHz\libarduino_core.a(WString.o)
String::toLowerCase()                             C:\Users\thiago\Dropbox\Circuits\sourceCodes\arduino_core\328P_16MHz\libarduino_core.a(WString.o)
String::toUpperCase()                             C:\Users\thiago\Dropbox\Circuits\sourceCodes\arduino_core\328P_16MHz\libarduino_core.a(WString.o)
String::trim()                                    C:\Users\thiago\Dropbox\Circuits\sourceCodes\arduino_core\328P_16MHz\libarduino_core.a(WString.o)
String::~String()                                 C:\Users\thiago\Dropbox\Circuits\sourceCodes\arduino_core\328P_16MHz\libarduino_core.a(WString.o)
String::~String()                                 C:\Users\thiago\Dropbox\Circuits\sourceCodes\arduino_core\328P_16MHz\libarduino_core.a(WString.o)
TwoWire::TwoWire()                                ./Wire.o
TwoWire::TwoWire()                                ./Wire.o
TwoWire::available()                              ./Wire.o
TwoWire::begin()                                  ./Wire.o
                                                  ./DS1307RTC.o
TwoWire::begin(int)                               ./Wire.o
TwoWire::begin(unsigned char)                     ./Wire.o
TwoWire::beginTransmission(int)                   ./Wire.o
                                                  ./DS1307RTC.o
TwoWire::beginTransmission(unsigned char)         ./Wire.o
TwoWire::endTransmission()                        ./Wire.o
                                                  ./DS1307RTC.o
TwoWire::endTransmission(unsigned char)           ./Wire.o
TwoWire::flush()                                  ./Wire.o
TwoWire::onReceive(void (*)(int))                 ./Wire.o
TwoWire::onReceiveService(unsigned char*, int)    ./Wire.o
TwoWire::onRequest(void (*)())                    ./Wire.o
TwoWire::onRequestService()                       ./Wire.o
TwoWire::peek()                                   ./Wire.o
TwoWire::read()                                   ./Wire.o
                                                  ./DS1307RTC.o
TwoWire::requestFrom(int, int)                    ./Wire.o
                                                  ./DS1307RTC.o
TwoWire::requestFrom(int, int, int)               ./Wire.o
TwoWire::requestFrom(unsigned char, unsigned char) ./Wire.o
TwoWire::requestFrom(unsigned char, unsigned char, unsigned char) ./Wire.o
TwoWire::rxBuffer                                 ./Wire.o
TwoWire::rxBufferIndex                            ./Wire.o
TwoWire::rxBufferLength                           ./Wire.o
TwoWire::transmitting                             ./Wire.o
TwoWire::txAddress                                ./Wire.o
TwoWire::txBuffer                                 ./Wire.o
TwoWire::txBufferIndex                            ./Wire.o
TwoWire::txBufferLength                           ./Wire.o
TwoWire::user_onReceive                           ./Wire.o
TwoWire::user_onRequest                           ./Wire.o
TwoWire::write(unsigned char const*, unsigned int) ./Wire.o
TwoWire::write(unsigned char)                     ./Wire.o
                                                  ./DS1307RTC.o
Ultrasonic::Ranging(int)                          ./Ultrasonic.o
                                                  ./main.o
Ultrasonic::Timing()                              ./Ultrasonic.o
Ultrasonic::Ultrasonic(int, int)                  ./Ultrasonic.o
Ultrasonic::Ultrasonic(int, int)                  ./Ultrasonic.o
                                                  ./main.o
Vbat                                              ./main.o
Wire                                              ./Wire.o
                                                  ./DS1307RTC.o
__addsf3                                          c:/winavr-20100110/bin/../lib/gcc/avr/4.3.3/avr5\libgcc.a(_addsub_sf.o)
                                                  C:\Users\thiago\Dropbox\Circuits\sourceCodes\arduino_core\328P_16MHz\libarduino_core.a(Print.o)
                                                  ./main.o
                                                  ./EmonLib.o
__bad_interrupt                                   c:/winavr-20100110/bin/../lib/gcc/avr/4.3.3/../../../../avr/lib/avr5/crtm328p.o
__brkval                                          C:\Users\thiago\Dropbox\Circuits\sourceCodes\arduino_core\328P_16MHz\libarduino_core.a(realloc.o)
                                                  C:\Users\thiago\Dropbox\Circuits\sourceCodes\arduino_core\328P_16MHz\libarduino_core.a(malloc.o)
__bss_end                                         c:/winavr-20100110/bin/../lib/gcc/avr/4.3.3/avr5\libgcc.a(_clear_bss.o)
__bss_start                                       c:/winavr-20100110/bin/../lib/gcc/avr/4.3.3/avr5\libgcc.a(_clear_bss.o)
__clz_tab                                         c:/winavr-20100110/bin/../lib/gcc/avr/4.3.3/avr5\libgcc.a(_clz.o)
                                                  c:/winavr-20100110/bin/../lib/gcc/avr/4.3.3/avr5\libgcc.a(_clzsi2.o)
__clzsi2                                          c:/winavr-20100110/bin/../lib/gcc/avr/4.3.3/avr5\libgcc.a(_clzsi2.o)
                                                  c:/winavr-20100110/bin/../lib/gcc/avr/4.3.3/avr5\libgcc.a(_usi_to_sf.o)
                                                  c:/winavr-20100110/bin/../lib/gcc/avr/4.3.3/avr5\libgcc.a(_si_to_sf.o)
__ctors_end                                       c:/winavr-20100110/bin/../lib/gcc/avr/4.3.3/avr5\libgcc.a(_ctors.o)
__ctors_start                                     c:/winavr-20100110/bin/../lib/gcc/avr/4.3.3/avr5\libgcc.a(_ctors.o)
__ctype_isfalse                                   c:/winavr-20100110/bin/../lib/gcc/avr/4.3.3/../../../../avr/lib/avr5\libc.a(cty_isfalse.o)
                                                  c:/winavr-20100110/bin/../lib/gcc/avr/4.3.3/../../../../avr/lib/avr5\libc.a(isspace.o)
__ctype_istrue                                    c:/winavr-20100110/bin/../lib/gcc/avr/4.3.3/../../../../avr/lib/avr5\libc.a(cty_isfalse.o)
__cxa_guard_abort                                 C:\Users\thiago\Dropbox\Circuits\sourceCodes\arduino_core\328P_16MHz\libarduino_core.a(new.o)
__cxa_guard_acquire                               C:\Users\thiago\Dropbox\Circuits\sourceCodes\arduino_core\328P_16MHz\libarduino_core.a(new.o)
__cxa_guard_release                               C:\Users\thiago\Dropbox\Circuits\sourceCodes\arduino_core\328P_16MHz\libarduino_core.a(new.o)
__cxa_pure_virtual                                C:\Users\thiago\Dropbox\Circuits\sourceCodes\arduino_core\328P_16MHz\libarduino_core.a(new.o)
                                                  C:\Users\thiago\Dropbox\Circuits\sourceCodes\arduino_core\328P_16MHz\libarduino_core.a(Print.o)
                                                  C:\Users\thiago\Dropbox\Circuits\sourceCodes\arduino_core\328P_16MHz\libarduino_core.a(HardwareSerial.o)
                                                  ./Wire.o
__data_end                                        c:/winavr-20100110/bin/../lib/gcc/avr/4.3.3/avr5\libgcc.a(_copy_data.o)
__data_load_start                                 c:/winavr-20100110/bin/../lib/gcc/avr/4.3.3/avr5\libgcc.a(_copy_data.o)
__data_start                                      c:/winavr-20100110/bin/../lib/gcc/avr/4.3.3/avr5\libgcc.a(_copy_data.o)
__divmodhi4                                       c:/winavr-20100110/bin/../lib/gcc/avr/4.3.3/avr5\libgcc.a(_divmodhi4.o)
                                                  ./Time.o
__divmodsi4                                       c:/winavr-20100110/bin/../lib/gcc/avr/4.3.3/avr5\libgcc.a(_divmodsi4.o)
                                                  ./Ultrasonic.o
                                                  ./EmonLib.o
__divsf3                                          c:/winavr-20100110/bin/../lib/gcc/avr/4.3.3/avr5\libgcc.a(_div_sf.o)
                                                  C:\Users\thiago\Dropbox\Circuits\sourceCodes\arduino_core\328P_16MHz\libarduino_core.a(Print.o)
                                                  ./VirtualWire.o
                                                  ./EmonLib.o
__do_clear_bss                                    c:/winavr-20100110/bin/../lib/gcc/avr/4.3.3/avr5\libgcc.a(_clear_bss.o)
                                                  C:\Users\thiago\Dropbox\Circuits\sourceCodes\arduino_core\328P_16MHz\libarduino_core.a(malloc.o)
                                                  C:\Users\thiago\Dropbox\Circuits\sourceCodes\arduino_core\328P_16MHz\libarduino_core.a(wiring.o)
                                                  C:\Users\thiago\Dropbox\Circuits\sourceCodes\arduino_core\328P_16MHz\libarduino_core.a(WString.o)
                                                  C:\Users\thiago\Dropbox\Circuits\sourceCodes\arduino_core\328P_16MHz\libarduino_core.a(HardwareSerial.o)
                                                  ./twi.o
                                                  ./main.o
                                                  ./Wire.o
                                                  ./VirtualWire.o
                                                  ./Time.o
                                                  ./DateStrings.o
                                                  ./DS1307RTC.o
__do_copy_data                                    c:/winavr-20100110/bin/../lib/gcc/avr/4.3.3/avr5\libgcc.a(_copy_data.o)
                                                  c:/winavr-20100110/bin/../lib/gcc/avr/4.3.3/avr5\libgcc.a(_clz.o)
                                                  c:/winavr-20100110/bin/../lib/gcc/avr/4.3.3/avr5\libgcc.a(_thenan_sf.o)
                                                  C:\Users\thiago\Dropbox\Circuits\sourceCodes\arduino_core\328P_16MHz\libarduino_core.a(malloc.o)
                                                  C:\Users\thiago\Dropbox\Circuits\sourceCodes\arduino_core\328P_16MHz\libarduino_core.a(wiring_analog.o)
                                                  C:\Users\thiago\Dropbox\Circuits\sourceCodes\arduino_core\328P_16MHz\libarduino_core.a(WString.o)
                                                  C:\Users\thiago\Dropbox\Circuits\sourceCodes\arduino_core\328P_16MHz\libarduino_core.a(Print.o)
                                                  C:\Users\thiago\Dropbox\Circuits\sourceCodes\arduino_core\328P_16MHz\libarduino_core.a(HardwareSerial.o)
                                                  ./main.o
                                                  ./Wire.o
                                                  ./VirtualWire.o
                                                  ./Time.o
                                                  ./LiquidCrystal.o
                                                  ./DateStrings.o
__do_global_ctors                                 c:/winavr-20100110/bin/../lib/gcc/avr/4.3.3/avr5\libgcc.a(_ctors.o)
                                                  C:\Users\thiago\Dropbox\Circuits\sourceCodes\arduino_core\328P_16MHz\libarduino_core.a(HardwareSerial.o)
                                                  ./main.o
                                                  ./Wire.o
                                                  ./DS1307RTC.o
__epilogue_restores__                             c:/winavr-20100110/bin/../lib/gcc/avr/4.3.3/avr5\libgcc.a(_epilogue.o)
                                                  c:/winavr-20100110/bin/../lib/gcc/avr/4.3.3/../../../../avr/lib/avr5\libc.a(vfscanf_std.o)
                                                  c:/winavr-20100110/bin/../lib/gcc/avr/4.3.3/../../../../avr/lib/avr5\libc.a(sscanf.o)
                                                  c:/winavr-20100110/bin/../lib/gcc/avr/4.3.3/avr5\libgcc.a(_usi_to_sf.o)
                                                  c:/winavr-20100110/bin/../lib/gcc/avr/4.3.3/avr5\libgcc.a(_sf_to_si.o)
                                                  c:/winavr-20100110/bin/../lib/gcc/avr/4.3.3/avr5\libgcc.a(_si_to_sf.o)
                                                  c:/winavr-20100110/bin/../lib/gcc/avr/4.3.3/avr5\libgcc.a(_unord_sf.o)
                                                  c:/winavr-20100110/bin/../lib/gcc/avr/4.3.3/avr5\libgcc.a(_le_sf.o)
                                                  c:/winavr-20100110/bin/../lib/gcc/avr/4.3.3/avr5\libgcc.a(_lt_sf.o)
                                                  c:/winavr-20100110/bin/../lib/gcc/avr/4.3.3/avr5\libgcc.a(_ge_sf.o)
                                                  c:/winavr-20100110/bin/../lib/gcc/avr/4.3.3/avr5\libgcc.a(_gt_sf.o)
                                                  c:/winavr-20100110/bin/../lib/gcc/avr/4.3.3/avr5\libgcc.a(_div_sf.o)
                                                  c:/winavr-20100110/bin/../lib/gcc/avr/4.3.3/avr5\libgcc.a(_mul_sf.o)
                                                  c:/winavr-20100110/bin/../lib/gcc/avr/4.3.3/avr5\libgcc.a(_addsub_sf.o)
__fixsfsi                                         c:/winavr-20100110/bin/../lib/gcc/avr/4.3.3/avr5\libgcc.a(_sf_to_si.o)
                                                  c:/winavr-20100110/bin/../lib/gcc/avr/4.3.3/avr5\libgcc.a(_fixunssfsi.o)
                                                  C:\Users\thiago\Dropbox\Circuits\sourceCodes\arduino_core\328P_16MHz\libarduino_core.a(Print.o)
                                                  ./VirtualWire.o
__fixunssfsi                                      c:/winavr-20100110/bin/../lib/gcc/avr/4.3.3/avr5\libgcc.a(_fixunssfsi.o)
                                                  C:\Users\thiago\Dropbox\Circuits\sourceCodes\arduino_core\328P_16MHz\libarduino_core.a(Print.o)
                                                  ./main.o
__floatsisf                                       c:/winavr-20100110/bin/../lib/gcc/avr/4.3.3/avr5\libgcc.a(_si_to_sf.o)
                                                  C:\Users\thiago\Dropbox\Circuits\sourceCodes\arduino_core\328P_16MHz\libarduino_core.a(Print.o)
                                                  ./main.o
                                                  ./EmonLib.o
__floatunsisf                                     c:/winavr-20100110/bin/../lib/gcc/avr/4.3.3/avr5\libgcc.a(_usi_to_sf.o)
                                                  C:\Users\thiago\Dropbox\Circuits\sourceCodes\arduino_core\328P_16MHz\libarduino_core.a(Print.o)
                                                  ./VirtualWire.o
__flp                                             C:\Users\thiago\Dropbox\Circuits\sourceCodes\arduino_core\328P_16MHz\libarduino_core.a(realloc.o)
                                                  C:\Users\thiago\Dropbox\Circuits\sourceCodes\arduino_core\328P_16MHz\libarduino_core.a(malloc.o)
__fp_mpack                                        c:/winavr-20100110/bin/../lib/gcc/avr/4.3.3/../../../../avr/lib/avr5\libm.a(fp_mpack.o)
                                                  c:/winavr-20100110/bin/../lib/gcc/avr/4.3.3/../../../../avr/lib/avr5\libm.a(sqrt.o)
__fp_mpack_finite                                 c:/winavr-20100110/bin/../lib/gcc/avr/4.3.3/../../../../avr/lib/avr5\libm.a(fp_mpack.o)
__fp_nan                                          c:/winavr-20100110/bin/../lib/gcc/avr/4.3.3/../../../../avr/lib/avr5\libm.a(fp_nan.o)
                                                  c:/winavr-20100110/bin/../lib/gcc/avr/4.3.3/../../../../avr/lib/avr5\libm.a(sqrt.o)
__fp_norm2                                        c:/winavr-20100110/bin/../lib/gcc/avr/4.3.3/../../../../avr/lib/avr5\libm.a(fp_norm2.o)
                                                  c:/winavr-20100110/bin/../lib/gcc/avr/4.3.3/../../../../avr/lib/avr5\libm.a(sqrt.o)