Archive member included because of file (symbol)

C:\Users\thiago\Dropbox\Circuits\sourceCodes\arduino_core\328P_16MHz\libarduino_core.a(HardwareSerial.o)
                              ./main.o (Serial)
C:\Users\thiago\Dropbox\Circuits\sourceCodes\arduino_core\328P_16MHz\libarduino_core.a(Print.o)
                              C:\Users\thiago\Dropbox\Circuits\sourceCodes\arduino_core\328P_16MHz\libarduino_core.a(HardwareSerial.o) (Print::write(unsigned char const*, unsigned int))
C:\Users\thiago\Dropbox\Circuits\sourceCodes\arduino_core\328P_16MHz\libarduino_core.a(SPI.o)
                              ./RF24/RF24.o (SPIClass::setBitOrder(unsigned char))
C:\Users\thiago\Dropbox\Circuits\sourceCodes\arduino_core\328P_16MHz\libarduino_core.a(WString.o)
                              C:\Users\thiago\Dropbox\Circuits\sourceCodes\arduino_core\328P_16MHz\libarduino_core.a(Print.o) (String::operator[](unsigned int) const)
C:\Users\thiago\Dropbox\Circuits\sourceCodes\arduino_core\328P_16MHz\libarduino_core.a(new.o)
                              C:\Users\thiago\Dropbox\Circuits\sourceCodes\arduino_core\328P_16MHz\libarduino_core.a(HardwareSerial.o) (__cxa_pure_virtual)
C:\Users\thiago\Dropbox\Circuits\sourceCodes\arduino_core\328P_16MHz\libarduino_core.a(wiring.o)
                              ./RF24/RF24.o (millis)
C:\Users\thiago\Dropbox\Circuits\sourceCodes\arduino_core\328P_16MHz\libarduino_core.a(wiring_digital.o)
                              ./RF24/RF24.o (pinMode)
C:\Users\thiago\Dropbox\Circuits\sourceCodes\arduino_core\328P_16MHz\libarduino_core.a(wiring_pulse.o)
                              ./Ultrasonic.o (pulseIn)
C:\Users\thiago\Dropbox\Circuits\sourceCodes\arduino_core\328P_16MHz\libarduino_core.a(malloc.o)
                              C:\Users\thiago\Dropbox\Circuits\sourceCodes\arduino_core\328P_16MHz\libarduino_core.a(new.o) (malloc)
C:\Users\thiago\Dropbox\Circuits\sourceCodes\arduino_core\328P_16MHz\libarduino_core.a(realloc.o)
                              C:\Users\thiago\Dropbox\Circuits\sourceCodes\arduino_core\328P_16MHz\libarduino_core.a(WString.o) (realloc)
c:/winavr-20100110/bin/../lib/gcc/avr/4.3.3/avr5\libgcc.a(_mulsi3.o)
                              ./Time.o (__mulsi3)
c:/winavr-20100110/bin/../lib/gcc/avr/4.3.3/avr5\libgcc.a(_divmodhi4.o)
                              ./Time.o (__divmodhi4)
c:/winavr-20100110/bin/../lib/gcc/avr/4.3.3/avr5\libgcc.a(_udivmodsi4.o)
                              ./Time.o (__udivmodsi4)
c:/winavr-20100110/bin/../lib/gcc/avr/4.3.3/avr5\libgcc.a(_divmodsi4.o)
                              ./Ultrasonic.o (__divmodsi4)
c:/winavr-20100110/bin/../lib/gcc/avr/4.3.3/avr5\libgcc.a(_exit.o)
                              c:/winavr-20100110/bin/../lib/gcc/avr/4.3.3/../../../../avr/lib/avr5/crtm328p.o (exit)
c:/winavr-20100110/bin/../lib/gcc/avr/4.3.3/avr5\libgcc.a(_copy_data.o)
                              ./DateStrings.o (__do_copy_data)
c:/winavr-20100110/bin/../lib/gcc/avr/4.3.3/avr5\libgcc.a(_clear_bss.o)
                              ./DateStrings.o (__do_clear_bss)
c:/winavr-20100110/bin/../lib/gcc/avr/4.3.3/avr5\libgcc.a(_ctors.o)
                              ./main.o (__do_global_ctors)
c:/winavr-20100110/bin/../lib/gcc/avr/4.3.3/avr5\libgcc.a(_fixunssfsi.o)
                              C:\Users\thiago\Dropbox\Circuits\sourceCodes\arduino_core\328P_16MHz\libarduino_core.a(Print.o) (__fixunssfsi)
c:/winavr-20100110/bin/../lib/gcc/avr/4.3.3/avr5\libgcc.a(_addsub_sf.o)
                              C:\Users\thiago\Dropbox\Circuits\sourceCodes\arduino_core\328P_16MHz\libarduino_core.a(Print.o) (__subsf3)
c:/winavr-20100110/bin/../lib/gcc/avr/4.3.3/avr5\libgcc.a(_mul_sf.o)
                              C:\Users\thiago\Dropbox\Circuits\sourceCodes\arduino_core\328P_16MHz\libarduino_core.a(Print.o) (__mulsf3)
c:/winavr-20100110/bin/../lib/gcc/avr/4.3.3/avr5\libgcc.a(_div_sf.o)
                              C:\Users\thiago\Dropbox\Circuits\sourceCodes\arduino_core\328P_16MHz\libarduino_core.a(Print.o) (__divsf3)
c:/winavr-20100110/bin/../lib/gcc/avr/4.3.3/avr5\libgcc.a(_gt_sf.o)
                              C:\Users\thiago\Dropbox\Circuits\sourceCodes\arduino_core\328P_16MHz\libarduino_core.a(Print.o) (__gtsf2)
c:/winavr-20100110/bin/../lib/gcc/avr/4.3.3/avr5\libgcc.a(_ge_sf.o)
                              c:/winavr-20100110/bin/../lib/gcc/avr/4.3.3/avr5\libgcc.a(_fixunssfsi.o) (__gesf2)
c:/winavr-20100110/bin/../lib/gcc/avr/4.3.3/avr5\libgcc.a(_lt_sf.o)
                              C:\Users\thiago\Dropbox\Circuits\sourceCodes\arduino_core\328P_16MHz\libarduino_core.a(Print.o) (__ltsf2)
c:/winavr-20100110/bin/../lib/gcc/avr/4.3.3/avr5\libgcc.a(_le_sf.o)
                              C:\Users\thiago\Dropbox\Circuits\sourceCodes\arduino_core\328P_16MHz\libarduino_core.a(Print.o) (__lesf2)
c:/winavr-20100110/bin/../lib/gcc/avr/4.3.3/avr5\libgcc.a(_unord_sf.o)
[...]
Memory Configuration

Name             Origin             Length             Attributes
text             0x00000000         0x00020000         xr
data             0x00800060         0x0000ffa0         rw !x
eeprom           0x00810000         0x00010000         rw !x
fuse             0x00820000         0x00000400         rw !x
lock             0x00830000         0x00000400         rw !x
signature        0x00840000         0x00000400         rw !x
*default*        0x00000000         0xffffffff

Linker script and memory map

Address of section .data set to 0x800100
LOAD c:/winavr-20100110/bin/../lib/gcc/avr/4.3.3/../../../../avr/lib/avr5/crtm328p.o
LOAD ./RF24/RF24.o
LOAD ./DateStrings.o
LOAD ./Time.o
LOAD ./Ultrasonic.o
LOAD ./main.o
LOAD C:\Users\thiago\Dropbox\Circuits\sourceCodes\arduino_core\328P_16MHz\libarduino_core.a
LOAD c:/winavr-20100110/bin/../lib/gcc/avr/4.3.3/avr5\libgcc.a
LOAD c:/winavr-20100110/bin/../lib/gcc/avr/4.3.3/../../../../avr/lib/avr5\libm.a
LOAD c:/winavr-20100110/bin/../lib/gcc/avr/4.3.3/avr5\libgcc.a
LOAD c:/winavr-20100110/bin/../lib/gcc/avr/4.3.3/../../../../avr/lib/avr5\libc.a
LOAD c:/winavr-20100110/bin/../lib/gcc/avr/4.3.3/avr5\libgcc.a

.hash
 *(.hash)

.dynsym
 *(.dynsym)

.dynstr
 *(.dynstr)

.gnu.version
 *(.gnu.version)

.gnu.version_d
 *(.gnu.version_d)

.gnu.version_r
 *(.gnu.version_r)

.rel.init
 *(.rel.init)

.rela.init
 *(.rela.init)

.rel.text
 *(.rel.text)
 *(.rel.text.*)
 *(.rel.gnu.linkonce.t*)

.rela.text
 *(.rela.text)
 *(.rela.text.*)
 *(.rela.gnu.linkonce.t*)

.rel.fini
 *(.rel.fini)

.rela.fini
 *(.rela.fini)

.rel.rodata
 *(.rel.rodata)
 *(.rel.rodata.*)
 *(.rel.gnu.linkonce.r*)

.rela.rodata
 *(.rela.rodata)
 *(.rela.rodata.*)
 *(.rela.gnu.linkonce.r*)

.rel.data
 *(.rel.data)
 *(.rel.data.*)
 *(.rel.gnu.linkonce.d*)

.rela.data
 *(.rela.data)
 *(.rela.data.*)
 *(.rela.gnu.linkonce.d*)

.rel.ctors
 *(.rel.ctors)

.rela.ctors
 *(.rela.ctors)

.rel.dtors
 *(.rel.dtors)

.rela.dtors
 *(.rela.dtors)

.rel.got
 *(.rel.got)

.rela.got
 *(.rela.got)

.rel.bss
 *(.rel.bss)

.rela.bss
 *(.rela.bss)

.rel.plt
 *(.rel.plt)

.rela.plt
 *(.rela.plt)

.text           0x00000000     0x2366
 *(.vectors)
 .vectors       0x00000000       0x68 c:/winavr-20100110/bin/../lib/gcc/avr/4.3.3/../../../../avr/lib/avr5/crtm328p.o
                0x00000000                __vectors
                0x00000000                __vector_default
 *(.vectors)
 *(.progmem.gcc*)
 *(.progmem*)
 .progmem.data  0x00000068      0x1c3 ./RF24/RF24.o
 .progmem.data  0x0000022b       0x5a C:\Users\thiago\Dropbox\Circuits\sourceCodes\arduino_core\328P_16MHz\libarduino_core.a(wiring_digital.o)
                0x0000022b                port_to_mode_PGM
                0x00000249                digital_pin_to_port_PGM
                0x0000025d                digital_pin_to_bit_mask_PGM
                0x00000235                port_to_output_PGM
                0x0000023f                port_to_input_PGM
                0x00000271                digital_pin_to_timer_PGM
                0x00000286                . = ALIGN (0x2)
 *fill*         0x00000285        0x1 00
                0x00000286                __trampolines_start = .
 *(.trampolines)
 .trampolines   0x00000286        0x0 linker stubs
 *(.trampolines*)
                0x00000286                __trampolines_end = .
 *(.jumptables)
 *(.jumptables*)
 *(.lowtext)
 *(.lowtext*)
                0x00000286                __ctors_start = .
 *(.ctors)
 .ctors         0x00000286        0x2 ./main.o
 .ctors         0x00000288        0x2 C:\Users\thiago\Dropbox\Circuits\sourceCodes\arduino_core\328P_16MHz\libarduino_core.a(HardwareSerial.o)
                0x0000028a                __ctors_end = .
                0x0000028a                __dtors_start = .
 *(.dtors)
                0x0000028a                __dtors_end = .
 SORT(*)(.ctors)
 SORT(*)(.dtors)
 *(.init0)
 .init0         0x0000028a        0x0 c:/winavr-20100110/bin/../lib/gcc/avr/4.3.3/../../../../avr/lib/avr5/crtm328p.o
                0x0000028a                __init
 *(.init0)
 *(.init1)
 *(.init1)
 *(.init2)
 .init2         0x0000028a        0xc c:/winavr-20100110/bin/../lib/gcc/avr/4.3.3/../../../../avr/lib/avr5/crtm328p.o
 *(.init2)
 *(.init3)
 *(.init3)
 *(.init4)
 .init4         0x00000296       0x16 c:/winavr-20100110/bin/../lib/gcc/avr/4.3.3/avr5\libgcc.a(_copy_data.o)
                0x00000296                __do_copy_data
 .init4         0x000002ac       0x10 c:/winavr-20100110/bin/../lib/gcc/avr/4.3.3/avr5\libgcc.a(_clear_bss.o)
                0x000002ac                __do_clear_bss
 *(.init4)
 *(.init5)
 *(.init5)
 *(.init6)
 .init6         0x000002bc       0x16 c:/winavr-20100110/bin/../lib/gcc/avr/4.3.3/avr5\libgcc.a(_ctors.o)
                0x000002bc                __do_global_ctors
 *(.init6)
 *(.init7)
 *(.init7)
 *(.init8)
 *(.init8)
 *(.init9)
 .init9         0x000002d2        0x8 c:/winavr-20100110/bin/../lib/gcc/avr/4.3.3/../../../../avr/lib/avr5/crtm328p.o
 *(.init9)
 *(.text)
 .text          0x000002da        0x4 c:/winavr-20100110/bin/../lib/gcc/avr/4.3.3/../../../../avr/lib/avr5/crtm328p.o
                0x000002da                __vector_22
                0x000002da                __vector_1
                0x000002da                __vector_24
                0x000002da                __vector_12
                0x000002da                __bad_interrupt
                0x000002da                __vector_6
                0x000002da                __vector_3
                0x000002da                __vector_23
                0x000002da                __vector_25
                0x000002da                __vector_13
                0x000002da                __vector_17
                0x000002da                __vector_7
                0x000002da                __vector_5
                0x000002da                __vector_4
                0x000002da                __vector_9
                0x000002da                __vector_2
                0x000002da                __vector_21
                0x000002da                __vector_15
                0x000002da                __vector_8
                0x000002da                __vector_14
                0x000002da                __vector_10
                0x000002da                __vector_20
                0x000002de                . = ALIGN (0x2)
 *(.text.*)
 .text._ZN4RF24C1Ehh
                0x000002de       0x26 ./RF24/RF24.o
                0x000002de                RF24::RF24(unsigned char, unsigned char)
 .text._ZN4RF2414setPayloadSizeEh
                0x00000304        0xc ./RF24/RF24.o
                0x00000304                RF24::setPayloadSize(unsigned char)
 .text._ZN4RF243csnEi
                0x00000310       0x2e ./RF24/RF24.o
                0x00000310                RF24::csn(int)
 .text._ZN4RF2421getDynamicPayloadSizeEv
                0x0000033e       0x3c ./RF24/RF24.o
                0x0000033e                RF24::getDynamicPayloadSize()
 .text._ZN4RF2410get_statusEv
                0x0000037a       0x30 ./RF24/RF24.o
                0x0000037a                RF24::get_status()
 .text._ZN4RF248flush_txEv
                0x000003aa       0x30 ./RF24/RF24.o
                0x000003aa                RF24::flush_tx()
 .text._ZN4RF248flush_rxEv
                0x000003da       0x30 ./RF24/RF24.o
                0x000003da                RF24::flush_rx()
 .text._ZN4RF2413stopListeningEv
                0x0000040a       0x22 ./RF24/RF24.o
                0x0000040a                RF24::stopListening()
 .text._ZN4RF2412read_payloadEPvh
                0x0000042c       0x8e ./RF24/RF24.o
                0x0000042c                RF24::read_payload(void*, unsigned char)
 .text._ZN4RF2413write_payloadEPKvh
                0x000004ba       0x8a ./RF24/RF24.o
                0x000004ba                RF24::write_payload(void const*, unsigned char)
 .text._ZN4RF2414write_registerEhh
                0x00000544       0x44 ./RF24/RF24.o
                0x00000544                RF24::write_register(unsigned char, unsigned char)
 .text._ZN4RF2410setRetriesEhh
                0x00000588       0x14 ./RF24/RF24.o
                0x00000588                RF24::setRetries(unsigned char, unsigned char)
 .text._ZN4RF2412whatHappenedERbS0_S0_
                0x0000059c       0x5c ./RF24/RF24.o
                0x0000059c                RF24::whatHappened(bool&, bool&, bool&)
 .text._ZN4RF249availableEPh
                0x000005f8       0x6c ./RF24/RF24.o
                0x000005f8                RF24::available(unsigned char*)
 .text._ZN4RF249availableEv
                0x00000664        0xa ./RF24/RF24.o
                0x00000664                RF24::available()
 .text._ZN4RF2410setChannelEh
                0x0000066e       0x10 ./RF24/RF24.o
                0x0000066e                RF24::setChannel(unsigned char)
 .text._ZN4RF2414write_registerEhPKhh
                0x0000067e       0x5a ./RF24/RF24.o
                0x0000067e                RF24::write_register(unsigned char, unsigned char const*, unsigned char)
 .text._ZN4RF2415openWritingPipeEy
                0x000006d8       0x76 ./RF24/RF24.o
                0x000006d8                RF24::openWritingPipe(unsigned long long)
 .text._ZN4RF2413read_registerEh
                0x0000074e       0x3e ./RF24/RF24.o
                0x0000074e                RF24::read_register(unsigned char)
 .text._ZN4RF2412setCRCLengthE16rf24_crclength_e
                0x0000078c       0x36 ./RF24/RF24.o
                0x0000078c                RF24::setCRCLength(rf24_crclength_e)
 .text._ZN4RF2411setDataRateE15rf24_datarate_e
                0x000007c2       0x62 ./RF24/RF24.o
                0x000007c2                RF24::setDataRate(rf24_datarate_e)
 .text._ZN4RF2410setPALevelE13rf24_pa_dbm_e
                0x00000824       0x4c ./RF24/RF24.o
                0x00000824                RF24::setPALevel(rf24_pa_dbm_e)
 .text._ZN4RF2415openReadingPipeEhy
                0x00000870       0xfe ./RF24/RF24.o
                0x00000870                RF24::openReadingPipe(unsigned char, unsigned long long)
 .text._ZN4RF244readEPvh
                0x0000096e       0x1a ./RF24/RF24.o
                0x0000096e                RF24::read(void*, unsigned char)
 .text._ZN4RF2410startWriteEPKvh
                0x00000988       0x5e ./RF24/RF24.o
                0x00000988                RF24::startWrite(void const*, unsigned char)
 .text._ZN4RF249powerDownEv
                0x000009e6       0x1e ./RF24/RF24.o
                0x000009e6                RF24::powerDown()
 .text._ZN4RF2414startListeningEv
                0x00000a04       0x74 ./RF24/RF24.o
                0x00000a04                RF24::startListening()
 .text._ZN4RF245beginEv
                0x00000a78       0xa0 ./RF24/RF24.o
                0x00000a78                RF24::begin()
 .text._ZN4RF2413read_registerEhPhh
                0x00000b18       0x58 ./RF24/RF24.o
                0x00000b18                RF24::read_register(unsigned char, unsigned char*, unsigned char)
 .text._ZN4RF245writeEPKvh
                0x00000b70       0xb2 ./RF24/RF24.o
                0x00000b70                RF24::write(void const*, unsigned char)
 .text._Z9breakTimemR12tmElements_t
                0x00000c22      0x204 ./Time.o
                0x00000c22                breakTime(unsigned long, tmElements_t&)
 .text._Z12refreshCachem
                0x00000e26       0x4c ./Time.o
                0x00000e26                refreshCache(unsigned long)
 .text._Z4yearm
                0x00000e72       0x12 ./Time.o
                0x00000e72                year(unsigned long)
 .text._Z8makeTimeR12tmElements_t
                0x00000e84      0x1ae ./Time.o
                0x00000e84                makeTime(tmElements_t&)
 .text._Z7setTimem
                0x00001032       0x5a ./Time.o
                0x00001032                setTime(unsigned long)
 .text._Z7setTimeiiiiii
                0x0000108c       0x42 ./Time.o
                0x0000108c                setTime(int, int, int, int, int, int)
 .text._Z3nowv  0x000010ce      0x11e ./Time.o
                0x000010ce                now()
 .text._Z4yearv
                0x000011ec        0xa ./Time.o
                0x000011ec                year()
 .text._Z5monthv
                0x000011f6       0x10 ./Time.o
                0x000011f6                month()
 .text._Z3dayv  0x00001206       0x10 ./Time.o
                0x00001206                day()
 .text._Z6secondv
                0x00001216       0x10 ./Time.o
                0x00001216                second()
 .text._Z6minutev
                0x00001226       0x10 ./Time.o
                0x00001226                minute()
 .text._Z4hourv
                0x00001236       0x10 ./Time.o
                0x00001236                hour()
 .text._ZN10Ultrasonic6TimingEv
                0x00001246       0x56 ./Ultrasonic.o
                0x00001246                Ultrasonic::Timing()
 .text._ZN10Ultrasonic7RangingEi
                0x0000129c       0x72 ./Ultrasonic.o
                0x0000129c                Ultrasonic::Ranging(int)
 .text._ZN10UltrasonicC1Eii
                0x0000130e       0x3e ./Ultrasonic.o
                0x0000130e                Ultrasonic::Ultrasonic(int, int)
 .text._Z13periodVerify0v
                0x0000134c       0x8e ./main.o
                0x0000134c                periodVerify0()
 .text._GLOBAL__I_monthName
                0x000013da       0x1e ./main.o
 .text._Z8sendTestv
                0x000013f8       0x4a ./main.o
                0x000013f8                sendTest()
 .text.__vector_11
                0x00001442       0x4e ./main.o
                0x00001442                __vector_11
 .text._Z9comm_RF24v
                0x00001490       0x62 ./main.o
                0x00001490                comm_RF24()
 .text._Z11clockUpdatev
                0x000014f2       0x32 ./main.o
                0x000014f2                clockUpdate()
 .text._Z7init_IOv
                0x00001524       0x26 ./main.o
                0x00001524                init_IO()
 .text._Z9init_RF24hh
                0x0000154a       0xaa ./main.o
                0x0000154a                init_RF24(unsigned char, unsigned char)
 .text._Z10motor_stopv
                0x000015f4       0x22 ./main.o
                0x000015f4                motor_stop()
 .text._Z11motor_startv
                0x00001616       0x24 ./main.o
                0x00001616                motor_start()
 .text._Z13handleMessagev
                0x0000163a      0x16c ./main.o
                0x0000163a                handleMessage()
 .text._Z13motorDecisionv
                0x000017a6       0x70 ./main.o
                0x000017a6                motorDecision()
 .text._Z10levelCheckv
                0x00001816       0x38 ./main.o
                0x00001816                levelCheck()
 .text._Z16refreshVariablesv
                0x0000184e       0x44 ./main.o
                0x0000184e                refreshVariables()
 .text.main     0x00001892       0x82 ./main.o
                0x00001892                main
 .text.__vector_18
                0x00001914       0x76 C:\Users\thiago\Dropbox\Circuits\sourceCodes\arduino_core\328P_16MHz\libarduino_core.a(HardwareSerial.o)
                0x00001914                __vector_18
 .text.__vector_19
                0x0000198a       0x76 C:\Users\thiago\Dropbox\Circuits\sourceCodes\arduino_core\328P_16MHz\libarduino_core.a(HardwareSerial.o)
                0x0000198a                __vector_19
 .text._ZN14HardwareSerial5beginEm
                0x00001a00      0x10e C:\Users\thiago\Dropbox\Circuits\sourceCodes\arduino_core\328P_16MHz\libarduino_core.a(HardwareSerial.o)
                0x00001a00                HardwareSerial::begin(unsigned long)
 .text._ZN14HardwareSerial9availableEv
                0x00001b0e       0x22 C:\Users\thiago\Dropbox\Circuits\sourceCodes\arduino_core\328P_16MHz\libarduino_core.a(HardwareSerial.o)
                0x00001b0e                HardwareSerial::available()
 .text._ZN14HardwareSerial4peekEv
                0x00001b30       0x40 C:\Users\thiago\Dropbox\Circuits\sourceCodes\arduino_core\328P_16MHz\libarduino_core.a(HardwareSerial.o)
                0x00001b30                HardwareSerial::peek()
 .text._ZN14HardwareSerial4readEv
                0x00001b70       0x52 C:\Users\thiago\Dropbox\Circuits\sourceCodes\arduino_core\328P_16MHz\libarduino_core.a(HardwareSerial.o)
                0x00001b70                HardwareSerial::read()
 .text._ZN14HardwareSerial5flushEv
                0x00001bc2       0x20 C:\Users\thiago\Dropbox\Circuits\sourceCodes\arduino_core\328P_16MHz\libarduino_core.a(HardwareSerial.o)
                0x00001bc2                HardwareSerial::flush()
 .text._ZN14HardwareSerial5writeEh
                0x00001be2       0x80 C:\Users\thiago\Dropbox\Circuits\sourceCodes\arduino_core\328P_16MHz\libarduino_core.a(HardwareSerial.o)
                0x00001be2                HardwareSerial::write(unsigned char)
 .text._GLOBAL__I_rx_buffer
                0x00001c62       0xac C:\Users\thiago\Dropbox\Circuits\sourceCodes\arduino_core\328P_16MHz\libarduino_core.a(HardwareSerial.o)
 .text._ZN5Print5writeEPKhj
                0x00001d0e       0x54 C:\Users\thiago\Dropbox\Circuits\sourceCodes\arduino_core\328P_16MHz\libarduino_core.a(Print.o)
                0x00001d0e                Print::write(unsigned char const*, unsigned int)
 .text._ZN5Print5writeEPKc
                0x00001d62       0x38 C:\Users\thiago\Dropbox\Circuits\sourceCodes\arduino_core\328P_16MHz\libarduino_core.a(Print.o)
                0x00001d62                Print::write(char const*)
 .text._ZN5Print5printEPKc
                0x00001d9a        0x6 C:\Users\thiago\Dropbox\Circuits\sourceCodes\arduino_core\328P_16MHz\libarduino_core.a(Print.o)
                0x00001d9a                Print::print(char const*)
 .text._ZN8SPIClass11setBitOrderEh
                0x00001da0       0x12 C:\Users\thiago\Dropbox\Circuits\sourceCodes\arduino_core\328P_16MHz\libarduino_core.a(SPI.o)
                0x00001da0                SPIClass::setBitOrder(unsigned char)
 .text._ZN8SPIClass11setDataModeEh
                0x00001db2        0xa C:\Users\thiago\Dropbox\Circuits\sourceCodes\arduino_core\328P_16MHz\libarduino_core.a(SPI.o)
                0x00001db2                SPIClass::setDataMode(unsigned char)
 .text._ZN8SPIClass15setClockDividerEh
                0x00001dbc       0x22 C:\Users\thiago\Dropbox\Circuits\sourceCodes\arduino_core\328P_16MHz\libarduino_core.a(SPI.o)
                0x00001dbc                SPIClass::setClockDivider(unsigned char)
 .text._ZN8SPIClass5beginEv
                0x00001dde       0x2e C:\Users\thiago\Dropbox\Circuits\sourceCodes\arduino_core\328P_16MHz\libarduino_core.a(SPI.o)
                0x00001dde                SPIClass::begin()
 .text.__vector_16
                0x00001e0c       0x90 C:\Users\thiago\Dropbox\Circuits\sourceCodes\arduino_core\328P_16MHz\libarduino_core.a(wiring.o)
                0x00001e0c                __vector_16
 .text.millis   0x00001e9c       0x1c C:\Users\thiago\Dropbox\Circuits\sourceCodes\arduino_core\328P_16MHz\libarduino_core.a(wiring.o)
                0x00001e9c                millis
 .text.micros   0x00001eb8       0x4c C:\Users\thiago\Dropbox\Circuits\sourceCodes\arduino_core\328P_16MHz\libarduino_core.a(wiring.o)
                0x00001eb8                micros
 .text.delay    0x00001f04       0x4c C:\Users\thiago\Dropbox\Circuits\sourceCodes\arduino_core\328P_16MHz\libarduino_core.a(wiring.o)
                0x00001f04                delay
 .text.delayMicroseconds
                0x00001f50       0x14 C:\Users\thiago\Dropbox\Circuits\sourceCodes\arduino_core\328P_16MHz\libarduino_core.a(wiring.o)
                0x00001f50                delayMicroseconds
 .text.init     0x00001f64       0x76 C:\Users\thiago\Dropbox\Circuits\sourceCodes\arduino_core\328P_16MHz\libarduino_core.a(wiring.o)
                0x00001f64                init
 .text.pinMode  0x00001fda       0x7e C:\Users\thiago\Dropbox\Circuits\sourceCodes\arduino_core\328P_16MHz\libarduino_core.a(wiring_digital.o)
                0x00001fda                pinMode
 .text.turnOffPWM
                0x00002058       0x5a C:\Users\thiago\Dropbox\Circuits\sourceCodes\arduino_core\328P_16MHz\libarduino_core.a(wiring_digital.o)
 .text.digitalWrite
                0x000020b2       0x66 C:\Users\thiago\Dropbox\Circuits\sourceCodes\arduino_core\328P_16MHz\libarduino_core.a(wiring_digital.o)
                0x000020b2                digitalWrite
 .text.pulseIn  0x00002118      0x138 C:\Users\thiago\Dropbox\Circuits\sourceCodes\arduino_core\328P_16MHz\libarduino_core.a(wiring_pulse.o)
                0x00002118                pulseIn
 .text.libgcc   0x00002250       0x3e c:/winavr-20100110/bin/../lib/gcc/avr/4.3.3/avr5\libgcc.a(_mulsi3.o)
                0x00002250                __mulsi3
 .text.libgcc   0x0000228e       0x26 c:/winavr-20100110/bin/../lib/gcc/avr/4.3.3/avr5\libgcc.a(_divmodhi4.o)
                0x0000228e                __divmodhi4
                0x0000228e                _div
 .text.libgcc   0x000022b4       0x44 c:/winavr-20100110/bin/../lib/gcc/avr/4.3.3/avr5\libgcc.a(_udivmodsi4.o)
                0x000022b4                __udivmodsi4
 .text.libgcc   0x000022f8       0x36 c:/winavr-20100110/bin/../lib/gcc/avr/4.3.3/avr5\libgcc.a(_divmodsi4.o)
                0x000022f8                __divmodsi4
 .text.libgcc   0x0000232e       0x28 c:/winavr-20100110/bin/../lib/gcc/avr/4.3.3/avr5\libgcc.a(_udivmodhi4.o)
                0x0000232e                __udivmodhi4
 .text.libgcc   0x00002356        0xc c:/winavr-20100110/bin/../lib/gcc/avr/4.3.3/avr5\libgcc.a(_tablejump.o)
                0x0000235a                __tablejump__
                0x00002356                __tablejump2__
                0x00002362                . = ALIGN (0x2)
 *(.fini9)
 .fini9         0x00002362        0x0 c:/winavr-20100110/bin/../lib/gcc/avr/4.3.3/avr5\libgcc.a(_exit.o)
                0x00002362                exit
                0x00002362                _exit
 *(.fini9)
 *(.fini8)
 *(.fini8)
 *(.fini7)
 *(.fini7)
 *(.fini6)
 *(.fini6)
 *(.fini5)
 *(.fini5)
 *(.fini4)
 *(.fini4)
 *(.fini3)
 *(.fini3)
 *(.fini2)
 *(.fini2)
 *(.fini1)
 *(.fini1)
 *(.fini0)
 .fini0         0x00002362        0x4 c:/winavr-20100110/bin/../lib/gcc/avr/4.3.3/avr5\libgcc.a(_exit.o)
 *(.fini0)
                0x00002366                _etext = .

.data           0x00800100       0x9c load address 0x00002366
                0x00800100                PROVIDE (__data_start, .)
 *(.data)
 .data          0x00800100       0x69 ./main.o
 *(.data*)
 .data._ZL12syncInterval
                0x00800169        0x4 ./Time.o
 .data.HourOn   0x0080016d        0x1 ./main.o
                0x0080016d                HourOn
 .data.MinOn    0x0080016e        0x1 ./main.o
                0x0080016e                MinOn
 .data.HourOff  0x0080016f        0x1 ./main.o
                0x0080016f                HourOff
 *(.rodata)
 *(.rodata*)
 .rodata._ZL9monthDays
                0x00800170        0xc ./Time.o
 .rodata._ZL5pipes
                0x0080017c       0x10 ./main.o
 .rodata._ZTV14HardwareSerial
                0x0080018c       0x10 C:\Users\thiago\Dropbox\Circuits\sourceCodes\arduino_core\328P_16MHz\libarduino_core.a(HardwareSerial.o)
                0x0080018c                vtable for HardwareSerial
 *(.gnu.linkonce.d*)
                0x0080019c                . = ALIGN (0x2)
                0x0080019c                _edata = .
                0x0080019c                PROVIDE (__data_end, .)

.bss            0x0080019c      0x112
                0x0080019c                PROVIDE (__bss_start, .)
 *(.bss)
 *(.bss*)
 .bss.getTimePtr
                0x0080019c        0x2 ./Time.o
                0x0080019c                getTimePtr
 .bss._ZL7sysTime
                0x0080019e        0x4 ./Time.o
 .bss._ZL12nextSyncTime
                0x008001a2        0x4 ./Time.o
 .bss._ZL6Status
                0x008001a6        0x2 ./Time.o
 .bss._ZL2tm    0x008001a8        0x7 ./Time.o
 .bss._ZL10prevMillis
                0x008001af        0x4 ./Time.o
 .bss._ZL9cacheTime
                0x008001b3        0x4 ./Time.o
 .bss.flag01    0x008001b7        0x1 ./main.o
                0x008001b7                flag01
 .bss.flag02    0x008001b8        0x1 ./main.o
                0x008001b8                flag02
 .bss.flag03    0x008001b9        0x1 ./main.o
                0x008001b9                flag03
 .bss.flag04    0x008001ba        0x1 ./main.o
                0x008001ba                flag04
 .bss.flag05    0x008001bb        0x1 ./main.o
                0x008001bb                flag05
 .bss.motorStatus
                0x008001bc        0x1 ./main.o
                0x008001bc                motorStatus
 .bss.MinOff    0x008001bd        0x1 ./main.o
                0x008001bd                MinOff
 .bss.distance  0x008001be        0x1 ./main.o
                0x008001be                distance
 .bss.flagSummary
                0x008001bf        0x1 ./main.o
                0x008001bf                flagSummary
 .bss.enableContSend
                0x008001c0        0x1 ./main.o
                0x008001c0                enableContSend
 .bss.enableAliveSignal
                0x008001c1        0x1 ./main.o
                0x008001c1                enableAliveSignal
 .bss.aliveCount
                0x008001c2        0x1 ./main.o
                0x008001c2                aliveCount
 .bss.periodo   0x008001c3        0x2 ./main.o
                0x008001c3                periodo
 .bss.pkt_Rx    0x008001c5        0x6 ./main.o
                0x008001c5                pkt_Rx
 .bss.pkt_Tx    0x008001cb        0x6 ./main.o
                0x008001cb                pkt_Tx
 .bss.opcode    0x008001d1        0x1 ./main.o
                0x008001d1                opcode
 .bss.enableSend
                0x008001d2        0x1 ./main.o
                0x008001d2                enableSend
 .bss.enableProcess
                0x008001d3        0x1 ./main.o
                0x008001d3                enableProcess
 .bss.ultrasonic
                0x008001d4       0x10 ./main.o
                0x008001d4                ultrasonic
 .bss.tm        0x008001e4        0x7 ./main.o
                0x008001e4                tm
 .bss.radio     0x008001eb       0x10 ./main.o
                0x008001eb                radio
 .bss.rx_buffer
                0x008001fb       0x44 C:\Users\thiago\Dropbox\Circuits\sourceCodes\arduino_core\328P_16MHz\libarduino_core.a(HardwareSerial.o)
                0x008001fb                rx_buffer
 .bss.tx_buffer
                0x0080023f       0x44 C:\Users\thiago\Dropbox\Circuits\sourceCodes\arduino_core\328P_16MHz\libarduino_core.a(HardwareSerial.o)
                0x0080023f                tx_buffer
 .bss.Serial    0x00800283       0x22 C:\Users\thiago\Dropbox\Circuits\sourceCodes\arduino_core\328P_16MHz\libarduino_core.a(HardwareSerial.o)
                0x00800283                Serial
 .bss.timer0_overflow_count
                0x008002a5        0x4 C:\Users\thiago\Dropbox\Circuits\sourceCodes\arduino_core\328P_16MHz\libarduino_core.a(wiring.o)
                0x008002a5                timer0_overflow_count
 .bss.timer0_millis
                0x008002a9        0x4 C:\Users\thiago\Dropbox\Circuits\sourceCodes\arduino_core\328P_16MHz\libarduino_core.a(wiring.o)
                0x008002a9                timer0_millis
 .bss.timer0_fract
                0x008002ad        0x1 C:\Users\thiago\Dropbox\Circuits\sourceCodes\arduino_core\328P_16MHz\libarduino_core.a(wiring.o)
 *(COMMON)
                0x008002ae                PROVIDE (__bss_end, .)
                0x00002366                __data_load_start = LOADADDR (.data)
                0x00002402                __data_load_end = (__data_load_start + SIZEOF (.data))

.noinit         0x008002ae        0x0
                0x008002ae                PROVIDE (__noinit_start, .)
 *(.noinit*)
                0x008002ae                PROVIDE (__noinit_end, .)
                0x008002ae                _end = .
                0x008002ae                PROVIDE (__heap_start, .)

.eeprom         0x00810000        0x0
 *(.eeprom*)
                0x00810000                __eeprom_end = .

.fuse
 *(.fuse)
 *(.lfuse)
 *(.hfuse)
 *(.efuse)

.lock
 *(.lock*)

.signature
 *(.signature*)

.stab           0x00000000     0x6e34
 *(.stab)
 .stab          0x00000000     0x17a0 ./RF24/RF24.o
                               0x243c (size before relaxing)
 .stab          0x000017a0      0x414 ./DateStrings.o
                                0x660 (size before relaxing)
 .stab          0x00001bb4      0xbd0 ./Time.o
                                0xffc (size before relaxing)
 .stab          0x00002784      0x5dc ./Ultrasonic.o
                                0x708 (size before relaxing)
 .stab          0x00002d60      0xf3c ./main.o
                               0x1680 (size before relaxing)
 .stab          0x00003c9c      0xa20 C:\Users\thiago\Dropbox\Circuits\sourceCodes\arduino_core\328P_16MHz\libarduino_core.a(HardwareSerial.o)
                                0xf84 (size before relaxing)
 .stab          0x000046bc      0x5a0 C:\Users\thiago\Dropbox\Circuits\sourceCodes\arduino_core\328P_16MHz\libarduino_core.a(Print.o)
                               0x1020 (size before relaxing)
 .stab          0x00004c5c      0x690 C:\Users\thiago\Dropbox\Circuits\sourceCodes\arduino_core\328P_16MHz\libarduino_core.a(SPI.o)
                                0x6cc (size before relaxing)
 .stab          0x000052ec      0x3fc C:\Users\thiago\Dropbox\Circuits\sourceCodes\arduino_core\328P_16MHz\libarduino_core.a(WString.o)
                               0x2214 (size before relaxing)
 .stab          0x000056e8      0x1c8 C:\Users\thiago\Dropbox\Circuits\sourceCodes\arduino_core\328P_16MHz\libarduino_core.a(new.o)
                                0x378 (size before relaxing)
 .stab          0x000058b0      0x948 C:\Users\thiago\Dropbox\Circuits\sourceCodes\arduino_core\328P_16MHz\libarduino_core.a(wiring.o)
                                0x954 (size before relaxing)
 .stab          0x000061f8      0x5ac C:\Users\thiago\Dropbox\Circuits\sourceCodes\arduino_core\328P_16MHz\libarduino_core.a(wiring_digital.o)
                                0xaf8 (size before relaxing)
 .stab          0x000067a4      0x414 C:\Users\thiago\Dropbox\Circuits\sourceCodes\arduino_core\328P_16MHz\libarduino_core.a(wiring_pulse.o)
                                0x744 (size before relaxing)
 .stab          0x00006bb8      0x15c C:\Users\thiago\Dropbox\Circuits\sourceCodes\arduino_core\328P_16MHz\libarduino_core.a(malloc.o)
                                0x714 (size before relaxing)
 .stab          0x00006d14      0x120 C:\Users\thiago\Dropbox\Circuits\sourceCodes\arduino_core\328P_16MHz\libarduino_core.a(realloc.o)
                                0x5ac (size before relaxing)

.stabstr        0x00000000     0x6ec5
 *(.stabstr)
 .stabstr       0x00000000     0x6ec5 ./RF24/RF24.o

.stab.excl
 *(.stab.excl)

.stab.exclstr
 *(.stab.exclstr)

.stab.index
 *(.stab.index)

.stab.indexstr
 *(.stab.indexstr)

.comment
 *(.comment)

.debug
 *(.debug)

.line
 *(.line)

.debug_srcinfo
 *(.debug_srcinfo)

.debug_sfnames
 *(.debug_sfnames)

.debug_aranges  0x00000000      0x200
 *(.debug_aranges)
 .debug_aranges
                0x00000000       0x20 c:/winavr-20100110/bin/../lib/gcc/avr/4.3.3/avr5\libgcc.a(_fixunssfsi.o)
 .debug_aranges
                0x00000020       0x20 c:/winavr-20100110/bin/../lib/gcc/avr/4.3.3/avr5\libgcc.a(_addsub_sf.o)
 .debug_aranges
                0x00000040       0x20 c:/winavr-20100110/bin/../lib/gcc/avr/4.3.3/avr5\libgcc.a(_mul_sf.o)
 .debug_aranges
                0x00000060       0x20 c:/winavr-20100110/bin/../lib/gcc/avr/4.3.3/avr5\libgcc.a(_div_sf.o)
 .debug_aranges
                0x00000080       0x20 c:/winavr-20100110/bin/../lib/gcc/avr/4.3.3/avr5\libgcc.a(_gt_sf.o)
 .debug_aranges
                0x000000a0       0x20 c:/winavr-20100110/bin/../lib/gcc/avr/4.3.3/avr5\libgcc.a(_ge_sf.o)
 .debug_aranges
                0x000000c0       0x20 c:/winavr-20100110/bin/../lib/gcc/avr/4.3.3/avr5\libgcc.a(_lt_sf.o)
 .debug_aranges
                0x000000e0       0x20 c:/winavr-20100110/bin/../lib/gcc/avr/4.3.3/avr5\libgcc.a(_le_sf.o)
 .debug_aranges
                0x00000100       0x20 c:/winavr-20100110/bin/../lib/gcc/avr/4.3.3/avr5\libgcc.a(_unord_sf.o)
 .debug_aranges
                0x00000120       0x20 c:/winavr-20100110/bin/../lib/gcc/avr/4.3.3/avr5\libgcc.a(_si_to_sf.o)
 .debug_aranges
                0x00000140       0x20 c:/winavr-20100110/bin/../lib/gcc/avr/4.3.3/avr5\libgcc.a(_sf_to_si.o)
 .debug_aranges
                0x00000160       0x20 c:/winavr-20100110/bin/../lib/gcc/avr/4.3.3/avr5\libgcc.a(_usi_to_sf.o)
 .debug_aranges
                0x00000180       0x20 c:/winavr-20100110/bin/../lib/gcc/avr/4.3.3/avr5\libgcc.a(_clzsi2.o)
 .debug_aranges
                0x000001a0       0x20 c:/winavr-20100110/bin/../lib/gcc/avr/4.3.3/avr5\libgcc.a(_pack_sf.o)
 .debug_aranges
                0x000001c0       0x20 c:/winavr-20100110/bin/../lib/gcc/avr/4.3.3/avr5\libgcc.a(_unpack_sf.o)
 .debug_aranges
                0x000001e0       0x20 c:/winavr-20100110/bin/../lib/gcc/avr/4.3.3/avr5\libgcc.a(_fpcmp_parts_sf.o)

.debug_pubnames
                0x00000000      0x253
 *(.debug_pubnames)
 .debug_pubnames
                0x00000000       0x23 c:/winavr-20100110/bin/../lib/gcc/avr/4.3.3/avr5\libgcc.a(_fixunssfsi.o)
 .debug_pubnames
                0x00000023       0x2c c:/winavr-20100110/bin/../lib/gcc/avr/4.3.3/avr5\libgcc.a(_addsub_sf.o)
 .debug_pubnames
                0x0000004f       0x1f c:/winavr-20100110/bin/../lib/gcc/avr/4.3.3/avr5\libgcc.a(_mul_sf.o)
 .debug_pubnames
                0x0000006e       0x1f c:/winavr-20100110/bin/../lib/gcc/avr/4.3.3/avr5\libgcc.a(_div_sf.o)
 .debug_pubnames
                0x0000008d       0x1e c:/winavr-20100110/bin/../lib/gcc/avr/4.3.3/avr5\libgcc.a(_gt_sf.o)
 .debug_pubnames
                0x000000ab       0x1e c:/winavr-20100110/bin/../lib/gcc/avr/4.3.3/avr5\libgcc.a(_ge_sf.o)
 .debug_pubnames
                0x000000c9       0x1e c:/winavr-20100110/bin/../lib/gcc/avr/4.3.3/avr5\libgcc.a(_lt_sf.o)
 .debug_pubnames
                0x000000e7       0x1e c:/winavr-20100110/bin/../lib/gcc/avr/4.3.3/avr5\libgcc.a(_le_sf.o)
 .debug_pubnames
                0x00000105       0x21 c:/winavr-20100110/bin/../lib/gcc/avr/4.3.3/avr5\libgcc.a(_unord_sf.o)
 .debug_pubnames
                0x00000126       0x22 c:/winavr-20100110/bin/../lib/gcc/avr/4.3.3/avr5\libgcc.a(_si_to_sf.o)
 .debug_pubnames
                0x00000148       0x20 c:/winavr-20100110/bin/../lib/gcc/avr/4.3.3/avr5\libgcc.a(_sf_to_si.o)
 .debug_pubnames
                0x00000168       0x22 c:/winavr-20100110/bin/../lib/gcc/avr/4.3.3/avr5\libgcc.a(_thenan_sf.o)
 .debug_pubnames
                0x0000018a       0x24 c:/winavr-20100110/bin/../lib/gcc/avr/4.3.3/avr5\libgcc.a(_usi_to_sf.o)
 .debug_pubnames
                0x000001ae       0x1f c:/winavr-20100110/bin/../lib/gcc/avr/4.3.3/avr5\libgcc.a(_clzsi2.o)
 .debug_pubnames
                0x000001cd       0x1f c:/winavr-20100110/bin/../lib/gcc/avr/4.3.3/avr5\libgcc.a(_pack_sf.o)
 .debug_pubnames
                0x000001ec       0x21 c:/winavr-20100110/bin/../lib/gcc/avr/4.3.3/avr5\libgcc.a(_unpack_sf.o)
 .debug_pubnames
                0x0000020d       0x26 c:/winavr-20100110/bin/../lib/gcc/avr/4.3.3/avr5\libgcc.a(_fpcmp_parts_sf.o)
 .debug_pubnames
                0x00000233       0x20 c:/winavr-20100110/bin/../lib/gcc/avr/4.3.3/avr5\libgcc.a(_clz.o)

.debug_info     0x00000000     0x2b10
 *(.debug_info)
 .debug_info    0x00000000       0xb1 c:/winavr-20100110/bin/../lib/gcc/avr/4.3.3/avr5\libgcc.a(_fixunssfsi.o)
 .debug_info    0x000000b1      0x47a c:/winavr-20100110/bin/../lib/gcc/avr/4.3.3/avr5\libgcc.a(_addsub_sf.o)
 .debug_info    0x0000052b      0x485 c:/winavr-20100110/bin/../lib/gcc/avr/4.3.3/avr5\libgcc.a(_mul_sf.o)
 .debug_info    0x000009b0      0x3fc c:/winavr-20100110/bin/../lib/gcc/avr/4.3.3/avr5\libgcc.a(_div_sf.o)
 .debug_info    0x00000dac      0x27f c:/winavr-20100110/bin/../lib/gcc/avr/4.3.3/avr5\libgcc.a(_gt_sf.o)
 .debug_info    0x0000102b      0x27f c:/winavr-20100110/bin/../lib/gcc/avr/4.3.3/avr5\libgcc.a(_ge_sf.o)
 .debug_info    0x000012aa      0x27f c:/winavr-20100110/bin/../lib/gcc/avr/4.3.3/avr5\libgcc.a(_lt_sf.o)
 .debug_info    0x00001529      0x27f c:/winavr-20100110/bin/../lib/gcc/avr/4.3.3/avr5\libgcc.a(_le_sf.o)
 .debug_info    0x000017a8      0x27f c:/winavr-20100110/bin/../lib/gcc/avr/4.3.3/avr5\libgcc.a(_unord_sf.o)
 .debug_info    0x00001a27      0x207 c:/winavr-20100110/bin/../lib/gcc/avr/4.3.3/avr5\libgcc.a(_si_to_sf.o)
 .debug_info    0x00001c2e      0x2b0 c:/winavr-20100110/bin/../lib/gcc/avr/4.3.3/avr5\libgcc.a(_sf_to_si.o)
 .debug_info    0x00001ede      0x12c c:/winavr-20100110/bin/../lib/gcc/avr/4.3.3/avr5\libgcc.a(_thenan_sf.o)
 .debug_info    0x0000200a      0x206 c:/winavr-20100110/bin/../lib/gcc/avr/4.3.3/avr5\libgcc.a(_usi_to_sf.o)
 .debug_info    0x00002210      0x117 c:/winavr-20100110/bin/../lib/gcc/avr/4.3.3/avr5\libgcc.a(_clzsi2.o)
 .debug_info    0x00002327      0x2df c:/winavr-20100110/bin/../lib/gcc/avr/4.3.3/avr5\libgcc.a(_pack_sf.o)
 .debug_info    0x00002606      0x251 c:/winavr-20100110/bin/../lib/gcc/avr/4.3.3/avr5\libgcc.a(_unpack_sf.o)
 .debug_info    0x00002857      0x210 c:/winavr-20100110/bin/../lib/gcc/avr/4.3.3/avr5\libgcc.a(_fpcmp_parts_sf.o)
 .debug_info    0x00002a67       0xa9 c:/winavr-20100110/bin/../lib/gcc/avr/4.3.3/avr5\libgcc.a(_clz.o)
 *(.gnu.linkonce.wi.*)

.debug_abbrev   0x00000000     0x1782
 *(.debug_abbrev)
 .debug_abbrev  0x00000000       0x5d c:/winavr-20100110/bin/../lib/gcc/avr/4.3.3/avr5\libgcc.a(_fixunssfsi.o)
 .debug_abbrev  0x0000005d      0x1ea c:/winavr-20100110/bin/../lib/gcc/avr/4.3.3/avr5\libgcc.a(_addsub_sf.o)
 .debug_abbrev  0x00000247      0x21b c:/winavr-20100110/bin/../lib/gcc/avr/4.3.3/avr5\libgcc.a(_mul_sf.o)
 .debug_abbrev  0x00000462      0x216 c:/winavr-20100110/bin/../lib/gcc/avr/4.3.3/avr5\libgcc.a(_div_sf.o)
 .debug_abbrev  0x00000678      0x15a c:/winavr-20100110/bin/../lib/gcc/avr/4.3.3/avr5\libgcc.a(_gt_sf.o)
 .debug_abbrev  0x000007d2      0x15a c:/winavr-20100110/bin/../lib/gcc/avr/4.3.3/avr5\libgcc.a(_ge_sf.o)
 .debug_abbrev  0x0000092c      0x15a c:/winavr-20100110/bin/../lib/gcc/avr/4.3.3/avr5\libgcc.a(_lt_sf.o)
 .debug_abbrev  0x00000a86      0x15a c:/winavr-20100110/bin/../lib/gcc/avr/4.3.3/avr5\libgcc.a(_le_sf.o)
 .debug_abbrev  0x00000be0      0x15a c:/winavr-20100110/bin/../lib/gcc/avr/4.3.3/avr5\libgcc.a(_unord_sf.o)
 .debug_abbrev  0x00000d3a      0x148 c:/winavr-20100110/bin/../lib/gcc/avr/4.3.3/avr5\libgcc.a(_si_to_sf.o)
 .debug_abbrev  0x00000e82      0x17f c:/winavr-20100110/bin/../lib/gcc/avr/4.3.3/avr5\libgcc.a(_sf_to_si.o)
 .debug_abbrev  0x00001001       0xad c:/winavr-20100110/bin/../lib/gcc/avr/4.3.3/avr5\libgcc.a(_thenan_sf.o)
 .debug_abbrev  0x000010ae      0x157 c:/winavr-20100110/bin/../lib/gcc/avr/4.3.3/avr5\libgcc.a(_usi_to_sf.o)
 .debug_abbrev  0x00001205       0xc4 c:/winavr-20100110/bin/../lib/gcc/avr/4.3.3/avr5\libgcc.a(_clzsi2.o)
 .debug_abbrev  0x000012c9      0x1c0 c:/winavr-20100110/bin/../lib/gcc/avr/4.3.3/avr5\libgcc.a(_pack_sf.o)
 .debug_abbrev  0x00001489      0x154 c:/winavr-20100110/bin/../lib/gcc/avr/4.3.3/avr5\libgcc.a(_unpack_sf.o)
 .debug_abbrev  0x000015dd      0x13b c:/winavr-20100110/bin/../lib/gcc/avr/4.3.3/avr5\libgcc.a(_fpcmp_parts_sf.o)
 .debug_abbrev  0x00001718       0x6a c:/winavr-20100110/bin/../lib/gcc/avr/4.3.3/avr5\libgcc.a(_clz.o)

.debug_line     0x00000000     0x14a9
 *(.debug_line)
 .debug_line    0x00000000       0xa7 c:/winavr-20100110/bin/../lib/gcc/avr/4.3.3/avr5\libgcc.a(_fixunssfsi.o)
 .debug_line    0x000000a7      0x2af c:/winavr-20100110/bin/../lib/gcc/avr/4.3.3/avr5\libgcc.a(_addsub_sf.o)
 .debug_line    0x00000356      0x239 c:/winavr-20100110/bin/../lib/gcc/avr/4.3.3/avr5\libgcc.a(_mul_sf.o)
 .debug_line    0x0000058f      0x1d5 c:/winavr-20100110/bin/../lib/gcc/avr/4.3.3/avr5\libgcc.a(_div_sf.o)
 .debug_line    0x00000764       0xd3 c:/winavr-20100110/bin/../lib/gcc/avr/4.3.3/avr5\libgcc.a(_gt_sf.o)
 .debug_line    0x00000837       0xd3 c:/winavr-20100110/bin/../lib/gcc/avr/4.3.3/avr5\libgcc.a(_ge_sf.o)
 .debug_line    0x0000090a       0xd3 c:/winavr-20100110/bin/../lib/gcc/avr/4.3.3/avr5\libgcc.a(_lt_sf.o)
 .debug_line    0x000009dd       0xd3 c:/winavr-20100110/bin/../lib/gcc/avr/4.3.3/avr5\libgcc.a(_le_sf.o)
 .debug_line    0x00000ab0       0xcb c:/winavr-20100110/bin/../lib/gcc/avr/4.3.3/avr5\libgcc.a(_unord_sf.o)
 .debug_line    0x00000b7b      0x135 c:/winavr-20100110/bin/../lib/gcc/avr/4.3.3/avr5\libgcc.a(_si_to_sf.o)
 .debug_line    0x00000cb0      0x109 c:/winavr-20100110/bin/../lib/gcc/avr/4.3.3/avr5\libgcc.a(_sf_to_si.o)
 .debug_line    0x00000db9       0x90 c:/winavr-20100110/bin/../lib/gcc/avr/4.3.3/avr5\libgcc.a(_thenan_sf.o)
 .debug_line    0x00000e49      0x133 c:/winavr-20100110/bin/../lib/gcc/avr/4.3.3/avr5\libgcc.a(_usi_to_sf.o)
 .debug_line    0x00000f7c       0xa5 c:/winavr-20100110/bin/../lib/gcc/avr/4.3.3/avr5\libgcc.a(_clzsi2.o)
 .debug_line    0x00001021      0x18a c:/winavr-20100110/bin/../lib/gcc/avr/4.3.3/avr5\libgcc.a(_pack_sf.o)
 .debug_line    0x000011ab      0x14b c:/winavr-20100110/bin/../lib/gcc/avr/4.3.3/avr5\libgcc.a(_unpack_sf.o)
 .debug_line    0x000012f6      0x137 c:/winavr-20100110/bin/../lib/gcc/avr/4.3.3/avr5\libgcc.a(_fpcmp_parts_sf.o)
 .debug_line    0x0000142d       0x7c c:/winavr-20100110/bin/../lib/gcc/avr/4.3.3/avr5\libgcc.a(_clz.o)

.debug_frame    0x00000000      0x220
 *(.debug_frame)
 .debug_frame   0x00000000       0x20 c:/winavr-20100110/bin/../lib/gcc/avr/4.3.3/avr5\libgcc.a(_fixunssfsi.o)
 .debug_frame   0x00000020       0x40 c:/winavr-20100110/bin/../lib/gcc/avr/4.3.3/avr5\libgcc.a(_addsub_sf.o)
 .debug_frame   0x00000060       0x20 c:/winavr-20100110/bin/../lib/gcc/avr/4.3.3/avr5\libgcc.a(_mul_sf.o)
 .debug_frame   0x00000080       0x20 c:/winavr-20100110/bin/../lib/gcc/avr/4.3.3/avr5\libgcc.a(_div_sf.o)
 .debug_frame   0x000000a0       0x20 c:/winavr-20100110/bin/../lib/gcc/avr/4.3.3/avr5\libgcc.a(_gt_sf.o)
 .debug_frame   0x000000c0       0x20 c:/winavr-20100110/bin/../lib/gcc/avr/4.3.3/avr5\libgcc.a(_ge_sf.o)
 .debug_frame   0x000000e0       0x20 c:/winavr-20100110/bin/../lib/gcc/avr/4.3.3/avr5\libgcc.a(_lt_sf.o)
 .debug_frame   0x00000100       0x20 c:/winavr-20100110/bin/../lib/gcc/avr/4.3.3/avr5\libgcc.a(_le_sf.o)
 .debug_frame   0x00000120       0x20 c:/winavr-20100110/bin/../lib/gcc/avr/4.3.3/avr5\libgcc.a(_unord_sf.o)
 .debug_frame   0x00000140       0x20 c:/winavr-20100110/bin/../lib/gcc/avr/4.3.3/avr5\libgcc.a(_si_to_sf.o)
 .debug_frame   0x00000160       0x20 c:/winavr-20100110/bin/../lib/gcc/avr/4.3.3/avr5\libgcc.a(_sf_to_si.o)
 .debug_frame   0x00000180       0x20 c:/winavr-20100110/bin/../lib/gcc/avr/4.3.3/avr5\libgcc.a(_usi_to_sf.o)
 .debug_frame   0x000001a0       0x20 c:/winavr-20100110/bin/../lib/gcc/avr/4.3.3/avr5\libgcc.a(_clzsi2.o)
 .debug_frame   0x000001c0       0x20 c:/winavr-20100110/bin/../lib/gcc/avr/4.3.3/avr5\libgcc.a(_pack_sf.o)
 .debug_frame   0x000001e0       0x20 c:/winavr-20100110/bin/../lib/gcc/avr/4.3.3/avr5\libgcc.a(_unpack_sf.o)
 .debug_frame   0x00000200       0x20 c:/winavr-20100110/bin/../lib/gcc/avr/4.3.3/avr5\libgcc.a(_fpcmp_parts_sf.o)

.debug_str      0x00000000      0x31a
 *(.debug_str)
 .debug_str     0x00000000       0xbf c:/winavr-20100110/bin/../lib/gcc/avr/4.3.3/avr5\libgcc.a(_fixunssfsi.o)
                                 0xfe (size before relaxing)
 .debug_str     0x000000bf      0x14d c:/winavr-20100110/bin/../lib/gcc/avr/4.3.3/avr5\libgcc.a(_addsub_sf.o)
                                0x206 (size before relaxing)
 .debug_str     0x0000020c       0x27 c:/winavr-20100110/bin/../lib/gcc/avr/4.3.3/avr5\libgcc.a(_mul_sf.o)
                                0x1bf (size before relaxing)
 .debug_str     0x00000233       0x35 c:/winavr-20100110/bin/../lib/gcc/avr/4.3.3/avr5\libgcc.a(_div_sf.o)
                                0x1c8 (size before relaxing)
 .debug_str     0x00000268        0x8 c:/winavr-20100110/bin/../lib/gcc/avr/4.3.3/avr5\libgcc.a(_gt_sf.o)
                                0x195 (size before relaxing)
 .debug_str     0x00000270        0x8 c:/winavr-20100110/bin/../lib/gcc/avr/4.3.3/avr5\libgcc.a(_ge_sf.o)
                                0x195 (size before relaxing)
 .debug_str     0x00000278        0x8 c:/winavr-20100110/bin/../lib/gcc/avr/4.3.3/avr5\libgcc.a(_lt_sf.o)
                                0x195 (size before relaxing)
 .debug_str     0x00000280        0x8 c:/winavr-20100110/bin/../lib/gcc/avr/4.3.3/avr5\libgcc.a(_le_sf.o)
                                0x195 (size before relaxing)
 .debug_str     0x00000288        0xb c:/winavr-20100110/bin/../lib/gcc/avr/4.3.3/avr5\libgcc.a(_unord_sf.o)
                                0x198 (size before relaxing)
 .debug_str     0x00000293       0x1e c:/winavr-20100110/bin/../lib/gcc/avr/4.3.3/avr5\libgcc.a(_si_to_sf.o)
                                0x17b (size before relaxing)
 .debug_str     0x000002b1        0xa c:/winavr-20100110/bin/../lib/gcc/avr/4.3.3/avr5\libgcc.a(_sf_to_si.o)
                                0x19e (size before relaxing)
 .debug_str     0x00000000      0x103 c:/winavr-20100110/bin/../lib/gcc/avr/4.3.3/avr5\libgcc.a(_thenan_sf.o)
 .debug_str     0x000002bb       0x14 c:/winavr-20100110/bin/../lib/gcc/avr/4.3.3/avr5\libgcc.a(_usi_to_sf.o)
                                0x177 (size before relaxing)
 .debug_str     0x000002cf       0x20 c:/winavr-20100110/bin/../lib/gcc/avr/4.3.3/avr5\libgcc.a(_clzsi2.o)
                                0x111 (size before relaxing)
 .debug_str     0x000002ef       0x10 c:/winavr-20100110/bin/../lib/gcc/avr/4.3.3/avr5\libgcc.a(_pack_sf.o)
                                0x19d (size before relaxing)
 .debug_str     0x000002ff        0xb c:/winavr-20100110/bin/../lib/gcc/avr/4.3.3/avr5\libgcc.a(_unpack_sf.o)
                                0x17f (size before relaxing)
 .debug_str     0x0000030a       0x10 c:/winavr-20100110/bin/../lib/gcc/avr/4.3.3/avr5\libgcc.a(_fpcmp_parts_sf.o)
                                0x163 (size before relaxing)
 .debug_str     0x00000000       0xf4 c:/winavr-20100110/bin/../lib/gcc/avr/4.3.3/avr5\libgcc.a(_clz.o)

.debug_loc      0x00000000      0xa92
 *(.debug_loc)
 .debug_loc     0x00000000       0x34 c:/winavr-20100110/bin/../lib/gcc/avr/4.3.3/avr5\libgcc.a(_fixunssfsi.o)
 .debug_loc     0x00000034      0x32a c:/winavr-20100110/bin/../lib/gcc/avr/4.3.3/avr5\libgcc.a(_addsub_sf.o)
 .debug_loc     0x0000035e      0x104 c:/winavr-20100110/bin/../lib/gcc/avr/4.3.3/avr5\libgcc.a(_mul_sf.o)
 .debug_loc     0x00000462       0xc0 c:/winavr-20100110/bin/../lib/gcc/avr/4.3.3/avr5\libgcc.a(_div_sf.o)
 .debug_loc     0x00000522       0x3c c:/winavr-20100110/bin/../lib/gcc/avr/4.3.3/avr5\libgcc.a(_gt_sf.o)
 .debug_loc     0x0000055e       0x3c c:/winavr-20100110/bin/../lib/gcc/avr/4.3.3/avr5\libgcc.a(_ge_sf.o)
 .debug_loc     0x0000059a       0x3c c:/winavr-20100110/bin/../lib/gcc/avr/4.3.3/avr5\libgcc.a(_lt_sf.o)
 .debug_loc     0x000005d6       0x3c c:/winavr-20100110/bin/../lib/gcc/avr/4.3.3/avr5\libgcc.a(_le_sf.o)
 .debug_loc     0x00000612       0x3c c:/winavr-20100110/bin/../lib/gcc/avr/4.3.3/avr5\libgcc.a(_unord_sf.o)
 .debug_loc     0x0000064e       0xac c:/winavr-20100110/bin/../lib/gcc/avr/4.3.3/avr5\libgcc.a(_si_to_sf.o)
 .debug_loc     0x000006fa       0x7e c:/winavr-20100110/bin/../lib/gcc/avr/4.3.3/avr5\libgcc.a(_sf_to_si.o)
 .debug_loc     0x00000778       0x4c c:/winavr-20100110/bin/../lib/gcc/avr/4.3.3/avr5\libgcc.a(_usi_to_sf.o)
 .debug_loc     0x000007c4       0x94 c:/winavr-20100110/bin/../lib/gcc/avr/4.3.3/avr5\libgcc.a(_clzsi2.o)
 .debug_loc     0x00000858      0x13e c:/winavr-20100110/bin/../lib/gcc/avr/4.3.3/avr5\libgcc.a(_pack_sf.o)
 .debug_loc     0x00000996       0xac c:/winavr-20100110/bin/../lib/gcc/avr/4.3.3/avr5\libgcc.a(_unpack_sf.o)
 .debug_loc     0x00000a42       0x50 c:/winavr-20100110/bin/../lib/gcc/avr/4.3.3/avr5\libgcc.a(_fpcmp_parts_sf.o)

.debug_macinfo
 *(.debug_macinfo)
OUTPUT(Agro_Acciona_RF24.elf elf32-avr)
LOAD linker stubs

.debug_ranges   0x00000000       0x50
 .debug_ranges  0x00000000       0x50 c:/winavr-20100110/bin/../lib/gcc/avr/4.3.3/avr5\libgcc.a(_mul_sf.o)

Cross Reference Table

Symbol                                            File
HardwareSerial::HardwareSerial(ring_buffer*, ring_buffer*, unsigned char volatile*, unsigned char volatile*, unsigned char volatile*, unsigned char volatile*, unsigned char volatile*, unsigned char volatile*, unsigned char, unsigned char, unsigned char, unsigned char, unsigned char) C:\Users\thiago\Dropbox\Circuits\sourceCodes\arduino_core\328P_16MHz\libarduino_core.a(HardwareSerial.o)
HardwareSerial::HardwareSerial(ring_buffer*, ring_buffer*, unsigned char volatile*, unsigned char volatile*, unsigned char volatile*, unsigned char volatile*, unsigned char volatile*, unsigned char volatile*, unsigned char, unsigned char, unsigned char, unsigned char, unsigned char) C:\Users\thiago\Dropbox\Circuits\sourceCodes\arduino_core\328P_16MHz\libarduino_core.a(HardwareSerial.o)
HardwareSerial::available()                       C:\Users\thiago\Dropbox\Circuits\sourceCodes\arduino_core\328P_16MHz\libarduino_core.a(HardwareSerial.o)
HardwareSerial::begin(unsigned long)              C:\Users\thiago\Dropbox\Circuits\sourceCodes\arduino_core\328P_16MHz\libarduino_core.a(HardwareSerial.o)
                                                  ./main.o
HardwareSerial::begin(unsigned long, unsigned char) C:\Users\thiago\Dropbox\Circuits\sourceCodes\arduino_core\328P_16MHz\libarduino_core.a(HardwareSerial.o)
HardwareSerial::end()                             C:\Users\thiago\Dropbox\Circuits\sourceCodes\arduino_core\328P_16MHz\libarduino_core.a(HardwareSerial.o)
HardwareSerial::flush()                           C:\Users\thiago\Dropbox\Circuits\sourceCodes\arduino_core\328P_16MHz\libarduino_core.a(HardwareSerial.o)
HardwareSerial::operator bool()                   C:\Users\thiago\Dropbox\Circuits\sourceCodes\arduino_core\328P_16MHz\libarduino_core.a(HardwareSerial.o)
HardwareSerial::peek()                            C:\Users\thiago\Dropbox\Circuits\sourceCodes\arduino_core\328P_16MHz\libarduino_core.a(HardwareSerial.o)
HardwareSerial::read()                            C:\Users\thiago\Dropbox\Circuits\sourceCodes\arduino_core\328P_16MHz\libarduino_core.a(HardwareSerial.o)
HardwareSerial::write(unsigned char)              C:\Users\thiago\Dropbox\Circuits\sourceCodes\arduino_core\328P_16MHz\libarduino_core.a(HardwareSerial.o)
                                                  ./main.o
Hour2                                             ./main.o
HourOff                                           ./main.o
HourOn                                            ./main.o
MinOff                                            ./main.o
MinOn                                             ./main.o
Minute2                                           ./main.o
Print::print(Printable const&)                    C:\Users\thiago\Dropbox\Circuits\sourceCodes\arduino_core\328P_16MHz\libarduino_core.a(Print.o)
Print::print(String const&)                       C:\Users\thiago\Dropbox\Circuits\sourceCodes\arduino_core\328P_16MHz\libarduino_core.a(Print.o)
Print::print(__FlashStringHelper const*)          C:\Users\thiago\Dropbox\Circuits\sourceCodes\arduino_core\328P_16MHz\libarduino_core.a(Print.o)
Print::print(char const*)                         C:\Users\thiago\Dropbox\Circuits\sourceCodes\arduino_core\328P_16MHz\libarduino_core.a(Print.o)
                                                  ./main.o
Print::print(char)                                C:\Users\thiago\Dropbox\Circuits\sourceCodes\arduino_core\328P_16MHz\libarduino_core.a(Print.o)
Print::print(double, int)                         C:\Users\thiago\Dropbox\Circuits\sourceCodes\arduino_core\328P_16MHz\libarduino_core.a(Print.o)
Print::print(int, int)                            C:\Users\thiago\Dropbox\Circuits\sourceCodes\arduino_core\328P_16MHz\libarduino_core.a(Print.o)
                                                  ./main.o
Print::print(long, int)                           C:\Users\thiago\Dropbox\Circuits\sourceCodes\arduino_core\328P_16MHz\libarduino_core.a(Print.o)
Print::print(unsigned char, int)                  C:\Users\thiago\Dropbox\Circuits\sourceCodes\arduino_core\328P_16MHz\libarduino_core.a(Print.o)
Print::print(unsigned int, int)                   C:\Users\thiago\Dropbox\Circuits\sourceCodes\arduino_core\328P_16MHz\libarduino_core.a(Print.o)
Print::print(unsigned long, int)                  C:\Users\thiago\Dropbox\Circuits\sourceCodes\arduino_core\328P_16MHz\libarduino_core.a(Print.o)
Print::printFloat(double, unsigned char)          C:\Users\thiago\Dropbox\Circuits\sourceCodes\arduino_core\328P_16MHz\libarduino_core.a(Print.o)
Print::printNumber(unsigned long, unsigned char)  C:\Users\thiago\Dropbox\Circuits\sourceCodes\arduino_core\328P_16MHz\libarduino_core.a(Print.o)
Print::println()                                  C:\Users\thiago\Dropbox\Circuits\sourceCodes\arduino_core\328P_16MHz\libarduino_core.a(Print.o)
Print::println(Printable const&)                  C:\Users\thiago\Dropbox\Circuits\sourceCodes\arduino_core\328P_16MHz\libarduino_core.a(Print.o)
Print::println(String const&)                     C:\Users\thiago\Dropbox\Circuits\sourceCodes\arduino_core\328P_16MHz\libarduino_core.a(Print.o)
Print::println(__FlashStringHelper const*)        C:\Users\thiago\Dropbox\Circuits\sourceCodes\arduino_core\328P_16MHz\libarduino_core.a(Print.o)
Print::println(char const*)                       C:\Users\thiago\Dropbox\Circuits\sourceCodes\arduino_core\328P_16MHz\libarduino_core.a(Print.o)
Print::println(char)                              C:\Users\thiago\Dropbox\Circuits\sourceCodes\arduino_core\328P_16MHz\libarduino_core.a(Print.o)
Print::println(double, int)                       C:\Users\thiago\Dropbox\Circuits\sourceCodes\arduino_core\328P_16MHz\libarduino_core.a(Print.o)
Print::println(int, int)                          C:\Users\thiago\Dropbox\Circuits\sourceCodes\arduino_core\328P_16MHz\libarduino_core.a(Print.o)
Print::println(long, int)                         C:\Users\thiago\Dropbox\Circuits\sourceCodes\arduino_core\328P_16MHz\libarduino_core.a(Print.o)
Print::println(unsigned char, int)                C:\Users\thiago\Dropbox\Circuits\sourceCodes\arduino_core\328P_16MHz\libarduino_core.a(Print.o)
Print::println(unsigned int, int)                 C:\Users\thiago\Dropbox\Circuits\sourceCodes\arduino_core\328P_16MHz\libarduino_core.a(Print.o)
Print::println(unsigned long, int)                C:\Users\thiago\Dropbox\Circuits\sourceCodes\arduino_core\328P_16MHz\libarduino_core.a(Print.o)
Print::write(char const*)                         C:\Users\thiago\Dropbox\Circuits\sourceCodes\arduino_core\328P_16MHz\libarduino_core.a(Print.o)
Print::write(unsigned char const*, unsigned int)  C:\Users\thiago\Dropbox\Circuits\sourceCodes\arduino_core\328P_16MHz\libarduino_core.a(Print.o)
                                                  C:\Users\thiago\Dropbox\Circuits\sourceCodes\arduino_core\328P_16MHz\libarduino_core.a(HardwareSerial.o)
RF24::RF24(unsigned char, unsigned char)          ./RF24/RF24.o
                                                  ./main.o
RF24::RF24(unsigned char, unsigned char)          ./RF24/RF24.o
RF24::available()                                 ./RF24/RF24.o
                                                  ./main.o
RF24::available(unsigned char*)                   ./RF24/RF24.o
RF24::begin()                                     ./RF24/RF24.o
                                                  ./main.o
RF24::ce(int)                                     ./RF24/RF24.o
RF24::csn(int)                                    ./RF24/RF24.o
RF24::disableCRC()                                ./RF24/RF24.o
RF24::enableAckPayload()                          ./RF24/RF24.o
RF24::enableDynamicPayloads()                     ./RF24/RF24.o
RF24::flush_rx()                                  ./RF24/RF24.o
RF24::flush_tx()                                  ./RF24/RF24.o
RF24::getCRCLength()                              ./RF24/RF24.o
RF24::getDataRate()                               ./RF24/RF24.o
RF24::getDynamicPayloadSize()                     ./RF24/RF24.o
RF24::getPALevel()                                ./RF24/RF24.o
RF24::getPayloadSize()                            ./RF24/RF24.o
RF24::get_status()                                ./RF24/RF24.o
RF24::isAckPayloadAvailable()                     ./RF24/RF24.o
RF24::isPVariant()                                ./RF24/RF24.o
RF24::openReadingPipe(unsigned char, unsigned long long) ./RF24/RF24.o
                                                  ./main.o
RF24::openWritingPipe(unsigned long long)         ./RF24/RF24.o
                                                  ./main.o
RF24::powerDown()                                 ./RF24/RF24.o
RF24::powerUp()                                   ./RF24/RF24.o
RF24::printDetails()                              ./RF24/RF24.o
RF24::print_address_register(char const*, unsigned char, unsigned char) ./RF24/RF24.o
RF24::print_byte_register(char const*, unsigned char, unsigned char) ./RF24/RF24.o
RF24::print_observe_tx(unsigned char)             ./RF24/RF24.o
RF24::print_status(unsigned char)                 ./RF24/RF24.o
RF24::read(void*, unsigned char)                  ./RF24/RF24.o
                                                  ./main.o
RF24::read_payload(void*, unsigned char)          ./RF24/RF24.o
RF24::read_register(unsigned char)                ./RF24/RF24.o
RF24::read_register(unsigned char, unsigned char*, unsigned char) ./RF24/RF24.o
RF24::setAutoAck(bool)                            ./RF24/RF24.o
RF24::setAutoAck(unsigned char, bool)             ./RF24/RF24.o
RF24::setCRCLength(rf24_crclength_e)              ./RF24/RF24.o
RF24::setChannel(unsigned char)                   ./RF24/RF24.o
RF24::setDataRate(rf24_datarate_e)                ./RF24/RF24.o
RF24::setPALevel(rf24_pa_dbm_e)                   ./RF24/RF24.o
RF24::setPayloadSize(unsigned char)               ./RF24/RF24.o
                                                  ./main.o
RF24::setRetries(unsigned char, unsigned char)    ./RF24/RF24.o
                                                  ./main.o
RF24::startListening()                            ./RF24/RF24.o
                                                  ./main.o
RF24::startWrite(void const*, unsigned char)      ./RF24/RF24.o
RF24::stopListening()                             ./RF24/RF24.o
                                                  ./main.o
RF24::testCarrier()                               ./RF24/RF24.o
RF24::testRPD()                                   ./RF24/RF24.o
RF24::toggle_features()                           ./RF24/RF24.o
RF24::whatHappened(bool&, bool&, bool&)           ./RF24/RF24.o
RF24::write(void const*, unsigned char)           ./RF24/RF24.o
                                                  ./main.o
RF24::writeAckPayload(unsigned char, void const*, unsigned char) ./RF24/RF24.o
RF24::write_payload(void const*, unsigned char)   ./RF24/RF24.o
RF24::write_register(unsigned char, unsigned char const*, unsigned char) ./RF24/RF24.o
RF24::write_register(unsigned char, unsigned char) ./RF24/RF24.o
SPI                                               C:\Users\thiago\Dropbox\Circuits\sourceCodes\arduino_core\328P_16MHz\libarduino_core.a(SPI.o)
SPIClass::begin()                                 C:\Users\thiago\Dropbox\Circuits\sourceCodes\arduino_core\328P_16MHz\libarduino_core.a(SPI.o)
                                                  ./RF24/RF24.o
SPIClass::end()                                   C:\Users\thiago\Dropbox\Circuits\sourceCodes\arduino_core\328P_16MHz\libarduino_core.a(SPI.o)
SPIClass::setBitOrder(unsigned char)              C:\Users\thiago\Dropbox\Circuits\sourceCodes\arduino_core\328P_16MHz\libarduino_core.a(SPI.o)
                                                  ./RF24/RF24.o
SPIClass::setClockDivider(unsigned char)          C:\Users\thiago\Dropbox\Circuits\sourceCodes\arduino_core\328P_16MHz\libarduino_core.a(SPI.o)
                                                  ./RF24/RF24.o
SPIClass::setDataMode(unsigned char)              C:\Users\thiago\Dropbox\Circuits\sourceCodes\arduino_core\328P_16MHz\libarduino_core.a(SPI.o)
                                                  ./RF24/RF24.o
Second2                                           ./main.o
Serial                                            C:\Users\thiago\Dropbox\Circuits\sourceCodes\arduino_core\328P_16MHz\libarduino_core.a(HardwareSerial.o)
                                                  ./main.o
String::String(String const&)                     C:\Users\thiago\Dropbox\Circuits\sourceCodes\arduino_core\328P_16MHz\libarduino_core.a(WString.o)
String::String(String const&)                     C:\Users\thiago\Dropbox\Circuits\sourceCodes\arduino_core\328P_16MHz\libarduino_core.a(WString.o)
String::String(char const*)                       C:\Users\thiago\Dropbox\Circuits\sourceCodes\arduino_core\328P_16MHz\libarduino_core.a(WString.o)
String::String(char const*)                       C:\Users\thiago\Dropbox\Circuits\sourceCodes\arduino_core\328P_16MHz\libarduino_core.a(WString.o)
String::String(char)                              C:\Users\thiago\Dropbox\Circuits\sourceCodes\arduino_core\328P_16MHz\libarduino_core.a(WString.o)
String::String(char)                              C:\Users\thiago\Dropbox\Circuits\sourceCodes\arduino_core\328P_16MHz\libarduino_core.a(WString.o)
String::String(int, unsigned char)                C:\Users\thiago\Dropbox\Circuits\sourceCodes\arduino_core\328P_16MHz\libarduino_core.a(WString.o)
String::String(int, unsigned char)                C:\Users\thiago\Dropbox\Circuits\sourceCodes\arduino_core\328P_16MHz\libarduino_core.a(WString.o)
String::String(long, unsigned char)               C:\Users\thiago\Dropbox\Circuits\sourceCodes\arduino_core\328P_16MHz\libarduino_core.a(WString.o)
String::String(long, unsigned char)               C:\Users\thiago\Dropbox\Circuits\sourceCodes\arduino_core\328P_16MHz\libarduino_core.a(WString.o)
String::String(unsigned char, unsigned char)      C:\Users\thiago\Dropbox\Circuits\sourceCodes\arduino_core\328P_16MHz\libarduino_core.a(WString.o)
String::String(unsigned char, unsigned char)      C:\Users\thiago\Dropbox\Circuits\sourceCodes\arduino_core\328P_16MHz\libarduino_core.a(WString.o)
String::String(unsigned int, unsigned char)       C:\Users\thiago\Dropbox\Circuits\sourceCodes\arduino_core\328P_16MHz\libarduino_core.a(WString.o)
String::String(unsigned int, unsigned char)       C:\Users\thiago\Dropbox\Circuits\sourceCodes\arduino_core\328P_16MHz\libarduino_core.a(WString.o)
String::String(unsigned long, unsigned char)      C:\Users\thiago\Dropbox\Circuits\sourceCodes\arduino_core\328P_16MHz\libarduino_core.a(WString.o)
String::String(unsigned long, unsigned char)      C:\Users\thiago\Dropbox\Circuits\sourceCodes\arduino_core\328P_16MHz\libarduino_core.a(WString.o)
String::changeBuffer(unsigned int)                C:\Users\thiago\Dropbox\Circuits\sourceCodes\arduino_core\328P_16MHz\libarduino_core.a(WString.o)
String::charAt(unsigned int) const                C:\Users\thiago\Dropbox\Circuits\sourceCodes\arduino_core\328P_16MHz\libarduino_core.a(WString.o)
String::compareTo(String const&) const            C:\Users\thiago\Dropbox\Circuits\sourceCodes\arduino_core\328P_16MHz\libarduino_core.a(WString.o)
String::concat(String const&)                     C:\Users\thiago\Dropbox\Circuits\sourceCodes\arduino_core\328P_16MHz\libarduino_core.a(WString.o)
String::concat(char const*)                       C:\Users\thiago\Dropbox\Circuits\sourceCodes\arduino_core\328P_16MHz\libarduino_core.a(WString.o)
String::concat(char const*, unsigned int)         C:\Users\thiago\Dropbox\Circuits\sourceCodes\arduino_core\328P_16MHz\libarduino_core.a(WString.o)
String::concat(char)                              C:\Users\thiago\Dropbox\Circuits\sourceCodes\arduino_core\328P_16MHz\libarduino_core.a(WString.o)
String::concat(int)                               C:\Users\thiago\Dropbox\Circuits\sourceCodes\arduino_core\328P_16MHz\libarduino_core.a(WString.o)
String::concat(long)                              C:\Users\thiago\Dropbox\Circuits\sourceCodes\arduino_core\328P_16MHz\libarduino_core.a(WString.o)
String::concat(unsigned char)                     C:\Users\thiago\Dropbox\Circuits\sourceCodes\arduino_core\328P_16MHz\libarduino_core.a(WString.o)
String::concat(unsigned int)                      C:\Users\thiago\Dropbox\Circuits\sourceCodes\arduino_core\328P_16MHz\libarduino_core.a(WString.o)
String::concat(unsigned long)                     C:\Users\thiago\Dropbox\Circuits\sourceCodes\arduino_core\328P_16MHz\libarduino_core.a(WString.o)
String::copy(char const*, unsigned int)           C:\Users\thiago\Dropbox\Circuits\sourceCodes\arduino_core\328P_16MHz\libarduino_core.a(WString.o)
String::endsWith(String const&) const             C:\Users\thiago\Dropbox\Circuits\sourceCodes\arduino_core\328P_16MHz\libarduino_core.a(WString.o)
String::equals(String const&) const               C:\Users\thiago\Dropbox\Circuits\sourceCodes\arduino_core\328P_16MHz\libarduino_core.a(WString.o)
String::equals(char const*) const                 C:\Users\thiago\Dropbox\Circuits\sourceCodes\arduino_core\328P_16MHz\libarduino_core.a(WString.o)
String::equalsIgnoreCase(String const&) const     C:\Users\thiago\Dropbox\Circuits\sourceCodes\arduino_core\328P_16MHz\libarduino_core.a(WString.o)
String::getBytes(unsigned char*, unsigned int, unsigned int) const C:\Users\thiago\Dropbox\Circuits\sourceCodes\arduino_core\328P_16MHz\libarduino_core.a(WString.o)
String::indexOf(String const&) const              C:\Users\thiago\Dropbox\Circuits\sourceCodes\arduino_core\328P_16MHz\libarduino_core.a(WString.o)
String::indexOf(String const&, unsigned int) const C:\Users\thiago\Dropbox\Circuits\sourceCodes\arduino_core\328P_16MHz\libarduino_core.a(WString.o)
String::indexOf(char) const                       C:\Users\thiago\Dropbox\Circuits\sourceCodes\arduino_core\328P_16MHz\libarduino_core.a(WString.o)
String::indexOf(char, unsigned int) const         C:\Users\thiago\Dropbox\Circuits\sourceCodes\arduino_core\328P_16MHz\libarduino_core.a(WString.o)
String::invalidate()                              C:\Users\thiago\Dropbox\Circuits\sourceCodes\arduino_core\328P_16MHz\libarduino_core.a(WString.o)
String::lastIndexOf(String const&) const          C:\Users\thiago\Dropbox\Circuits\sourceCodes\arduino_core\328P_16MHz\libarduino_core.a(WString.o)
String::lastIndexOf(String const&, unsigned int) const C:\Users\thiago\Dropbox\Circuits\sourceCodes\arduino_core\328P_16MHz\libarduino_core.a(WString.o)
String::lastIndexOf(char) const                   C:\Users\thiago\Dropbox\Circuits\sourceCodes\arduino_core\328P_16MHz\libarduino_core.a(WString.o)
String::lastIndexOf(char, unsigned int) const     C:\Users\thiago\Dropbox\Circuits\sourceCodes\arduino_core\328P_16MHz\libarduino_core.a(WString.o)
String::operator<(String const&) const            C:\Users\thiago\Dropbox\Circuits\sourceCodes\arduino_core\328P_16MHz\libarduino_core.a(WString.o)
String::operator<=(String const&) const           C:\Users\thiago\Dropbox\Circuits\sourceCodes\arduino_core\328P_16MHz\libarduino_core.a(WString.o)
String::operator=(String const&)                  C:\Users\thiago\Dropbox\Circuits\sourceCodes\arduino_core\328P_16MHz\libarduino_core.a(WString.o)
String::operator=(char const*)                    C:\Users\thiago\Dropbox\Circuits\sourceCodes\arduino_core\328P_16MHz\libarduino_core.a(WString.o)
String::operator>(String const&) const            C:\Users\thiago\Dropbox\Circuits\sourceCodes\arduino_core\328P_16MHz\libarduino_core.a(WString.o)
String::operator>=(String const&) const           C:\Users\thiago\Dropbox\Circuits\sourceCodes\arduino_core\328P_16MHz\libarduino_core.a(WString.o)
String::operator[](unsigned int)                  C:\Users\thiago\Dropbox\Circuits\sourceCodes\arduino_core\328P_16MHz\libarduino_core.a(WString.o)
String::operator[](unsigned int) const            C:\Users\thiago\Dropbox\Circuits\sourceCodes\arduino_core\328P_16MHz\libarduino_core.a(WString.o)
                                                  C:\Users\thiago\Dropbox\Circuits\sourceCodes\arduino_core\328P_16MHz\libarduino_core.a(Print.o)
String::replace(String const&, String const&)     C:\Users\thiago\Dropbox\Circuits\sourceCodes\arduino_core\328P_16MHz\libarduino_core.a(WString.o)
String::replace(char, char)                       C:\Users\thiago\Dropbox\Circuits\sourceCodes\arduino_core\328P_16MHz\libarduino_core.a(WString.o)
String::reserve(unsigned int)                     C:\Users\thiago\Dropbox\Circuits\sourceCodes\arduino_core\328P_16MHz\libarduino_core.a(WString.o)
String::setCharAt(unsigned int, char)             C:\Users\thiago\Dropbox\Circuits\sourceCodes\arduino_core\328P_16MHz\libarduino_core.a(WString.o)
String::startsWith(String const&) const           C:\Users\thiago\Dropbox\Circuits\sourceCodes\arduino_core\328P_16MHz\libarduino_core.a(WString.o)
String::startsWith(String const&, unsigned int) const C:\Users\thiago\Dropbox\Circuits\sourceCodes\arduino_core\328P_16MHz\libarduino_core.a(WString.o)
String::substring(unsigned int) const             C:\Users\thiago\Dropbox\Circuits\sourceCodes\arduino_core\328P_16MHz\libarduino_core.a(WString.o)
String::substring(unsigned int, unsigned int) const C:\Users\thiago\Dropbox\Circuits\sourceCodes\arduino_core\328P_16MHz\libarduino_core.a(WString.o)
String::toInt() const                             C:\Users\thiago\Dropbox\Circuits\sourceCodes\arduino_core\328P_16MHz\libarduino_core.a(WString.o)
String::toLowerCase()                             C:\Users\thiago\Dropbox\Circuits\sourceCodes\arduino_core\328P_16MHz\libarduino_core.a(WString.o)
String::toUpperCase()                             C:\Users\thiago\Dropbox\Circuits\sourceCodes\arduino_core\328P_16MHz\libarduino_core.a(WString.o)
String::trim()                                    C:\Users\thiago\Dropbox\Circuits\sourceCodes\arduino_core\328P_16MHz\libarduino_core.a(WString.o)
String::~String()                                 C:\Users\thiago\Dropbox\Circuits\sourceCodes\arduino_core\328P_16MHz\libarduino_core.a(WString.o)
String::~String()                                 C:\Users\thiago\Dropbox\Circuits\sourceCodes\arduino_core\328P_16MHz\libarduino_core.a(WString.o)
Ultrasonic::Ranging(int)                          ./Ultrasonic.o
                                                  ./main.o
Ultrasonic::Timing()                              ./Ultrasonic.o
Ultrasonic::Ultrasonic(int, int)                  ./Ultrasonic.o
Ultrasonic::Ultrasonic(int, int)                  ./Ultrasonic.o
                                                  ./main.o
__addsf3                                          c:/winavr-20100110/bin/../lib/gcc/avr/4.3.3/avr5\libgcc.a(_addsub_sf.o)
                                                  C:\Users\thiago\Dropbox\Circuits\sourceCodes\arduino_core\328P_16MHz\libarduino_core.a(Print.o)
__bad_interrupt                                   c:/winavr-20100110/bin/../lib/gcc/avr/4.3.3/../../../../avr/lib/avr5/crtm328p.o
__brkval                                          C:\Users\thiago\Dropbox\Circuits\sourceCodes\arduino_core\328P_16MHz\libarduino_core.a(realloc.o)
                                                  C:\Users\thiago\Dropbox\Circuits\sourceCodes\arduino_core\328P_16MHz\libarduino_core.a(malloc.o)
__bss_end                                         c:/winavr-20100110/bin/../lib/gcc/avr/4.3.3/avr5\libgcc.a(_clear_bss.o)
__bss_start                                       c:/winavr-20100110/bin/../lib/gcc/avr/4.3.3/avr5\libgcc.a(_clear_bss.o)
__clz_tab                                         c:/winavr-20100110/bin/../lib/gcc/avr/4.3.3/avr5\libgcc.a(_clz.o)
                                                  c:/winavr-20100110/bin/../lib/gcc/avr/4.3.3/avr5\libgcc.a(_clzsi2.o)
__clzsi2                                          c:/winavr-20100110/bin/../lib/gcc/avr/4.3.3/avr5\libgcc.a(_clzsi2.o)
                                                  c:/winavr-20100110/bin/../lib/gcc/avr/4.3.3/avr5\libgcc.a(_usi_to_sf.o)
                                                  c:/winavr-20100110/bin/../lib/gcc/avr/4.3.3/avr5\libgcc.a(_si_to_sf.o)
__ctors_end                                       c:/winavr-20100110/bin/../lib/gcc/avr/4.3.3/avr5\libgcc.a(_ctors.o)
__ctors_start                                     c:/winavr-20100110/bin/../lib/gcc/avr/4.3.3/avr5\libgcc.a(_ctors.o)
__ctype_isfalse                                   c:/winavr-20100110/bin/../lib/gcc/avr/4.3.3/../../../../avr/lib/avr5\libc.a(cty_isfalse.o)
                                                  c:/winavr-20100110/bin/../lib/gcc/avr/4.3.3/../../../../avr/lib/avr5\libc.a(isspace.o)
__ctype_istrue                                    c:/winavr-20100110/bin/../lib/gcc/avr/4.3.3/../../../../avr/lib/avr5\libc.a(cty_isfalse.o)
__cxa_guard_abort                                 C:\Users\thiago\Dropbox\Circuits\sourceCodes\arduino_core\328P_16MHz\libarduino_core.a(new.o)
__cxa_guard_acquire                               C:\Users\thiago\Dropbox\Circuits\sourceCodes\arduino_core\328P_16MHz\libarduino_core.a(new.o)
__cxa_guard_release                               C:\Users\thiago\Dropbox\Circuits\sourceCodes\arduino_core\328P_16MHz\libarduino_core.a(new.o)
__cxa_pure_virtual                                C:\Users\thiago\Dropbox\Circuits\sourceCodes\arduino_core\328P_16MHz\libarduino_core.a(new.o)
                                                  C:\Users\thiago\Dropbox\Circuits\sourceCodes\arduino_core\328P_16MHz\libarduino_core.a(Print.o)
                                                  C:\Users\thiago\Dropbox\Circuits\sourceCodes\arduino_core\328P_16MHz\libarduino_core.a(HardwareSerial.o)
__data_end                                        c:/winavr-20100110/bin/../lib/gcc/avr/4.3.3/avr5\libgcc.a(_copy_data.o)
__data_load_start                                 c:/winavr-20100110/bin/../lib/gcc/avr/4.3.3/avr5\libgcc.a(_copy_data.o)
__data_start                                      c:/winavr-20100110/bin/../lib/gcc/avr/4.3.3/avr5\libgcc.a(_copy_data.o)
__divmodhi4                                       c:/winavr-20100110/bin/../lib/gcc/avr/4.3.3/avr5\libgcc.a(_divmodhi4.o)
                                                  ./Time.o
__divmodsi4                                       c:/winavr-20100110/bin/../lib/gcc/avr/4.3.3/avr5\libgcc.a(_divmodsi4.o)
                                                  ./Ultrasonic.o
__divsf3                                          c:/winavr-20100110/bin/../lib/gcc/avr/4.3.3/avr5\libgcc.a(_div_sf.o)
                                                  C:\Users\thiago\Dropbox\Circuits\sourceCodes\arduino_core\328P_16MHz\libarduino_core.a(Print.o)
__do_clear_bss                                    c:/winavr-20100110/bin/../lib/gcc/avr/4.3.3/avr5\libgcc.a(_clear_bss.o)
                                                  c:/winavr-20100110/bin/../lib/gcc/avr/4.3.3/../../../../avr/lib/avr5\libc.a(iob.o)
                                                  C:\Users\thiago\Dropbox\Circuits\sourceCodes\arduino_core\328P_16MHz\libarduino_core.a(malloc.o)
                                                  C:\Users\thiago\Dropbox\Circuits\sourceCodes\arduino_core\328P_16MHz\libarduino_core.a(wiring.o)
                                                  C:\Users\thiago\Dropbox\Circuits\sourceCodes\arduino_core\328P_16MHz\libarduino_core.a(WString.o)
                                                  C:\Users\thiago\Dropbox\Circuits\sourceCodes\arduino_core\328P_16MHz\libarduino_core.a(SPI.o)
                                                  C:\Users\thiago\Dropbox\Circuits\sourceCodes\arduino_core\328P_16MHz\libarduino_core.a(HardwareSerial.o)
                                                  ./main.o
                                                  ./Time.o
                                                  ./DateStrings.o
__do_copy_data                                    c:/winavr-20100110/bin/../lib/gcc/avr/4.3.3/avr5\libgcc.a(_copy_data.o)
                                                  c:/winavr-20100110/bin/../lib/gcc/avr/4.3.3/avr5\libgcc.a(_clz.o)
                                                  c:/winavr-20100110/bin/../lib/gcc/avr/4.3.3/avr5\libgcc.a(_thenan_sf.o)
                                                  C:\Users\thiago\Dropbox\Circuits\sourceCodes\arduino_core\328P_16MHz\libarduino_core.a(malloc.o)
                                                  C:\Users\thiago\Dropbox\Circuits\sourceCodes\arduino_core\328P_16MHz\libarduino_core.a(WString.o)
                                                  C:\Users\thiago\Dropbox\Circuits\sourceCodes\arduino_core\328P_16MHz\libarduino_core.a(Print.o)
                                                  C:\Users\thiago\Dropbox\Circuits\sourceCodes\arduino_core\328P_16MHz\libarduino_core.a(HardwareSerial.o)
                                                  ./main.o
                                                  ./Time.o
                                                  ./DateStrings.o
__do_global_ctors                                 c:/winavr-20100110/bin/../lib/gcc/avr/4.3.3/avr5\libgcc.a(_ctors.o)
                                                  C:\Users\thiago\Dropbox\Circuits\sourceCodes\arduino_core\328P_16MHz\libarduino_core.a(HardwareSerial.o)
                                                  ./main.o
__epilogue_restores__                             c:/winavr-20100110/bin/../lib/gcc/avr/4.3.3/avr5\libgcc.a(_epilogue.o)
                                                  c:/winavr-20100110/bin/../lib/gcc/avr/4.3.3/../../../../avr/lib/avr5\libc.a(vfscanf_std.o)
                                                  c:/winavr-20100110/bin/../lib/gcc/avr/4.3.3/../../../../avr/lib/avr5\libc.a(vfprintf_std.o)
                                                  c:/winavr-20100110/bin/../lib/gcc/avr/4.3.3/../../../../avr/lib/avr5\libc.a(sscanf.o)
                                                  c:/winavr-20100110/bin/../lib/gcc/avr/4.3.3/../../../../avr/lib/avr5\libc.a(printf_p.o)
                                                  c:/winavr-20100110/bin/../lib/gcc/avr/4.3.3/avr5\libgcc.a(_usi_to_sf.o)
                                                  c:/winavr-20100110/bin/../lib/gcc/avr/4.3.3/avr5\libgcc.a(_sf_to_si.o)
                                                  c:/winavr-20100110/bin/../lib/gcc/avr/4.3.3/avr5\libgcc.a(_si_to_sf.o)
                                                  c:/winavr-20100110/bin/../lib/gcc/avr/4.3.3/avr5\libgcc.a(_unord_sf.o)
                                                  c:/winavr-20100110/bin/../lib/gcc/avr/4.3.3/avr5\libgcc.a(_le_sf.o)
                                                  c:/winavr-20100110/bin/../lib/gcc/avr/4.3.3/avr5\libgcc.a(_lt_sf.o)
                                                  c:/winavr-20100110/bin/../lib/gcc/avr/4.3.3/avr5\libgcc.a(_ge_sf.o)
                                                  c:/winavr-20100110/bin/../lib/gcc/avr/4.3.3/avr5\libgcc.a(_gt_sf.o)
                                                  c:/winavr-20100110/bin/../lib/gcc/avr/4.3.3/avr5\libgcc.a(_div_sf.o)
                                                  c:/winavr-20100110/bin/../lib/gcc/avr/4.3.3/avr5\libgcc.a(_mul_sf.o)
                                                  c:/winavr-20100110/bin/../lib/gcc/avr/4.3.3/avr5\libgcc.a(_addsub_sf.o)
__fixsfsi                                         c:/winavr-20100110/bin/../lib/gcc/avr/4.3.3/avr5\libgcc.a(_sf_to_si.o)
                                                  c:/winavr-20100110/bin/../lib/gcc/avr/4.3.3/avr5\libgcc.a(_fixunssfsi.o)
                                                  C:\Users\thiago\Dropbox\Circuits\sourceCodes\arduino_core\328P_16MHz\libarduino_core.a(Print.o)
__fixunssfsi                                      c:/winavr-20100110/bin/../lib/gcc/avr/4.3.3/avr5\libgcc.a(_fixunssfsi.o)
                                                  C:\Users\thiago\Dropbox\Circuits\sourceCodes\arduino_core\328P_16MHz\libarduino_core.a(Print.o)
__floatsisf                                       c:/winavr-20100110/bin/../lib/gcc/avr/4.3.3/avr5\libgcc.a(_si_to_sf.o)
                                                  C:\Users\thiago\Dropbox\Circuits\sourceCodes\arduino_core\328P_16MHz\libarduino_core.a(Print.o)
__floatunsisf                                     c:/winavr-20100110/bin/../lib/gcc/avr/4.3.3/avr5\libgcc.a(_usi_to_sf.o)
                                                  C:\Users\thiago\Dropbox\Circuits\sourceCodes\arduino_core\328P_16MHz\libarduino_core.a(Print.o)
__flp                                             C:\Users\thiago\Dropbox\Circuits\sourceCodes\arduino_core\328P_16MHz\libarduino_core.a(realloc.o)
                                                  C:\Users\thiago\Dropbox\Circuits\sourceCodes\arduino_core\328P_16MHz\libarduino_core.a(malloc.o)
__fpcmp_parts_f                                   c:/winavr-20100110/bin/../lib/gcc/avr/4.3.3/avr5\libgcc.a(_fpcmp_parts_sf.o)
                                                  c:/winavr-20100110/bin/../lib/gcc/avr/4.3.3/avr5\libgcc.a(_le_sf.o)
                                                  c:/winavr-20100110/bin/../lib/gcc/avr/4.3.3/avr5\libgcc.a(_lt_sf.o)
                                                  c:/winavr-20100110/bin/../lib/gcc/avr/4.3.3/avr5\libgcc.a(_ge_sf.o)
                                                  c:/winavr-20100110/bin/../lib/gcc/avr/4.3.3/avr5\libgcc.a(_gt_sf.o)
__gesf2                                           c:/winavr-20100110/bin/../lib/gcc/avr/4.3.3/avr5\libgcc.a(_ge_sf.o)
                                                  c:/winavr-20100110/bin/../lib/gcc/avr/4.3.3/avr5\libgcc.a(_fixunssfsi.o)
__gtsf2                                           c:/winavr-20100110/bin/../lib/gcc/avr/4.3.3/avr5\libgcc.a(_gt_sf.o)
                                                  C:\Users\thiago\Dropbox\Circuits\sourceCodes\arduino_core\328P_16MHz\libarduino_core.a(Print.o)
__heap_end                                        c:/winavr-20100110/bin/../lib/gcc/avr/4.3.3/../../../../avr/lib/avr5/crtm328p.o
                                                  C:\Users\thiago\Dropbox\Circuits\sourceCodes\arduino_core\328P_16MHz\libarduino_core.a(malloc.o)
__heap_start                                      C:\Users\thiago\Dropbox\Circuits\sourceCodes\arduino_core\328P_16MHz\libarduino_core.a(malloc.o)
__init                                            c:/winavr-20100110/bin/../lib/gcc/avr/4.3.3/../../../../avr/lib/avr5/crtm328p.o
__iob                                             c:/winavr-20100110/bin/../lib/gcc/avr/4.3.3/../../../../avr/lib/avr5\libc.a(printf_p.o)
                                                  c:/winavr-20100110/bin/../lib/gcc/avr/4.3.3/../../../../avr/lib/avr5\libc.a(iob.o)
                                                  c:/winavr-20100110/bin/../lib/gcc/avr/4.3.3/../../../../avr/lib/avr5\libc.a(fdevopen.o)
__lesf2                                           c:/winavr-20100110/bin/../lib/gcc/avr/4.3.3/avr5\libgcc.a(_le_sf.o)
                                                  C:\Users\thiago\Dropbox\Circuits\sourceCodes\arduino_core\328P_16MHz\libarduino_core.a(Print.o)
__ltsf2                                           c:/winavr-20100110/bin/../lib/gcc/avr/4.3.3/avr5\libgcc.a(_lt_sf.o)
                                                  C:\Users\thiago\Dropbox\Circuits\sourceCodes\arduino_core\328P_16MHz\libarduino_core.a(Print.o)
__malloc_heap_end                                 C:\Users\thiago\Dropbox\Circuits\sourceCodes\arduino_core\328P_16MHz\libarduino_core.a(malloc.o)
                                                  C:\Users\thiago\Dropbox\Circuits\sourceCodes\arduino_core\328P_16MHz\libarduino_core.a(realloc.o)
__malloc_heap_start                               C:\Users\thiago\Dropbox\Circuits\sourceCodes\arduino_core\328P_16MHz\libarduino_core.a(malloc.o)
__malloc_margin                                   C:\Users\thiago\Dropbox\Circuits\sourceCodes\arduino_core\328P_16MHz\libarduino_core.a(malloc.o)
                                                  C:\Users\thiago\Dropbox\Circuits\sourceCodes\arduino_core\328P_16MHz\libarduino_core.a(realloc.o)
__mulsf3                                          c:/winavr-20100110/bin/../lib/gcc/avr/4.3.3/avr5\libgcc.a(_mul_sf.o)
                                                  C:\Users\thiago\Dropbox\Circuits\sourceCodes\arduino_core\328P_16MHz\libarduino_core.a(Print.o)
__mulsi3                                          c:/winavr-20100110/bin/../lib/gcc/avr/4.3.3/avr5\libgcc.a(_mulsi3.o)
                                                  C:\Users\thiago\Dropbox\Circuits\sourceCodes\arduino_core\328P_16MHz\libarduino_core.a(wiring_pulse.o)
                                                  C:\Users\thiago\Dropbox\Circuits\sourceCodes\arduino_core\328P_16MHz\libarduino_core.a(Print.o)
                                                  ./Time.o
__mulsi_const_10                                  c:/winavr-20100110/bin/../lib/gcc/avr/4.3.3/../../../../avr/lib/avr5\libc.a(mulsi10.o)
                                                  c:/winavr-20100110/bin/../lib/gcc/avr/4.3.3/../../../../avr/lib/avr5\libc.a(atol.o)
__pack_f                                          c:/winavr-20100110/bin/../lib/gcc/avr/4.3.3/avr5\libgcc.a(_pack_sf.o)
                                                  c:/winavr-20100110/bin/../lib/gcc/avr/4.3.3/avr5\libgcc.a(_usi_to_sf.o)
                                                  c:/winavr-20100110/bin/../lib/gcc/avr/4.3.3/avr5\libgcc.a(_si_to_sf.o)
                                                  c:/winavr-20100110/bin/../lib/gcc/avr/4.3.3/avr5\libgcc.a(_div_sf.o)
                                                  c:/winavr-20100110/bin/../lib/gcc/avr/4.3.3/avr5\libgcc.a(_mul_sf.o)
                                                  c:/winavr-20100110/bin/../lib/gcc/avr/4.3.3/avr5\libgcc.a(_addsub_sf.o)
__prologue_saves__                                c:/winavr-20100110/bin/../lib/gcc/avr/4.3.3/avr5\libgcc.a(_prologue.o)
                                                  c:/winavr-20100110/bin/../lib/gcc/avr/4.3.3/../../../../avr/lib/avr5\libc.a(vfscanf_std.o)
                                                  c:/winavr-20100110/bin/../lib/gcc/avr/4.3.3/../../../../avr/lib/avr5\libc.a(vfprintf_std.o)
                                                  c:/winavr-20100110/bin/../lib/gcc/avr/4.3.3/../../../../avr/lib/avr5\libc.a(sscanf.o)
                                                  c:/winavr-20100110/bin/../lib/gcc/avr/4.3.3/../../../../avr/lib/avr5\libc.a(printf_p.o)
                                                  c:/winavr-20100110/bin/../lib/gcc/avr/4.3.3/avr5\libgcc.a(_usi_to_sf.o)
                                                  c:/winavr-20100110/bin/../lib/gcc/avr/4.3.3/avr5\libgcc.a(_sf_to_si.o)
                                                  c:/winavr-20100110/bin/../lib/gcc/avr/4.3.3/avr5\libgcc.a(_si_to_sf.o)
                                                  c:/winavr-20100110/bin/../lib/gcc/avr/4.3.3/avr5\libgcc.a(_unord_sf.o)
                                                  c:/winavr-20100110/bin/../lib/gcc/avr/4.3.3/avr5\libgcc.a(_le_sf.o)
                                                  c:/winavr-20100110/bin/../lib/gcc/avr/4.3.3/avr5\libgcc.a(_lt_sf.o)
                                                  c:/winavr-20100110/bin/../lib/gcc/avr/4.3.3/avr5\libgcc.a(_ge_sf.o)
                                                  c:/winavr-20100110/bin/../lib/gcc/avr/4.3.3/avr5\libgcc.a(_gt_sf.o)
                                                  c:/winavr-20100110/bin/../lib/gcc/avr/4.3.3/avr5\libgcc.a(_div_sf.o)
                                                  c:/winavr-20100110/bin/../lib/gcc/avr/4.3.3/avr5\libgcc.a(_mul_sf.o)
                                                  c:/winavr-20100110/bin/../lib/gcc/avr/4.3.3/avr5\libgcc.a(_addsub_sf.o)
__stack                                           c:/winavr-20100110/bin/../lib/gcc/avr/4.3.3/../../../../avr/lib/avr5/crtm328p.o
__subsf3                                          c:/winavr-20100110/bin/../lib/gcc/avr/4.3.3/avr5\libgcc.a(_addsub_sf.o)
                                                  c:/winavr-20100110/bin/../lib/gcc/avr/4.3.3/avr5\libgcc.a(_fixunssfsi.o)
                                                  C:\Users\thiago\Dropbox\Circuits\sourceCodes\arduino_core\328P_16MHz\libarduino_core.a(Print.o)
__tablejump2__                                    c:/winavr-20100110/bin/../lib/gcc/avr/4.3.3/avr5\libgcc.a(_tablejump.o)
__tablejump__                                     c:/winavr-20100110/bin/../lib/gcc/avr/4.3.3/avr5\libgcc.a(_tablejump.o)
                                                  c:/winavr-20100110/bin/../lib/gcc/avr/4.3.3/avr5\libgcc.a(_ctors.o)
__thenan_sf                                       c:/winavr-20100110/bin/../lib/gcc/avr/4.3.3/avr5\libgcc.a(_thenan_sf.o)
                                                  c:/winavr-20100110/bin/../lib/gcc/avr/4.3.3/avr5\libgcc.a(_div_sf.o)
                                                  c:/winavr-20100110/bin/../lib/gcc/avr/4.3.3/avr5\libgcc.a(_mul_sf.o)
                                                  c:/winavr-20100110/bin/../lib/gcc/avr/4.3.3/avr5\libgcc.a(_addsub_sf.o)
__udivmodhi4                                      c:/winavr-20100110/bin/../lib/gcc/avr/4.3.3/avr5\libgcc.a(_udivmodhi4.o)
                                                  c:/winavr-20100110/bin/../lib/gcc/avr/4.3.3/../../../../avr/lib/avr5\libc.a(utoa.o)
                                                  c:/winavr-20100110/bin/../lib/gcc/avr/4.3.3/../../../../avr/lib/avr5\libc.a(itoa.o)
                                                  c:/winavr-20100110/bin/../lib/gcc/avr/4.3.3/avr5\libgcc.a(_divmodhi4.o)
__udivmodsi4                                      c:/winavr-20100110/bin/../lib/gcc/avr/4.3.3/avr5\libgcc.a(_udivmodsi4.o)
                                                  c:/winavr-20100110/bin/../lib/gcc/avr/4.3.3/../../../../avr/lib/avr5\libc.a(ultoa.o)
                                                  c:/winavr-20100110/bin/../lib/gcc/avr/4.3.3/../../../../avr/lib/avr5\libc.a(ltoa.o)
                                                  c:/winavr-20100110/bin/../lib/gcc/avr/4.3.3/avr5\libgcc.a(_divmodsi4.o)
                                                  C:\Users\thiago\Dropbox\Circuits\sourceCodes\arduino_core\328P_16MHz\libarduino_core.a(Print.o)
                                                  C:\Users\thiago\Dropbox\Circuits\sourceCodes\arduino_core\328P_16MHz\libarduino_core.a(HardwareSerial.o)
                                                  ./Time.o
__ultoa_invert                                    c:/winavr-20100110/bin/../lib/gcc/avr/4.3.3/../../../../avr/lib/avr5\libc.a(ultoa_invert.o)
                                                  c:/winavr-20100110/bin/../lib/gcc/avr/4.3.3/../../../../avr/lib/avr5\libc.a(vfprintf_std.o)
__unordsf2                                        c:/winavr-20100110/bin/../lib/gcc/avr/4.3.3/avr5\libgcc.a(_unord_sf.o)
                                                  C:\Users\thiago\Dropbox\Circuits\sourceCodes\arduino_core\328P_16MHz\libarduino_core.a(Print.o)
__unpack_f                                        c:/winavr-20100110/bin/../lib/gcc/avr/4.3.3/avr5\libgcc.a(_unpack_sf.o)
                                                  c:/winavr-20100110/bin/../lib/gcc/avr/4.3.3/avr5\libgcc.a(_sf_to_si.o)
                                                  c:/winavr-20100110/bin/../lib/gcc/avr/4.3.3/avr5\libgcc.a(_unord_sf.o)
                                                  c:/winavr-20100110/bin/../lib/gcc/avr/4.3.3/avr5\libgcc.a(_le_sf.o)
                                                  c:/winavr-20100110/bin/../lib/gcc/avr/4.3.3/avr5\libgcc.a(_lt_sf.o)
                                                  c:/winavr-20100110/bin/../lib/gcc/avr/4.3.3/avr5\libgcc.a(_ge_sf.o)
                                                  c:/winavr-20100110/bin/../lib/gcc/avr/4.3.3/avr5\libgcc.a(_gt_sf.o)
                                                  c:/winavr-20100110/bin/../lib/gcc/avr/4.3.3/avr5\libgcc.a(_div_sf.o)
                                                  c:/winavr-20100110/bin/../lib/gcc/avr/4.3.3/avr5\libgcc.a(_mul_sf.o)
                                                  c:/winavr-20100110/bin/../lib/gcc/avr/4.3.3/avr5\libgcc.a(_addsub_sf.o)
__vector_1                                        c:/winavr-20100110/bin/../lib/gcc/avr/4.3.3/../../../../avr/lib/avr5/crtm328p.o
__vector_10                                       c:/winavr-20100110/bin/../lib/gcc/avr/4.3.3/../../../../avr/lib/avr5/crtm328p.o
__vector_11                                       ./main.o
                                                  c:/winavr-20100110/bin/../lib/gcc/avr/4.3.3/../../../../avr/lib/avr5/crtm328p.o