Archive member included because of file (symbol)

C:\Users\thiago\Dropbox\Circuits\sourceCodes\arduino_core\328P_16MHz\libarduino_core.a(HardwareSerial.o)
                              ./main.o (Serial)
C:\Users\thiago\Dropbox\Circuits\sourceCodes\arduino_core\328P_16MHz\libarduino_core.a(Print.o)
                              ./RTC/Wire.o (Print::write(unsigned char const*, unsigned int))
C:\Users\thiago\Dropbox\Circuits\sourceCodes\arduino_core\328P_16MHz\libarduino_core.a(SPI.o)
                              ./RF24/RF24.o (SPIClass::setBitOrder(unsigned char))
C:\Users\thiago\Dropbox\Circuits\sourceCodes\arduino_core\328P_16MHz\libarduino_core.a(WString.o)
                              C:\Users\thiago\Dropbox\Circuits\sourceCodes\arduino_core\328P_16MHz\libarduino_core.a(Print.o) (String::operator[](unsigned int) const)
C:\Users\thiago\Dropbox\Circuits\sourceCodes\arduino_core\328P_16MHz\libarduino_core.a(new.o)
                              ./RTC/Wire.o (__cxa_pure_virtual)
C:\Users\thiago\Dropbox\Circuits\sourceCodes\arduino_core\328P_16MHz\libarduino_core.a(wiring.o)
                              ./RTC/Time.o (millis)
C:\Users\thiago\Dropbox\Circuits\sourceCodes\arduino_core\328P_16MHz\libarduino_core.a(wiring_digital.o)
                              ./RF24/RF24.o (pinMode)
C:\Users\thiago\Dropbox\Circuits\sourceCodes\arduino_core\328P_16MHz\libarduino_core.a(wiring_pulse.o)
                              ./Ultrasonic.o (pulseIn)
C:\Users\thiago\Dropbox\Circuits\sourceCodes\arduino_core\328P_16MHz\libarduino_core.a(malloc.o)
                              C:\Users\thiago\Dropbox\Circuits\sourceCodes\arduino_core\328P_16MHz\libarduino_core.a(new.o) (malloc)
C:\Users\thiago\Dropbox\Circuits\sourceCodes\arduino_core\328P_16MHz\libarduino_core.a(realloc.o)
                              C:\Users\thiago\Dropbox\Circuits\sourceCodes\arduino_core\328P_16MHz\libarduino_core.a(WString.o) (realloc)
c:/winavr-20100110/bin/../lib/gcc/avr/4.3.3/avr5\libgcc.a(_mulsi3.o)
                              ./RTC/Time.o (__mulsi3)
c:/winavr-20100110/bin/../lib/gcc/avr/4.3.3/avr5\libgcc.a(_udivmodqi4.o)
                              ./RTC/DS1307RTC.o (__udivmodqi4)
c:/winavr-20100110/bin/../lib/gcc/avr/4.3.3/avr5\libgcc.a(_divmodhi4.o)
                              ./RTC/Time.o (__divmodhi4)
c:/winavr-20100110/bin/../lib/gcc/avr/4.3.3/avr5\libgcc.a(_udivmodsi4.o)
                              ./RTC/Time.o (__udivmodsi4)
c:/winavr-20100110/bin/../lib/gcc/avr/4.3.3/avr5\libgcc.a(_divmodsi4.o)
                              ./Ultrasonic.o (__divmodsi4)
c:/winavr-20100110/bin/../lib/gcc/avr/4.3.3/avr5\libgcc.a(_exit.o)
                              c:/winavr-20100110/bin/../lib/gcc/avr/4.3.3/../../../../avr/lib/avr5/crtm328p.o (exit)
c:/winavr-20100110/bin/../lib/gcc/avr/4.3.3/avr5\libgcc.a(_copy_data.o)
                              ./RTC/DateStrings.o (__do_copy_data)
c:/winavr-20100110/bin/../lib/gcc/avr/4.3.3/avr5\libgcc.a(_clear_bss.o)
                              ./RTC/DS1307RTC.o (__do_clear_bss)
c:/winavr-20100110/bin/../lib/gcc/avr/4.3.3/avr5\libgcc.a(_ctors.o)
                              ./RTC/DS1307RTC.o (__do_global_ctors)
c:/winavr-20100110/bin/../lib/gcc/avr/4.3.3/avr5\libgcc.a(_fixunssfsi.o)
                              C:\Users\thiago\Dropbox\Circuits\sourceCodes\arduino_core\328P_16MHz\libarduino_core.a(Print.o) (__fixunssfsi)
c:/winavr-20100110/bin/../lib/gcc/avr/4.3.3/avr5\libgcc.a(_addsub_sf.o)
                              C:\Users\thiago\Dropbox\Circuits\sourceCodes\arduino_core\328P_16MHz\libarduino_core.a(Print.o) (__subsf3)
c:/winavr-20100110/bin/../lib/gcc/avr/4.3.3/avr5\libgcc.a(_mul_sf.o)
                              C:\Users\thiago\Dropbox\Circuits\sourceCodes\arduino_core\328P_16MHz\libarduino_core.a(Print.o) (__mulsf3)
c:/winavr-20100110/bin/../lib/gcc/avr/4.3.3/avr5\libgcc.a(_div_sf.o)
                              C:\Users\thiago\Dropbox\Circuits\sourceCodes\arduino_core\328P_16MHz\libarduino_core.a(Print.o) (__divsf3)
c:/winavr-20100110/bin/../lib/gcc/avr/4.3.3/avr5\libgcc.a(_gt_sf.o)
                              C:\Users\thiago\Dropbox\Circuits\sourceCodes\arduino_core\328P_16MHz\libarduino_core.a(Print.o) (__gtsf2)
c:/winavr-20100110/bin/../lib/gcc/avr/4.3.3/avr5\libgcc.a(_ge_sf.o)
                              c:/winavr-20100110/bin/../lib/gcc/avr/4.3.3/avr5\libgcc.a(_fixunssfsi.o) (__gesf2)
c:/winavr-20100110/bin/../lib/gcc/avr/4.3.3/avr5\libgcc.a(_lt_sf.o)
                              C:\Users\thiago\Dropbox\Circuits\sourceCodes\arduino_core\328P_16MHz\libarduino_core.a(Print.o) (__ltsf2)
c:/winavr-20100110/bin/../lib/gcc/avr/4.3.3/avr5\libgcc.a(_le_sf.o)
                              C:\Users\thiago\Dropbox\Circuits\sourceCodes\arduino_core\328P_16MHz\libarduino_core.a(Print.o) (__lesf2)
c:/winavr-20100110/bin/../lib/gcc/avr/4.3.3/avr5\libgcc.a(_unord_sf.o)
[...]
Memory Configuration

Name             Origin             Length             Attributes
text             0x00000000         0x00020000         xr
data             0x00800060         0x0000ffa0         rw !x
eeprom           0x00810000         0x00010000         rw !x
fuse             0x00820000         0x00000400         rw !x
lock             0x00830000         0x00000400         rw !x
signature        0x00840000         0x00000400         rw !x
*default*        0x00000000         0xffffffff

Linker script and memory map

Address of section .data set to 0x800100
LOAD c:/winavr-20100110/bin/../lib/gcc/avr/4.3.3/../../../../avr/lib/avr5/crtm328p.o
LOAD ./RTC/DS1307RTC.o
LOAD ./RTC/DateStrings.o
LOAD ./RTC/Time.o
LOAD ./RTC/Wire.o
LOAD ./RTC/twi.o
LOAD ./RF24/RF24.o
LOAD ./Ultrasonic.o
LOAD ./main.o
LOAD C:\Users\thiago\Dropbox\Circuits\sourceCodes\arduino_core\328P_16MHz\libarduino_core.a
LOAD c:/winavr-20100110/bin/../lib/gcc/avr/4.3.3/avr5\libgcc.a
LOAD c:/winavr-20100110/bin/../lib/gcc/avr/4.3.3/../../../../avr/lib/avr5\libm.a
LOAD c:/winavr-20100110/bin/../lib/gcc/avr/4.3.3/avr5\libgcc.a
LOAD c:/winavr-20100110/bin/../lib/gcc/avr/4.3.3/../../../../avr/lib/avr5\libc.a
LOAD c:/winavr-20100110/bin/../lib/gcc/avr/4.3.3/avr5\libgcc.a

.hash
 *(.hash)

.dynsym
 *(.dynsym)

.dynstr
 *(.dynstr)

.gnu.version
 *(.gnu.version)

.gnu.version_d
 *(.gnu.version_d)

.gnu.version_r
 *(.gnu.version_r)

.rel.init
 *(.rel.init)

.rela.init
 *(.rela.init)

.rel.text
 *(.rel.text)
 *(.rel.text.*)
 *(.rel.gnu.linkonce.t*)

.rela.text
 *(.rela.text)
 *(.rela.text.*)
 *(.rela.gnu.linkonce.t*)

.rel.fini
 *(.rel.fini)

.rela.fini
 *(.rela.fini)

.rel.rodata
 *(.rel.rodata)
 *(.rel.rodata.*)
 *(.rel.gnu.linkonce.r*)

.rela.rodata
 *(.rela.rodata)
 *(.rela.rodata.*)
 *(.rela.gnu.linkonce.r*)

.rel.data
 *(.rel.data)
 *(.rel.data.*)
 *(.rel.gnu.linkonce.d*)

.rela.data
 *(.rela.data)
 *(.rela.data.*)
 *(.rela.gnu.linkonce.d*)

.rel.ctors
 *(.rel.ctors)

.rela.ctors
 *(.rela.ctors)

.rel.dtors
 *(.rel.dtors)

.rela.dtors
 *(.rela.dtors)

.rel.got
 *(.rel.got)

.rela.got
 *(.rela.got)

.rel.bss
 *(.rel.bss)

.rela.bss
 *(.rela.bss)

.rel.plt
 *(.rel.plt)

.rela.plt
 *(.rela.plt)

.text           0x00000000     0x2746
 *(.vectors)
 .vectors       0x00000000       0x68 c:/winavr-20100110/bin/../lib/gcc/avr/4.3.3/../../../../avr/lib/avr5/crtm328p.o
                0x00000000                __vectors
                0x00000000                __vector_default
 *(.vectors)
 *(.progmem.gcc*)
 *(.progmem*)
 .progmem.data  0x00000068       0x5a C:\Users\thiago\Dropbox\Circuits\sourceCodes\arduino_core\328P_16MHz\libarduino_core.a(wiring_digital.o)
                0x00000068                port_to_mode_PGM
                0x00000086                digital_pin_to_port_PGM
                0x0000009a                digital_pin_to_bit_mask_PGM
                0x00000072                port_to_output_PGM
                0x0000007c                port_to_input_PGM
                0x000000ae                digital_pin_to_timer_PGM
                0x000000c2                . = ALIGN (0x2)
                0x000000c2                __trampolines_start = .
 *(.trampolines)
 .trampolines   0x000000c2        0x0 linker stubs
 *(.trampolines*)
                0x000000c2                __trampolines_end = .
 *(.jumptables)
 *(.jumptables*)
 *(.lowtext)
 *(.lowtext*)
                0x000000c2                __ctors_start = .
 *(.ctors)
 .ctors         0x000000c2        0x2 ./RTC/DS1307RTC.o
 .ctors         0x000000c4        0x2 ./RTC/Wire.o
 .ctors         0x000000c6        0x2 ./main.o
 .ctors         0x000000c8        0x2 C:\Users\thiago\Dropbox\Circuits\sourceCodes\arduino_core\328P_16MHz\libarduino_core.a(HardwareSerial.o)
                0x000000ca                __ctors_end = .
                0x000000ca                __dtors_start = .
 *(.dtors)
                0x000000ca                __dtors_end = .
 SORT(*)(.ctors)
 SORT(*)(.dtors)
 *(.init0)
 .init0         0x000000ca        0x0 c:/winavr-20100110/bin/../lib/gcc/avr/4.3.3/../../../../avr/lib/avr5/crtm328p.o
                0x000000ca                __init
 *(.init0)
 *(.init1)
 *(.init1)
 *(.init2)
 .init2         0x000000ca        0xc c:/winavr-20100110/bin/../lib/gcc/avr/4.3.3/../../../../avr/lib/avr5/crtm328p.o
 *(.init2)
 *(.init3)
 *(.init3)
 *(.init4)
 .init4         0x000000d6       0x16 c:/winavr-20100110/bin/../lib/gcc/avr/4.3.3/avr5\libgcc.a(_copy_data.o)
                0x000000d6                __do_copy_data
 .init4         0x000000ec       0x10 c:/winavr-20100110/bin/../lib/gcc/avr/4.3.3/avr5\libgcc.a(_clear_bss.o)
                0x000000ec                __do_clear_bss
 *(.init4)
 *(.init5)
 *(.init5)
 *(.init6)
 .init6         0x000000fc       0x16 c:/winavr-20100110/bin/../lib/gcc/avr/4.3.3/avr5\libgcc.a(_ctors.o)
                0x000000fc                __do_global_ctors
 *(.init6)
 *(.init7)
 *(.init7)
 *(.init8)
 *(.init8)
 *(.init9)
 .init9         0x00000112        0x8 c:/winavr-20100110/bin/../lib/gcc/avr/4.3.3/../../../../avr/lib/avr5/crtm328p.o
 *(.init9)
 *(.text)
 .text          0x0000011a        0x4 c:/winavr-20100110/bin/../lib/gcc/avr/4.3.3/../../../../avr/lib/avr5/crtm328p.o
                0x0000011a                __vector_22
                0x0000011a                __vector_1
                0x0000011a                __vector_12
                0x0000011a                __bad_interrupt
                0x0000011a                __vector_6
                0x0000011a                __vector_3
                0x0000011a                __vector_23
                0x0000011a                __vector_25
                0x0000011a                __vector_13
                0x0000011a                __vector_17
                0x0000011a                __vector_7
                0x0000011a                __vector_5
                0x0000011a                __vector_4
                0x0000011a                __vector_9
                0x0000011a                __vector_2
                0x0000011a                __vector_21
                0x0000011a                __vector_15
                0x0000011a                __vector_8
                0x0000011a                __vector_14
                0x0000011a                __vector_10
                0x0000011a                __vector_20
                0x0000011e                . = ALIGN (0x2)
 *(.text.*)
 .text._ZN9DS1307RTC7dec2bcdEh
                0x0000011e       0x22 ./RTC/DS1307RTC.o
                0x0000011e                DS1307RTC::dec2bcd(unsigned char)
 .text._ZN9DS1307RTC7bcd2decEh
                0x00000140       0x14 ./RTC/DS1307RTC.o
                0x00000140                DS1307RTC::bcd2dec(unsigned char)
 .text._ZN9DS1307RTC5writeER12tmElements_t
                0x00000154       0xa2 ./RTC/DS1307RTC.o
                0x00000154                DS1307RTC::write(tmElements_t&)
 .text._ZN9DS1307RTC4readER12tmElements_t
                0x000001f6       0xa6 ./RTC/DS1307RTC.o
                0x000001f6                DS1307RTC::read(tmElements_t&)
 .text._GLOBAL__I__ZN9DS1307RTCC2Ev
                0x0000029c        0xa ./RTC/DS1307RTC.o
 .text._Z9breakTimemR12tmElements_t
                0x000002a6      0x204 ./RTC/Time.o
                0x000002a6                breakTime(unsigned long, tmElements_t&)
 .text._Z12refreshCachem
                0x000004aa       0x4c ./RTC/Time.o
                0x000004aa                refreshCache(unsigned long)
 .text._Z4yearm
                0x000004f6       0x12 ./RTC/Time.o
                0x000004f6                year(unsigned long)
 .text._Z7setTimem
                0x00000508       0x5a ./RTC/Time.o
                0x00000508                setTime(unsigned long)
 .text._Z3nowv  0x00000562      0x11e ./RTC/Time.o
                0x00000562                now()
 .text._Z4yearv
                0x00000680        0xa ./RTC/Time.o
                0x00000680                year()
 .text._Z5monthv
                0x0000068a       0x10 ./RTC/Time.o
                0x0000068a                month()
 .text._Z3dayv  0x0000069a       0x10 ./RTC/Time.o
                0x0000069a                day()
 .text._Z6secondv
                0x000006aa       0x10 ./RTC/Time.o
                0x000006aa                second()
 .text._Z6minutev
                0x000006ba       0x10 ./RTC/Time.o
                0x000006ba                minute()
 .text._Z4hourv
                0x000006ca       0x10 ./RTC/Time.o
                0x000006ca                hour()
 .text._ZN7TwoWire17beginTransmissionEi
                0x000006da       0x14 ./RTC/Wire.o
                0x000006da                TwoWire::beginTransmission(int)
 .text._ZN7TwoWire9availableEv
                0x000006ee       0x12 ./RTC/Wire.o
                0x000006ee                TwoWire::available()
 .text._ZN7TwoWire4readEv
                0x00000700       0x2a ./RTC/Wire.o
                0x00000700                TwoWire::read()
 .text._ZN7TwoWire4peekEv
                0x0000072a       0x22 ./RTC/Wire.o
                0x0000072a                TwoWire::peek()
 .text._ZN7TwoWire5flushEv
                0x0000074c        0x2 ./RTC/Wire.o
                0x0000074c                TwoWire::flush()
 .text._GLOBAL__I__ZN7TwoWire8rxBufferE
                0x0000074e       0x2e ./RTC/Wire.o
 .text._ZN7TwoWire5writeEPKhj
                0x0000077c       0x62 ./RTC/Wire.o
                0x0000077c                TwoWire::write(unsigned char const*, unsigned int)
 .text._ZN7TwoWire5writeEh
                0x000007de       0x60 ./RTC/Wire.o
                0x000007de                TwoWire::write(unsigned char)
 .text._ZN7TwoWire15endTransmissionEh
                0x0000083e       0x26 ./RTC/Wire.o
                0x0000083e                TwoWire::endTransmission(unsigned char)
 .text._ZN7TwoWire15endTransmissionEv
                0x00000864        0x8 ./RTC/Wire.o
                0x00000864                TwoWire::endTransmission()
 .text._ZN7TwoWire11requestFromEhhh
                0x0000086c       0x1a ./RTC/Wire.o
                0x0000086c                TwoWire::requestFrom(unsigned char, unsigned char, unsigned char)
 .text._ZN7TwoWire11requestFromEii
                0x00000886        0x8 ./RTC/Wire.o
                0x00000886                TwoWire::requestFrom(int, int)
 .text._ZN7TwoWire5beginEv
                0x0000088e       0x16 ./RTC/Wire.o
                0x0000088e                TwoWire::begin()
 .text.twi_readFrom
                0x000008a4       0x92 ./RTC/twi.o
                0x000008a4                twi_readFrom
 .text.twi_writeTo
                0x00000936       0xaa ./RTC/twi.o
                0x00000936                twi_writeTo
 .text.twi_transmit
                0x000009e0       0x36 ./RTC/twi.o
                0x000009e0                twi_transmit
 .text.__vector_24
                0x00000a16      0x322 ./RTC/twi.o
                0x00000a16                __vector_24
 .text.twi_init
                0x00000d38       0x3c ./RTC/twi.o
                0x00000d38                twi_init
 .text._ZN10Ultrasonic6TimingEv
                0x00000d74       0x56 ./Ultrasonic.o
                0x00000d74                Ultrasonic::Timing()
 .text._ZN10Ultrasonic7RangingEi
                0x00000dca       0x72 ./Ultrasonic.o
                0x00000dca                Ultrasonic::Ranging(int)
 .text._ZN10UltrasonicC1Eii
                0x00000e3c       0x3e ./Ultrasonic.o
                0x00000e3c                Ultrasonic::Ultrasonic(int, int)
 .text._Z11motor_startv
                0x00000e7a       0xc0 ./main.o
                0x00000e7a                motor_start()
 .text._Z10motor_stopv
                0x00000f3a       0xbe ./main.o
                0x00000f3a                motor_stop()
 .text._Z13periodVerify0v
                0x00000ff8       0x8e ./main.o
                0x00000ff8                periodVerify0()
 .text._Z13motorDecisionv
                0x00001086       0x80 ./main.o
                0x00001086                motorDecision()
 .text.__vector_11
                0x00001106       0x1e ./main.o
                0x00001106                __vector_11
 .text._GLOBAL__I_flag01
                0x00001124       0x12 ./main.o
 .text._Z14comm_Bluetoothv
                0x00001136      0x586 ./main.o
                0x00001136                comm_Bluetooth()
 .text._Z7init_IOv
                0x000016bc       0x16 ./main.o
                0x000016bc                init_IO()
 .text._Z10levelCheckv
                0x000016d2       0x38 ./main.o
                0x000016d2                levelCheck()
 .text._Z16refreshVariablesv
                0x0000170a       0x26 ./main.o
                0x0000170a                refreshVariables()
 .text.main     0x00001730       0x4e ./main.o
                0x00001730                main
 .text.__vector_18
                0x0000177e       0x76 C:\Users\thiago\Dropbox\Circuits\sourceCodes\arduino_core\328P_16MHz\libarduino_core.a(HardwareSerial.o)
                0x0000177e                __vector_18
 .text.__vector_19
                0x000017f4       0x76 C:\Users\thiago\Dropbox\Circuits\sourceCodes\arduino_core\328P_16MHz\libarduino_core.a(HardwareSerial.o)
                0x000017f4                __vector_19
 .text._ZN14HardwareSerial5beginEm
                0x0000186a      0x10e C:\Users\thiago\Dropbox\Circuits\sourceCodes\arduino_core\328P_16MHz\libarduino_core.a(HardwareSerial.o)
                0x0000186a                HardwareSerial::begin(unsigned long)
 .text._ZN14HardwareSerial9availableEv
                0x00001978       0x22 C:\Users\thiago\Dropbox\Circuits\sourceCodes\arduino_core\328P_16MHz\libarduino_core.a(HardwareSerial.o)
                0x00001978                HardwareSerial::available()
 .text._ZN14HardwareSerial4peekEv
                0x0000199a       0x40 C:\Users\thiago\Dropbox\Circuits\sourceCodes\arduino_core\328P_16MHz\libarduino_core.a(HardwareSerial.o)
                0x0000199a                HardwareSerial::peek()
 .text._ZN14HardwareSerial4readEv
                0x000019da       0x52 C:\Users\thiago\Dropbox\Circuits\sourceCodes\arduino_core\328P_16MHz\libarduino_core.a(HardwareSerial.o)
                0x000019da                HardwareSerial::read()
 .text._ZN14HardwareSerial5flushEv
                0x00001a2c       0x20 C:\Users\thiago\Dropbox\Circuits\sourceCodes\arduino_core\328P_16MHz\libarduino_core.a(HardwareSerial.o)
                0x00001a2c                HardwareSerial::flush()
 .text._ZN14HardwareSerial5writeEh
                0x00001a4c       0x80 C:\Users\thiago\Dropbox\Circuits\sourceCodes\arduino_core\328P_16MHz\libarduino_core.a(HardwareSerial.o)
                0x00001a4c                HardwareSerial::write(unsigned char)
 .text._GLOBAL__I_rx_buffer
                0x00001acc       0xac C:\Users\thiago\Dropbox\Circuits\sourceCodes\arduino_core\328P_16MHz\libarduino_core.a(HardwareSerial.o)
 .text._ZN5Print5writeEPKhj
                0x00001b78       0x54 C:\Users\thiago\Dropbox\Circuits\sourceCodes\arduino_core\328P_16MHz\libarduino_core.a(Print.o)
                0x00001b78                Print::write(unsigned char const*, unsigned int)
 .text._ZN5Print7printlnEv
                0x00001bcc       0x40 C:\Users\thiago\Dropbox\Circuits\sourceCodes\arduino_core\328P_16MHz\libarduino_core.a(Print.o)
                0x00001bcc                Print::println()
 .text._ZN5Print5writeEPKc
                0x00001c0c       0x38 C:\Users\thiago\Dropbox\Circuits\sourceCodes\arduino_core\328P_16MHz\libarduino_core.a(Print.o)
                0x00001c0c                Print::write(char const*)
 .text._ZN5Print5printEPKc
                0x00001c44        0x6 C:\Users\thiago\Dropbox\Circuits\sourceCodes\arduino_core\328P_16MHz\libarduino_core.a(Print.o)
                0x00001c44                Print::print(char const*)
 .text._ZN5Print7printlnEPKc
                0x00001c4a       0x26 C:\Users\thiago\Dropbox\Circuits\sourceCodes\arduino_core\328P_16MHz\libarduino_core.a(Print.o)
                0x00001c4a                Print::println(char const*)
 .text.__vector_16
                0x00001c70       0x90 C:\Users\thiago\Dropbox\Circuits\sourceCodes\arduino_core\328P_16MHz\libarduino_core.a(wiring.o)
                0x00001c70                __vector_16
 .text.millis   0x00001d00       0x1c C:\Users\thiago\Dropbox\Circuits\sourceCodes\arduino_core\328P_16MHz\libarduino_core.a(wiring.o)
                0x00001d00                millis
 .text.delayMicroseconds
                0x00001d1c       0x14 C:\Users\thiago\Dropbox\Circuits\sourceCodes\arduino_core\328P_16MHz\libarduino_core.a(wiring.o)
                0x00001d1c                delayMicroseconds
 .text.init     0x00001d30       0x76 C:\Users\thiago\Dropbox\Circuits\sourceCodes\arduino_core\328P_16MHz\libarduino_core.a(wiring.o)
                0x00001d30                init
 .text.pinMode  0x00001da6       0x7e C:\Users\thiago\Dropbox\Circuits\sourceCodes\arduino_core\328P_16MHz\libarduino_core.a(wiring_digital.o)
                0x00001da6                pinMode
 .text.turnOffPWM
                0x00001e24       0x5a C:\Users\thiago\Dropbox\Circuits\sourceCodes\arduino_core\328P_16MHz\libarduino_core.a(wiring_digital.o)
 .text.digitalWrite
                0x00001e7e       0x66 C:\Users\thiago\Dropbox\Circuits\sourceCodes\arduino_core\328P_16MHz\libarduino_core.a(wiring_digital.o)
                0x00001e7e                digitalWrite
 .text.pulseIn  0x00001ee4      0x138 C:\Users\thiago\Dropbox\Circuits\sourceCodes\arduino_core\328P_16MHz\libarduino_core.a(wiring_pulse.o)
                0x00001ee4                pulseIn
 .text.libgcc   0x0000201c       0x3e c:/winavr-20100110/bin/../lib/gcc/avr/4.3.3/avr5\libgcc.a(_mulsi3.o)
                0x0000201c                __mulsi3
 .text.libgcc   0x0000205a       0x18 c:/winavr-20100110/bin/../lib/gcc/avr/4.3.3/avr5\libgcc.a(_udivmodqi4.o)
                0x0000205a                __udivmodqi4
 .text.libgcc   0x00002072       0x26 c:/winavr-20100110/bin/../lib/gcc/avr/4.3.3/avr5\libgcc.a(_divmodhi4.o)
                0x00002072                __divmodhi4
                0x00002072                _div
 .text.libgcc   0x00002098       0x44 c:/winavr-20100110/bin/../lib/gcc/avr/4.3.3/avr5\libgcc.a(_udivmodsi4.o)
                0x00002098                __udivmodsi4
 .text.libgcc   0x000020dc       0x36 c:/winavr-20100110/bin/../lib/gcc/avr/4.3.3/avr5\libgcc.a(_divmodsi4.o)
                0x000020dc                __divmodsi4
 .text.libgcc   0x00002112       0x28 c:/winavr-20100110/bin/../lib/gcc/avr/4.3.3/avr5\libgcc.a(_udivmodhi4.o)
                0x00002112                __udivmodhi4
 .text.libgcc   0x0000213a       0x38 c:/winavr-20100110/bin/../lib/gcc/avr/4.3.3/avr5\libgcc.a(_prologue.o)
                0x0000213a                __prologue_saves__
 .text.libgcc   0x00002172       0x36 c:/winavr-20100110/bin/../lib/gcc/avr/4.3.3/avr5\libgcc.a(_epilogue.o)
                0x00002172                __epilogue_restores__
 .text.libgcc   0x000021a8        0xc c:/winavr-20100110/bin/../lib/gcc/avr/4.3.3/avr5\libgcc.a(_tablejump.o)
                0x000021ac                __tablejump__
                0x000021a8                __tablejump2__
 .text.avr-libc
                0x000021b4       0x3c c:/winavr-20100110/bin/../lib/gcc/avr/4.3.3/../../../../avr/lib/avr5\libc.a(atoi.o)
                0x000021b4                atoi
 .text.avr-libc
                0x000021f0       0x10 c:/winavr-20100110/bin/../lib/gcc/avr/4.3.3/../../../../avr/lib/avr5\libc.a(mul10.o)
                0x000021f0                __mulhi_const_10
 .text.avr-libc
                0x00002200       0x48 c:/winavr-20100110/bin/../lib/gcc/avr/4.3.3/../../../../avr/lib/avr5\libc.a(sprintf.o)
                0x00002200                sprintf
 .text.avr-libc
                0x00002248      0x3ba c:/winavr-20100110/bin/../lib/gcc/avr/4.3.3/../../../../avr/lib/avr5\libc.a(vfprintf_std.o)
                0x00002248                vfprintf
 .text.avr-libc
                0x00002602       0x16 c:/winavr-20100110/bin/../lib/gcc/avr/4.3.3/../../../../avr/lib/avr5\libc.a(strnlen_P.o)
                0x00002602                strnlen_P
 .text.avr-libc
                0x00002618       0x16 c:/winavr-20100110/bin/../lib/gcc/avr/4.3.3/../../../../avr/lib/avr5\libc.a(strnlen.o)
                0x00002618                strnlen
 .text.avr-libc
                0x0000262e       0x58 c:/winavr-20100110/bin/../lib/gcc/avr/4.3.3/../../../../avr/lib/avr5\libc.a(fputc.o)
                0x0000262e                fputc
 .text.avr-libc
                0x00002686       0xbc c:/winavr-20100110/bin/../lib/gcc/avr/4.3.3/../../../../avr/lib/avr5\libc.a(ultoa_invert.o)
                0x00002686                __ultoa_invert
                0x00002742                . = ALIGN (0x2)
 *(.fini9)
 .fini9         0x00002742        0x0 c:/winavr-20100110/bin/../lib/gcc/avr/4.3.3/avr5\libgcc.a(_exit.o)
                0x00002742                exit
                0x00002742                _exit
 *(.fini9)
 *(.fini8)
 *(.fini8)
 *(.fini7)
 *(.fini7)
 *(.fini6)
 *(.fini6)
 *(.fini5)
 *(.fini5)
 *(.fini4)
 *(.fini4)
 *(.fini3)
 *(.fini3)
 *(.fini2)
 *(.fini2)
 *(.fini1)
 *(.fini1)
 *(.fini0)
 .fini0         0x00002742        0x4 c:/winavr-20100110/bin/../lib/gcc/avr/4.3.3/avr5\libgcc.a(_exit.o)
 *(.fini0)
                0x00002746                _etext = .

.data           0x00800100      0x1e8 load address 0x00002746
                0x00800100                PROVIDE (__data_start, .)
 *(.data)
 .data          0x00800100      0x1b3 ./main.o
 *(.data*)
 .data._ZL12syncInterval
                0x008002b3        0x4 ./RTC/Time.o
 .data.HourOn   0x008002b7        0x1 ./main.o
                0x008002b7                HourOn
 .data.MinOn    0x008002b8        0x1 ./main.o
                0x008002b8                MinOn
 .data.HourOff  0x008002b9        0x1 ./main.o
                0x008002b9                HourOff
 .data.flagSummary
                0x008002ba        0x1 ./main.o
                0x008002ba                flagSummary
 *(.rodata)
 *(.rodata*)
 .rodata._ZL9monthDays
                0x008002bb        0xc ./RTC/Time.o
 .rodata._ZTV7TwoWire
                0x008002c7       0x10 ./RTC/Wire.o
                0x008002c7                vtable for TwoWire
 .rodata._ZTV14HardwareSerial
                0x008002d7       0x10 C:\Users\thiago\Dropbox\Circuits\sourceCodes\arduino_core\328P_16MHz\libarduino_core.a(HardwareSerial.o)
                0x008002d7                vtable for HardwareSerial
 *(.gnu.linkonce.d*)
                0x008002e8                . = ALIGN (0x2)
 *fill*         0x008002e7        0x1 00
                0x008002e8                _edata = .
                0x008002e8                PROVIDE (__data_end, .)

.bss            0x008002e8      0x214
                0x008002e8                PROVIDE (__bss_start, .)
 *(.bss)
 *(.bss*)
 .bss.getTimePtr
                0x008002e8        0x2 ./RTC/Time.o
                0x008002e8                getTimePtr
 .bss._ZL7sysTime
                0x008002ea        0x4 ./RTC/Time.o
 .bss._ZL12nextSyncTime
                0x008002ee        0x4 ./RTC/Time.o
 .bss._ZL6Status
                0x008002f2        0x2 ./RTC/Time.o
 .bss._ZL2tm    0x008002f4        0x7 ./RTC/Time.o
 .bss._ZL10prevMillis
                0x008002fb        0x4 ./RTC/Time.o
 .bss._ZL9cacheTime
                0x008002ff        0x4 ./RTC/Time.o
 .bss._ZN7TwoWire8rxBufferE
                0x00800303       0x20 ./RTC/Wire.o
                0x00800303                TwoWire::rxBuffer
 .bss._ZN7TwoWire13rxBufferIndexE
                0x00800323        0x1 ./RTC/Wire.o
                0x00800323                TwoWire::rxBufferIndex
 .bss._ZN7TwoWire14rxBufferLengthE
                0x00800324        0x1 ./RTC/Wire.o
                0x00800324                TwoWire::rxBufferLength
 .bss._ZN7TwoWire9txAddressE
                0x00800325        0x1 ./RTC/Wire.o
                0x00800325                TwoWire::txAddress
 .bss._ZN7TwoWire8txBufferE
                0x00800326       0x20 ./RTC/Wire.o
                0x00800326                TwoWire::txBuffer
 .bss._ZN7TwoWire13txBufferIndexE
                0x00800346        0x1 ./RTC/Wire.o
                0x00800346                TwoWire::txBufferIndex
 .bss._ZN7TwoWire14txBufferLengthE
                0x00800347        0x1 ./RTC/Wire.o
                0x00800347                TwoWire::txBufferLength
 .bss._ZN7TwoWire12transmittingE
                0x00800348        0x1 ./RTC/Wire.o
                0x00800348                TwoWire::transmitting
 .bss.Wire      0x00800349        0xc ./RTC/Wire.o
                0x00800349                Wire
 .bss.twi_state
                0x00800355        0x1 ./RTC/twi.o
 .bss.twi_slarw
                0x00800356        0x1 ./RTC/twi.o
 .bss.twi_sendStop
                0x00800357        0x1 ./RTC/twi.o
 .bss.twi_inRepStart
                0x00800358        0x1 ./RTC/twi.o
 .bss.twi_onSlaveTransmit
                0x00800359        0x2 ./RTC/twi.o
 .bss.twi_onSlaveReceive
                0x0080035b        0x2 ./RTC/twi.o
 .bss.twi_masterBuffer
                0x0080035d       0x20 ./RTC/twi.o
 .bss.twi_masterBufferIndex
                0x0080037d        0x1 ./RTC/twi.o
 .bss.twi_masterBufferLength
                0x0080037e        0x1 ./RTC/twi.o
 .bss.twi_txBuffer
                0x0080037f       0x20 ./RTC/twi.o
 .bss.twi_txBufferIndex
                0x0080039f        0x1 ./RTC/twi.o
 .bss.twi_txBufferLength
                0x008003a0        0x1 ./RTC/twi.o
 .bss.twi_rxBuffer
                0x008003a1       0x20 ./RTC/twi.o
 .bss.twi_rxBufferIndex
                0x008003c1        0x1 ./RTC/twi.o
 .bss.twi_error
                0x008003c2        0x1 ./RTC/twi.o
 .bss.flag01    0x008003c3        0x1 ./main.o
                0x008003c3                flag01
 .bss.flag02    0x008003c4        0x1 ./main.o
                0x008003c4                flag02
 .bss.flag03    0x008003c5        0x1 ./main.o
                0x008003c5                flag03
 .bss.flag04    0x008003c6        0x1 ./main.o
                0x008003c6                flag04
 .bss.flag05    0x008003c7        0x1 ./main.o
                0x008003c7                flag05
 .bss.motorStatus
                0x008003c8        0x1 ./main.o
                0x008003c8                motorStatus
 .bss.MinOff    0x008003c9        0x1 ./main.o
                0x008003c9                MinOff
 .bss.periodo   0x008003ca        0x2 ./main.o
                0x008003ca                periodo
 .bss.tm        0x008003cc        0x7 ./main.o
                0x008003cc                tm
 .bss.opcode    0x008003d3        0x1 ./main.o
                0x008003d3                opcode
 .bss.ultrasonic
                0x008003d4       0x10 ./main.o
                0x008003d4                ultrasonic
 .bss.k         0x008003e4        0x1 ./main.o
                0x008003e4                k
 .bss.rLength   0x008003e5        0x1 ./main.o
                0x008003e5                rLength
 .bss.aux       0x008003e6        0x3 ./main.o
                0x008003e6                aux
 .bss.buffer    0x008003e9       0x28 ./main.o
                0x008003e9                buffer
 .bss.inChar    0x00800411        0x1 ./main.o
                0x00800411                inChar
 .bss.sInstr    0x00800412       0x14 ./main.o
                0x00800412                sInstr
 .bss.enableTranslate
                0x00800426        0x1 ./main.o
                0x00800426                enableTranslate
 .bss.distance  0x00800427        0x2 ./main.o
                0x00800427                distance
 .bss.hourLog_ON
                0x00800429        0x2 ./main.o
                0x00800429                hourLog_ON
 .bss.minuteLog_ON
                0x0080042b        0x2 ./main.o
                0x0080042b                minuteLog_ON
 .bss.secondLog_ON
                0x0080042d        0x2 ./main.o
                0x0080042d                secondLog_ON
 .bss.hourLog_OFF
                0x0080042f        0x2 ./main.o
                0x0080042f                hourLog_OFF
 .bss.minuteLog_OFF
                0x00800431        0x2 ./main.o
                0x00800431                minuteLog_OFF
 .bss.secondLog_OFF
                0x00800433        0x2 ./main.o
                0x00800433                secondLog_OFF
 .bss.dayLog_ON
                0x00800435        0x2 ./main.o
                0x00800435                dayLog_ON
 .bss.monthLog_ON
                0x00800437        0x2 ./main.o
                0x00800437                monthLog_ON
 .bss.YearLog_ON
                0x00800439        0x2 ./main.o
                0x00800439                YearLog_ON
 .bss.dayLog_OFF
                0x0080043b        0x2 ./main.o
                0x0080043b                dayLog_OFF
 .bss.monthLog_OFF
                0x0080043d        0x2 ./main.o
                0x0080043d                monthLog_OFF
 .bss.YearLog_OFF
                0x0080043f        0x2 ./main.o
                0x0080043f                YearLog_OFF
 .bss.distanceLog_ON
                0x00800441        0x4 ./main.o
                0x00800441                distanceLog_ON
 .bss.distanceLog_OFF
                0x00800445        0x4 ./main.o
                0x00800445                distanceLog_OFF
 .bss.rx_buffer
                0x00800449       0x44 C:\Users\thiago\Dropbox\Circuits\sourceCodes\arduino_core\328P_16MHz\libarduino_core.a(HardwareSerial.o)
                0x00800449                rx_buffer
 .bss.tx_buffer
                0x0080048d       0x44 C:\Users\thiago\Dropbox\Circuits\sourceCodes\arduino_core\328P_16MHz\libarduino_core.a(HardwareSerial.o)
                0x0080048d                tx_buffer
 .bss.Serial    0x008004d1       0x22 C:\Users\thiago\Dropbox\Circuits\sourceCodes\arduino_core\328P_16MHz\libarduino_core.a(HardwareSerial.o)
                0x008004d1                Serial
 .bss.timer0_overflow_count
                0x008004f3        0x4 C:\Users\thiago\Dropbox\Circuits\sourceCodes\arduino_core\328P_16MHz\libarduino_core.a(wiring.o)
                0x008004f3                timer0_overflow_count
 .bss.timer0_millis
                0x008004f7        0x4 C:\Users\thiago\Dropbox\Circuits\sourceCodes\arduino_core\328P_16MHz\libarduino_core.a(wiring.o)
                0x008004f7                timer0_millis
 .bss.timer0_fract
                0x008004fb        0x1 C:\Users\thiago\Dropbox\Circuits\sourceCodes\arduino_core\328P_16MHz\libarduino_core.a(wiring.o)
 *(COMMON)
                0x008004fc                PROVIDE (__bss_end, .)
                0x00002746                __data_load_start = LOADADDR (.data)
                0x0000292e                __data_load_end = (__data_load_start + SIZEOF (.data))

.noinit         0x008004fc        0x0
                0x008004fc                PROVIDE (__noinit_start, .)
 *(.noinit*)
                0x008004fc                PROVIDE (__noinit_end, .)
                0x008004fc                _end = .
                0x008004fc                PROVIDE (__heap_start, .)

.eeprom         0x00810000        0x0
 *(.eeprom*)
                0x00810000                __eeprom_end = .

.fuse
 *(.fuse)
 *(.lfuse)
 *(.hfuse)
 *(.efuse)

.lock
 *(.lock*)

.signature
 *(.signature*)

.stab           0x00000000     0x6ec4
 *(.stab)
 .stab          0x00000000      0x714 ./RTC/DS1307RTC.o
                                0x84c (size before relaxing)
 .stab          0x00000714      0x414 ./RTC/DateStrings.o
                                0x660 (size before relaxing)
 .stab          0x00000b28      0xa5c ./RTC/Time.o
                                0xffc (size before relaxing)
 .stab          0x00001584      0x924 ./RTC/Wire.o
                                0xdbc (size before relaxing)
 .stab          0x00001ea8      0xb58 ./RTC/twi.o
                                0xce4 (size before relaxing)
 .stab          0x00002a00      0x4f8 ./RF24/RF24.o
                               0x243c (size before relaxing)
 .stab          0x00002ef8      0x5dc ./Ultrasonic.o
                                0x708 (size before relaxing)
 .stab          0x000034d4      0xd98 ./main.o
                               0x1518 (size before relaxing)
 .stab          0x0000426c      0xa20 C:\Users\thiago\Dropbox\Circuits\sourceCodes\arduino_core\328P_16MHz\libarduino_core.a(HardwareSerial.o)
                                0xf84 (size before relaxing)
 .stab          0x00004c8c      0x630 C:\Users\thiago\Dropbox\Circuits\sourceCodes\arduino_core\328P_16MHz\libarduino_core.a(Print.o)
                               0x1020 (size before relaxing)
 .stab          0x000052bc      0x48c C:\Users\thiago\Dropbox\Circuits\sourceCodes\arduino_core\328P_16MHz\libarduino_core.a(SPI.o)
                                0x6cc (size before relaxing)
 .stab          0x00005748      0x3fc C:\Users\thiago\Dropbox\Circuits\sourceCodes\arduino_core\328P_16MHz\libarduino_core.a(WString.o)
                               0x2214 (size before relaxing)
 .stab          0x00005b44      0x1c8 C:\Users\thiago\Dropbox\Circuits\sourceCodes\arduino_core\328P_16MHz\libarduino_core.a(new.o)
                                0x378 (size before relaxing)
 .stab          0x00005d0c      0x5a0 C:\Users\thiago\Dropbox\Circuits\sourceCodes\arduino_core\328P_16MHz\libarduino_core.a(wiring.o)
                                0x954 (size before relaxing)
 .stab          0x000062ac      0x5ac C:\Users\thiago\Dropbox\Circuits\sourceCodes\arduino_core\328P_16MHz\libarduino_core.a(wiring_digital.o)
                                0xaf8 (size before relaxing)
 .stab          0x00006858      0x414 C:\Users\thiago\Dropbox\Circuits\sourceCodes\arduino_core\328P_16MHz\libarduino_core.a(wiring_pulse.o)
                                0x744 (size before relaxing)
 .stab          0x00006c6c      0x138 C:\Users\thiago\Dropbox\Circuits\sourceCodes\arduino_core\328P_16MHz\libarduino_core.a(malloc.o)
                                0x714 (size before relaxing)
 .stab          0x00006da4      0x120 C:\Users\thiago\Dropbox\Circuits\sourceCodes\arduino_core\328P_16MHz\libarduino_core.a(realloc.o)
                                0x5ac (size before relaxing)

.stabstr        0x00000000     0x7fb7
 *(.stabstr)
 .stabstr       0x00000000     0x7fb7 ./RTC/DS1307RTC.o

.stab.excl
 *(.stab.excl)

.stab.exclstr
 *(.stab.exclstr)

.stab.index
 *(.stab.index)

.stab.indexstr
 *(.stab.indexstr)

.comment
 *(.comment)

.debug
 *(.debug)

.line
 *(.line)

.debug_srcinfo
 *(.debug_srcinfo)

.debug_sfnames
 *(.debug_sfnames)

.debug_aranges  0x00000000      0x200
 *(.debug_aranges)
 .debug_aranges
                0x00000000       0x20 c:/winavr-20100110/bin/../lib/gcc/avr/4.3.3/avr5\libgcc.a(_fixunssfsi.o)
 .debug_aranges
                0x00000020       0x20 c:/winavr-20100110/bin/../lib/gcc/avr/4.3.3/avr5\libgcc.a(_addsub_sf.o)
 .debug_aranges
                0x00000040       0x20 c:/winavr-20100110/bin/../lib/gcc/avr/4.3.3/avr5\libgcc.a(_mul_sf.o)
 .debug_aranges
                0x00000060       0x20 c:/winavr-20100110/bin/../lib/gcc/avr/4.3.3/avr5\libgcc.a(_div_sf.o)
 .debug_aranges
                0x00000080       0x20 c:/winavr-20100110/bin/../lib/gcc/avr/4.3.3/avr5\libgcc.a(_gt_sf.o)
 .debug_aranges
                0x000000a0       0x20 c:/winavr-20100110/bin/../lib/gcc/avr/4.3.3/avr5\libgcc.a(_ge_sf.o)
 .debug_aranges
                0x000000c0       0x20 c:/winavr-20100110/bin/../lib/gcc/avr/4.3.3/avr5\libgcc.a(_lt_sf.o)
 .debug_aranges
                0x000000e0       0x20 c:/winavr-20100110/bin/../lib/gcc/avr/4.3.3/avr5\libgcc.a(_le_sf.o)
 .debug_aranges
                0x00000100       0x20 c:/winavr-20100110/bin/../lib/gcc/avr/4.3.3/avr5\libgcc.a(_unord_sf.o)
 .debug_aranges
                0x00000120       0x20 c:/winavr-20100110/bin/../lib/gcc/avr/4.3.3/avr5\libgcc.a(_si_to_sf.o)
 .debug_aranges
                0x00000140       0x20 c:/winavr-20100110/bin/../lib/gcc/avr/4.3.3/avr5\libgcc.a(_sf_to_si.o)
 .debug_aranges
                0x00000160       0x20 c:/winavr-20100110/bin/../lib/gcc/avr/4.3.3/avr5\libgcc.a(_usi_to_sf.o)
 .debug_aranges
                0x00000180       0x20 c:/winavr-20100110/bin/../lib/gcc/avr/4.3.3/avr5\libgcc.a(_clzsi2.o)
 .debug_aranges
                0x000001a0       0x20 c:/winavr-20100110/bin/../lib/gcc/avr/4.3.3/avr5\libgcc.a(_pack_sf.o)
 .debug_aranges
                0x000001c0       0x20 c:/winavr-20100110/bin/../lib/gcc/avr/4.3.3/avr5\libgcc.a(_unpack_sf.o)
 .debug_aranges
                0x000001e0       0x20 c:/winavr-20100110/bin/../lib/gcc/avr/4.3.3/avr5\libgcc.a(_fpcmp_parts_sf.o)

.debug_pubnames
                0x00000000      0x253
 *(.debug_pubnames)
 .debug_pubnames
                0x00000000       0x23 c:/winavr-20100110/bin/../lib/gcc/avr/4.3.3/avr5\libgcc.a(_fixunssfsi.o)
 .debug_pubnames
                0x00000023       0x2c c:/winavr-20100110/bin/../lib/gcc/avr/4.3.3/avr5\libgcc.a(_addsub_sf.o)
 .debug_pubnames
                0x0000004f       0x1f c:/winavr-20100110/bin/../lib/gcc/avr/4.3.3/avr5\libgcc.a(_mul_sf.o)
 .debug_pubnames
                0x0000006e       0x1f c:/winavr-20100110/bin/../lib/gcc/avr/4.3.3/avr5\libgcc.a(_div_sf.o)
 .debug_pubnames
                0x0000008d       0x1e c:/winavr-20100110/bin/../lib/gcc/avr/4.3.3/avr5\libgcc.a(_gt_sf.o)
 .debug_pubnames
                0x000000ab       0x1e c:/winavr-20100110/bin/../lib/gcc/avr/4.3.3/avr5\libgcc.a(_ge_sf.o)
 .debug_pubnames
                0x000000c9       0x1e c:/winavr-20100110/bin/../lib/gcc/avr/4.3.3/avr5\libgcc.a(_lt_sf.o)
 .debug_pubnames
                0x000000e7       0x1e c:/winavr-20100110/bin/../lib/gcc/avr/4.3.3/avr5\libgcc.a(_le_sf.o)
 .debug_pubnames
                0x00000105       0x21 c:/winavr-20100110/bin/../lib/gcc/avr/4.3.3/avr5\libgcc.a(_unord_sf.o)
 .debug_pubnames
                0x00000126       0x22 c:/winavr-20100110/bin/../lib/gcc/avr/4.3.3/avr5\libgcc.a(_si_to_sf.o)
 .debug_pubnames
                0x00000148       0x20 c:/winavr-20100110/bin/../lib/gcc/avr/4.3.3/avr5\libgcc.a(_sf_to_si.o)
 .debug_pubnames
                0x00000168       0x22 c:/winavr-20100110/bin/../lib/gcc/avr/4.3.3/avr5\libgcc.a(_thenan_sf.o)
 .debug_pubnames
                0x0000018a       0x24 c:/winavr-20100110/bin/../lib/gcc/avr/4.3.3/avr5\libgcc.a(_usi_to_sf.o)
 .debug_pubnames
                0x000001ae       0x1f c:/winavr-20100110/bin/../lib/gcc/avr/4.3.3/avr5\libgcc.a(_clzsi2.o)
 .debug_pubnames
                0x000001cd       0x1f c:/winavr-20100110/bin/../lib/gcc/avr/4.3.3/avr5\libgcc.a(_pack_sf.o)
 .debug_pubnames
                0x000001ec       0x21 c:/winavr-20100110/bin/../lib/gcc/avr/4.3.3/avr5\libgcc.a(_unpack_sf.o)
 .debug_pubnames
                0x0000020d       0x26 c:/winavr-20100110/bin/../lib/gcc/avr/4.3.3/avr5\libgcc.a(_fpcmp_parts_sf.o)
 .debug_pubnames
                0x00000233       0x20 c:/winavr-20100110/bin/../lib/gcc/avr/4.3.3/avr5\libgcc.a(_clz.o)

.debug_info     0x00000000     0x2b10
 *(.debug_info)
 .debug_info    0x00000000       0xb1 c:/winavr-20100110/bin/../lib/gcc/avr/4.3.3/avr5\libgcc.a(_fixunssfsi.o)
 .debug_info    0x000000b1      0x47a c:/winavr-20100110/bin/../lib/gcc/avr/4.3.3/avr5\libgcc.a(_addsub_sf.o)
 .debug_info    0x0000052b      0x485 c:/winavr-20100110/bin/../lib/gcc/avr/4.3.3/avr5\libgcc.a(_mul_sf.o)
 .debug_info    0x000009b0      0x3fc c:/winavr-20100110/bin/../lib/gcc/avr/4.3.3/avr5\libgcc.a(_div_sf.o)
 .debug_info    0x00000dac      0x27f c:/winavr-20100110/bin/../lib/gcc/avr/4.3.3/avr5\libgcc.a(_gt_sf.o)
 .debug_info    0x0000102b      0x27f c:/winavr-20100110/bin/../lib/gcc/avr/4.3.3/avr5\libgcc.a(_ge_sf.o)
 .debug_info    0x000012aa      0x27f c:/winavr-20100110/bin/../lib/gcc/avr/4.3.3/avr5\libgcc.a(_lt_sf.o)
 .debug_info    0x00001529      0x27f c:/winavr-20100110/bin/../lib/gcc/avr/4.3.3/avr5\libgcc.a(_le_sf.o)
 .debug_info    0x000017a8      0x27f c:/winavr-20100110/bin/../lib/gcc/avr/4.3.3/avr5\libgcc.a(_unord_sf.o)
 .debug_info    0x00001a27      0x207 c:/winavr-20100110/bin/../lib/gcc/avr/4.3.3/avr5\libgcc.a(_si_to_sf.o)
 .debug_info    0x00001c2e      0x2b0 c:/winavr-20100110/bin/../lib/gcc/avr/4.3.3/avr5\libgcc.a(_sf_to_si.o)
 .debug_info    0x00001ede      0x12c c:/winavr-20100110/bin/../lib/gcc/avr/4.3.3/avr5\libgcc.a(_thenan_sf.o)
 .debug_info    0x0000200a      0x206 c:/winavr-20100110/bin/../lib/gcc/avr/4.3.3/avr5\libgcc.a(_usi_to_sf.o)
 .debug_info    0x00002210      0x117 c:/winavr-20100110/bin/../lib/gcc/avr/4.3.3/avr5\libgcc.a(_clzsi2.o)
 .debug_info    0x00002327      0x2df c:/winavr-20100110/bin/../lib/gcc/avr/4.3.3/avr5\libgcc.a(_pack_sf.o)
 .debug_info    0x00002606      0x251 c:/winavr-20100110/bin/../lib/gcc/avr/4.3.3/avr5\libgcc.a(_unpack_sf.o)
 .debug_info    0x00002857      0x210 c:/winavr-20100110/bin/../lib/gcc/avr/4.3.3/avr5\libgcc.a(_fpcmp_parts_sf.o)
 .debug_info    0x00002a67       0xa9 c:/winavr-20100110/bin/../lib/gcc/avr/4.3.3/avr5\libgcc.a(_clz.o)
 *(.gnu.linkonce.wi.*)

.debug_abbrev   0x00000000     0x1782
 *(.debug_abbrev)
 .debug_abbrev  0x00000000       0x5d c:/winavr-20100110/bin/../lib/gcc/avr/4.3.3/avr5\libgcc.a(_fixunssfsi.o)
 .debug_abbrev  0x0000005d      0x1ea c:/winavr-20100110/bin/../lib/gcc/avr/4.3.3/avr5\libgcc.a(_addsub_sf.o)
 .debug_abbrev  0x00000247      0x21b c:/winavr-20100110/bin/../lib/gcc/avr/4.3.3/avr5\libgcc.a(_mul_sf.o)
 .debug_abbrev  0x00000462      0x216 c:/winavr-20100110/bin/../lib/gcc/avr/4.3.3/avr5\libgcc.a(_div_sf.o)
 .debug_abbrev  0x00000678      0x15a c:/winavr-20100110/bin/../lib/gcc/avr/4.3.3/avr5\libgcc.a(_gt_sf.o)
 .debug_abbrev  0x000007d2      0x15a c:/winavr-20100110/bin/../lib/gcc/avr/4.3.3/avr5\libgcc.a(_ge_sf.o)
 .debug_abbrev  0x0000092c      0x15a c:/winavr-20100110/bin/../lib/gcc/avr/4.3.3/avr5\libgcc.a(_lt_sf.o)
 .debug_abbrev  0x00000a86      0x15a c:/winavr-20100110/bin/../lib/gcc/avr/4.3.3/avr5\libgcc.a(_le_sf.o)
 .debug_abbrev  0x00000be0      0x15a c:/winavr-20100110/bin/../lib/gcc/avr/4.3.3/avr5\libgcc.a(_unord_sf.o)
 .debug_abbrev  0x00000d3a      0x148 c:/winavr-20100110/bin/../lib/gcc/avr/4.3.3/avr5\libgcc.a(_si_to_sf.o)
 .debug_abbrev  0x00000e82      0x17f c:/winavr-20100110/bin/../lib/gcc/avr/4.3.3/avr5\libgcc.a(_sf_to_si.o)
 .debug_abbrev  0x00001001       0xad c:/winavr-20100110/bin/../lib/gcc/avr/4.3.3/avr5\libgcc.a(_thenan_sf.o)
 .debug_abbrev  0x000010ae      0x157 c:/winavr-20100110/bin/../lib/gcc/avr/4.3.3/avr5\libgcc.a(_usi_to_sf.o)
 .debug_abbrev  0x00001205       0xc4 c:/winavr-20100110/bin/../lib/gcc/avr/4.3.3/avr5\libgcc.a(_clzsi2.o)
 .debug_abbrev  0x000012c9      0x1c0 c:/winavr-20100110/bin/../lib/gcc/avr/4.3.3/avr5\libgcc.a(_pack_sf.o)
 .debug_abbrev  0x00001489      0x154 c:/winavr-20100110/bin/../lib/gcc/avr/4.3.3/avr5\libgcc.a(_unpack_sf.o)
 .debug_abbrev  0x000015dd      0x13b c:/winavr-20100110/bin/../lib/gcc/avr/4.3.3/avr5\libgcc.a(_fpcmp_parts_sf.o)
 .debug_abbrev  0x00001718       0x6a c:/winavr-20100110/bin/../lib/gcc/avr/4.3.3/avr5\libgcc.a(_clz.o)

.debug_line     0x00000000     0x14a9
 *(.debug_line)
 .debug_line    0x00000000       0xa7 c:/winavr-20100110/bin/../lib/gcc/avr/4.3.3/avr5\libgcc.a(_fixunssfsi.o)
 .debug_line    0x000000a7      0x2af c:/winavr-20100110/bin/../lib/gcc/avr/4.3.3/avr5\libgcc.a(_addsub_sf.o)
 .debug_line    0x00000356      0x239 c:/winavr-20100110/bin/../lib/gcc/avr/4.3.3/avr5\libgcc.a(_mul_sf.o)
 .debug_line    0x0000058f      0x1d5 c:/winavr-20100110/bin/../lib/gcc/avr/4.3.3/avr5\libgcc.a(_div_sf.o)
 .debug_line    0x00000764       0xd3 c:/winavr-20100110/bin/../lib/gcc/avr/4.3.3/avr5\libgcc.a(_gt_sf.o)
 .debug_line    0x00000837       0xd3 c:/winavr-20100110/bin/../lib/gcc/avr/4.3.3/avr5\libgcc.a(_ge_sf.o)
 .debug_line    0x0000090a       0xd3 c:/winavr-20100110/bin/../lib/gcc/avr/4.3.3/avr5\libgcc.a(_lt_sf.o)
 .debug_line    0x000009dd       0xd3 c:/winavr-20100110/bin/../lib/gcc/avr/4.3.3/avr5\libgcc.a(_le_sf.o)
 .debug_line    0x00000ab0       0xcb c:/winavr-20100110/bin/../lib/gcc/avr/4.3.3/avr5\libgcc.a(_unord_sf.o)
 .debug_line    0x00000b7b      0x135 c:/winavr-20100110/bin/../lib/gcc/avr/4.3.3/avr5\libgcc.a(_si_to_sf.o)
 .debug_line    0x00000cb0      0x109 c:/winavr-20100110/bin/../lib/gcc/avr/4.3.3/avr5\libgcc.a(_sf_to_si.o)
 .debug_line    0x00000db9       0x90 c:/winavr-20100110/bin/../lib/gcc/avr/4.3.3/avr5\libgcc.a(_thenan_sf.o)
 .debug_line    0x00000e49      0x133 c:/winavr-20100110/bin/../lib/gcc/avr/4.3.3/avr5\libgcc.a(_usi_to_sf.o)
 .debug_line    0x00000f7c       0xa5 c:/winavr-20100110/bin/../lib/gcc/avr/4.3.3/avr5\libgcc.a(_clzsi2.o)
 .debug_line    0x00001021      0x18a c:/winavr-20100110/bin/../lib/gcc/avr/4.3.3/avr5\libgcc.a(_pack_sf.o)
 .debug_line    0x000011ab      0x14b c:/winavr-20100110/bin/../lib/gcc/avr/4.3.3/avr5\libgcc.a(_unpack_sf.o)
 .debug_line    0x000012f6      0x137 c:/winavr-20100110/bin/../lib/gcc/avr/4.3.3/avr5\libgcc.a(_fpcmp_parts_sf.o)
 .debug_line    0x0000142d       0x7c c:/winavr-20100110/bin/../lib/gcc/avr/4.3.3/avr5\libgcc.a(_clz.o)

.debug_frame    0x00000000      0x220
 *(.debug_frame)
 .debug_frame   0x00000000       0x20 c:/winavr-20100110/bin/../lib/gcc/avr/4.3.3/avr5\libgcc.a(_fixunssfsi.o)
 .debug_frame   0x00000020       0x40 c:/winavr-20100110/bin/../lib/gcc/avr/4.3.3/avr5\libgcc.a(_addsub_sf.o)
 .debug_frame   0x00000060       0x20 c:/winavr-20100110/bin/../lib/gcc/avr/4.3.3/avr5\libgcc.a(_mul_sf.o)
 .debug_frame   0x00000080       0x20 c:/winavr-20100110/bin/../lib/gcc/avr/4.3.3/avr5\libgcc.a(_div_sf.o)
 .debug_frame   0x000000a0       0x20 c:/winavr-20100110/bin/../lib/gcc/avr/4.3.3/avr5\libgcc.a(_gt_sf.o)
 .debug_frame   0x000000c0       0x20 c:/winavr-20100110/bin/../lib/gcc/avr/4.3.3/avr5\libgcc.a(_ge_sf.o)
 .debug_frame   0x000000e0       0x20 c:/winavr-20100110/bin/../lib/gcc/avr/4.3.3/avr5\libgcc.a(_lt_sf.o)
 .debug_frame   0x00000100       0x20 c:/winavr-20100110/bin/../lib/gcc/avr/4.3.3/avr5\libgcc.a(_le_sf.o)
 .debug_frame   0x00000120       0x20 c:/winavr-20100110/bin/../lib/gcc/avr/4.3.3/avr5\libgcc.a(_unord_sf.o)
 .debug_frame   0x00000140       0x20 c:/winavr-20100110/bin/../lib/gcc/avr/4.3.3/avr5\libgcc.a(_si_to_sf.o)
 .debug_frame   0x00000160       0x20 c:/winavr-20100110/bin/../lib/gcc/avr/4.3.3/avr5\libgcc.a(_sf_to_si.o)
 .debug_frame   0x00000180       0x20 c:/winavr-20100110/bin/../lib/gcc/avr/4.3.3/avr5\libgcc.a(_usi_to_sf.o)
 .debug_frame   0x000001a0       0x20 c:/winavr-20100110/bin/../lib/gcc/avr/4.3.3/avr5\libgcc.a(_clzsi2.o)
 .debug_frame   0x000001c0       0x20 c:/winavr-20100110/bin/../lib/gcc/avr/4.3.3/avr5\libgcc.a(_pack_sf.o)
 .debug_frame   0x000001e0       0x20 c:/winavr-20100110/bin/../lib/gcc/avr/4.3.3/avr5\libgcc.a(_unpack_sf.o)
 .debug_frame   0x00000200       0x20 c:/winavr-20100110/bin/../lib/gcc/avr/4.3.3/avr5\libgcc.a(_fpcmp_parts_sf.o)

.debug_str      0x00000000      0x31a
 *(.debug_str)
 .debug_str     0x00000000       0xbf c:/winavr-20100110/bin/../lib/gcc/avr/4.3.3/avr5\libgcc.a(_fixunssfsi.o)
                                 0xfe (size before relaxing)
 .debug_str     0x000000bf      0x14d c:/winavr-20100110/bin/../lib/gcc/avr/4.3.3/avr5\libgcc.a(_addsub_sf.o)
                                0x206 (size before relaxing)
 .debug_str     0x0000020c       0x27 c:/winavr-20100110/bin/../lib/gcc/avr/4.3.3/avr5\libgcc.a(_mul_sf.o)
                                0x1bf (size before relaxing)
 .debug_str     0x00000233       0x35 c:/winavr-20100110/bin/../lib/gcc/avr/4.3.3/avr5\libgcc.a(_div_sf.o)
                                0x1c8 (size before relaxing)
 .debug_str     0x00000268        0x8 c:/winavr-20100110/bin/../lib/gcc/avr/4.3.3/avr5\libgcc.a(_gt_sf.o)
                                0x195 (size before relaxing)
 .debug_str     0x00000270        0x8 c:/winavr-20100110/bin/../lib/gcc/avr/4.3.3/avr5\libgcc.a(_ge_sf.o)
                                0x195 (size before relaxing)
 .debug_str     0x00000278        0x8 c:/winavr-20100110/bin/../lib/gcc/avr/4.3.3/avr5\libgcc.a(_lt_sf.o)
                                0x195 (size before relaxing)
 .debug_str     0x00000280        0x8 c:/winavr-20100110/bin/../lib/gcc/avr/4.3.3/avr5\libgcc.a(_le_sf.o)
                                0x195 (size before relaxing)
 .debug_str     0x00000288        0xb c:/winavr-20100110/bin/../lib/gcc/avr/4.3.3/avr5\libgcc.a(_unord_sf.o)
                                0x198 (size before relaxing)
 .debug_str     0x00000293       0x1e c:/winavr-20100110/bin/../lib/gcc/avr/4.3.3/avr5\libgcc.a(_si_to_sf.o)
                                0x17b (size before relaxing)
 .debug_str     0x000002b1        0xa c:/winavr-20100110/bin/../lib/gcc/avr/4.3.3/avr5\libgcc.a(_sf_to_si.o)
                                0x19e (size before relaxing)
 .debug_str     0x00000000      0x103 c:/winavr-20100110/bin/../lib/gcc/avr/4.3.3/avr5\libgcc.a(_thenan_sf.o)
 .debug_str     0x000002bb       0x14 c:/winavr-20100110/bin/../lib/gcc/avr/4.3.3/avr5\libgcc.a(_usi_to_sf.o)
                                0x177 (size before relaxing)
 .debug_str     0x000002cf       0x20 c:/winavr-20100110/bin/../lib/gcc/avr/4.3.3/avr5\libgcc.a(_clzsi2.o)
                                0x111 (size before relaxing)
 .debug_str     0x000002ef       0x10 c:/winavr-20100110/bin/../lib/gcc/avr/4.3.3/avr5\libgcc.a(_pack_sf.o)
                                0x19d (size before relaxing)
 .debug_str     0x000002ff        0xb c:/winavr-20100110/bin/../lib/gcc/avr/4.3.3/avr5\libgcc.a(_unpack_sf.o)
                                0x17f (size before relaxing)
 .debug_str     0x0000030a       0x10 c:/winavr-20100110/bin/../lib/gcc/avr/4.3.3/avr5\libgcc.a(_fpcmp_parts_sf.o)
                                0x163 (size before relaxing)
 .debug_str     0x00000000       0xf4 c:/winavr-20100110/bin/../lib/gcc/avr/4.3.3/avr5\libgcc.a(_clz.o)

.debug_loc      0x00000000      0xa92
 *(.debug_loc)
 .debug_loc     0x00000000       0x34 c:/winavr-20100110/bin/../lib/gcc/avr/4.3.3/avr5\libgcc.a(_fixunssfsi.o)
 .debug_loc     0x00000034      0x32a c:/winavr-20100110/bin/../lib/gcc/avr/4.3.3/avr5\libgcc.a(_addsub_sf.o)
 .debug_loc     0x0000035e      0x104 c:/winavr-20100110/bin/../lib/gcc/avr/4.3.3/avr5\libgcc.a(_mul_sf.o)
 .debug_loc     0x00000462       0xc0 c:/winavr-20100110/bin/../lib/gcc/avr/4.3.3/avr5\libgcc.a(_div_sf.o)
 .debug_loc     0x00000522       0x3c c:/winavr-20100110/bin/../lib/gcc/avr/4.3.3/avr5\libgcc.a(_gt_sf.o)
 .debug_loc     0x0000055e       0x3c c:/winavr-20100110/bin/../lib/gcc/avr/4.3.3/avr5\libgcc.a(_ge_sf.o)
 .debug_loc     0x0000059a       0x3c c:/winavr-20100110/bin/../lib/gcc/avr/4.3.3/avr5\libgcc.a(_lt_sf.o)
 .debug_loc     0x000005d6       0x3c c:/winavr-20100110/bin/../lib/gcc/avr/4.3.3/avr5\libgcc.a(_le_sf.o)
 .debug_loc     0x00000612       0x3c c:/winavr-20100110/bin/../lib/gcc/avr/4.3.3/avr5\libgcc.a(_unord_sf.o)
 .debug_loc     0x0000064e       0xac c:/winavr-20100110/bin/../lib/gcc/avr/4.3.3/avr5\libgcc.a(_si_to_sf.o)
 .debug_loc     0x000006fa       0x7e c:/winavr-20100110/bin/../lib/gcc/avr/4.3.3/avr5\libgcc.a(_sf_to_si.o)
 .debug_loc     0x00000778       0x4c c:/winavr-20100110/bin/../lib/gcc/avr/4.3.3/avr5\libgcc.a(_usi_to_sf.o)
 .debug_loc     0x000007c4       0x94 c:/winavr-20100110/bin/../lib/gcc/avr/4.3.3/avr5\libgcc.a(_clzsi2.o)
 .debug_loc     0x00000858      0x13e c:/winavr-20100110/bin/../lib/gcc/avr/4.3.3/avr5\libgcc.a(_pack_sf.o)
 .debug_loc     0x00000996       0xac c:/winavr-20100110/bin/../lib/gcc/avr/4.3.3/avr5\libgcc.a(_unpack_sf.o)
 .debug_loc     0x00000a42       0x50 c:/winavr-20100110/bin/../lib/gcc/avr/4.3.3/avr5\libgcc.a(_fpcmp_parts_sf.o)

.debug_macinfo
 *(.debug_macinfo)
OUTPUT(Agro_Acionna_Bluetooth.elf elf32-avr)
LOAD linker stubs

.debug_ranges   0x00000000       0x50
 .debug_ranges  0x00000000       0x50 c:/winavr-20100110/bin/../lib/gcc/avr/4.3.3/avr5\libgcc.a(_mul_sf.o)

Cross Reference Table

Symbol                                            File
DS1307RTC::DS1307RTC()                            ./RTC/DS1307RTC.o
DS1307RTC::DS1307RTC()                            ./RTC/DS1307RTC.o
DS1307RTC::bcd2dec(unsigned char)                 ./RTC/DS1307RTC.o
DS1307RTC::dec2bcd(unsigned char)                 ./RTC/DS1307RTC.o
DS1307RTC::get()                                  ./RTC/DS1307RTC.o
DS1307RTC::read(tmElements_t&)                    ./RTC/DS1307RTC.o
                                                  ./main.o
DS1307RTC::set(unsigned long)                     ./RTC/DS1307RTC.o
DS1307RTC::write(tmElements_t&)                   ./RTC/DS1307RTC.o
                                                  ./main.o
HardwareSerial::HardwareSerial(ring_buffer*, ring_buffer*, unsigned char volatile*, unsigned char volatile*, unsigned char volatile*, unsigned char volatile*, unsigned char volatile*, unsigned char volatile*, unsigned char, unsigned char, unsigned char, unsigned char, unsigned char) C:\Users\thiago\Dropbox\Circuits\sourceCodes\arduino_core\328P_16MHz\libarduino_core.a(HardwareSerial.o)
HardwareSerial::HardwareSerial(ring_buffer*, ring_buffer*, unsigned char volatile*, unsigned char volatile*, unsigned char volatile*, unsigned char volatile*, unsigned char volatile*, unsigned char volatile*, unsigned char, unsigned char, unsigned char, unsigned char, unsigned char) C:\Users\thiago\Dropbox\Circuits\sourceCodes\arduino_core\328P_16MHz\libarduino_core.a(HardwareSerial.o)
HardwareSerial::available()                       C:\Users\thiago\Dropbox\Circuits\sourceCodes\arduino_core\328P_16MHz\libarduino_core.a(HardwareSerial.o)
                                                  ./main.o
HardwareSerial::begin(unsigned long)              C:\Users\thiago\Dropbox\Circuits\sourceCodes\arduino_core\328P_16MHz\libarduino_core.a(HardwareSerial.o)
                                                  ./main.o
HardwareSerial::begin(unsigned long, unsigned char) C:\Users\thiago\Dropbox\Circuits\sourceCodes\arduino_core\328P_16MHz\libarduino_core.a(HardwareSerial.o)
HardwareSerial::end()                             C:\Users\thiago\Dropbox\Circuits\sourceCodes\arduino_core\328P_16MHz\libarduino_core.a(HardwareSerial.o)
HardwareSerial::flush()                           C:\Users\thiago\Dropbox\Circuits\sourceCodes\arduino_core\328P_16MHz\libarduino_core.a(HardwareSerial.o)
HardwareSerial::operator bool()                   C:\Users\thiago\Dropbox\Circuits\sourceCodes\arduino_core\328P_16MHz\libarduino_core.a(HardwareSerial.o)
HardwareSerial::peek()                            C:\Users\thiago\Dropbox\Circuits\sourceCodes\arduino_core\328P_16MHz\libarduino_core.a(HardwareSerial.o)
HardwareSerial::read()                            C:\Users\thiago\Dropbox\Circuits\sourceCodes\arduino_core\328P_16MHz\libarduino_core.a(HardwareSerial.o)
                                                  ./main.o
HardwareSerial::write(unsigned char)              C:\Users\thiago\Dropbox\Circuits\sourceCodes\arduino_core\328P_16MHz\libarduino_core.a(HardwareSerial.o)
                                                  ./main.o
HourOff                                           ./main.o
HourOn                                            ./main.o
MinOff                                            ./main.o
MinOn                                             ./main.o
Print::print(Printable const&)                    C:\Users\thiago\Dropbox\Circuits\sourceCodes\arduino_core\328P_16MHz\libarduino_core.a(Print.o)
Print::print(String const&)                       C:\Users\thiago\Dropbox\Circuits\sourceCodes\arduino_core\328P_16MHz\libarduino_core.a(Print.o)
Print::print(__FlashStringHelper const*)          C:\Users\thiago\Dropbox\Circuits\sourceCodes\arduino_core\328P_16MHz\libarduino_core.a(Print.o)
Print::print(char const*)                         C:\Users\thiago\Dropbox\Circuits\sourceCodes\arduino_core\328P_16MHz\libarduino_core.a(Print.o)
                                                  ./main.o
Print::print(char)                                C:\Users\thiago\Dropbox\Circuits\sourceCodes\arduino_core\328P_16MHz\libarduino_core.a(Print.o)
Print::print(double, int)                         C:\Users\thiago\Dropbox\Circuits\sourceCodes\arduino_core\328P_16MHz\libarduino_core.a(Print.o)
Print::print(int, int)                            C:\Users\thiago\Dropbox\Circuits\sourceCodes\arduino_core\328P_16MHz\libarduino_core.a(Print.o)
                                                  ./main.o
Print::print(long, int)                           C:\Users\thiago\Dropbox\Circuits\sourceCodes\arduino_core\328P_16MHz\libarduino_core.a(Print.o)
Print::print(unsigned char, int)                  C:\Users\thiago\Dropbox\Circuits\sourceCodes\arduino_core\328P_16MHz\libarduino_core.a(Print.o)
Print::print(unsigned int, int)                   C:\Users\thiago\Dropbox\Circuits\sourceCodes\arduino_core\328P_16MHz\libarduino_core.a(Print.o)
Print::print(unsigned long, int)                  C:\Users\thiago\Dropbox\Circuits\sourceCodes\arduino_core\328P_16MHz\libarduino_core.a(Print.o)
Print::printFloat(double, unsigned char)          C:\Users\thiago\Dropbox\Circuits\sourceCodes\arduino_core\328P_16MHz\libarduino_core.a(Print.o)
Print::printNumber(unsigned long, unsigned char)  C:\Users\thiago\Dropbox\Circuits\sourceCodes\arduino_core\328P_16MHz\libarduino_core.a(Print.o)
Print::println()                                  C:\Users\thiago\Dropbox\Circuits\sourceCodes\arduino_core\328P_16MHz\libarduino_core.a(Print.o)
Print::println(Printable const&)                  C:\Users\thiago\Dropbox\Circuits\sourceCodes\arduino_core\328P_16MHz\libarduino_core.a(Print.o)
Print::println(String const&)                     C:\Users\thiago\Dropbox\Circuits\sourceCodes\arduino_core\328P_16MHz\libarduino_core.a(Print.o)
Print::println(__FlashStringHelper const*)        C:\Users\thiago\Dropbox\Circuits\sourceCodes\arduino_core\328P_16MHz\libarduino_core.a(Print.o)
Print::println(char const*)                       C:\Users\thiago\Dropbox\Circuits\sourceCodes\arduino_core\328P_16MHz\libarduino_core.a(Print.o)
                                                  ./main.o
Print::println(char)                              C:\Users\thiago\Dropbox\Circuits\sourceCodes\arduino_core\328P_16MHz\libarduino_core.a(Print.o)
Print::println(double, int)                       C:\Users\thiago\Dropbox\Circuits\sourceCodes\arduino_core\328P_16MHz\libarduino_core.a(Print.o)
Print::println(int, int)                          C:\Users\thiago\Dropbox\Circuits\sourceCodes\arduino_core\328P_16MHz\libarduino_core.a(Print.o)
Print::println(long, int)                         C:\Users\thiago\Dropbox\Circuits\sourceCodes\arduino_core\328P_16MHz\libarduino_core.a(Print.o)
Print::println(unsigned char, int)                C:\Users\thiago\Dropbox\Circuits\sourceCodes\arduino_core\328P_16MHz\libarduino_core.a(Print.o)
Print::println(unsigned int, int)                 C:\Users\thiago\Dropbox\Circuits\sourceCodes\arduino_core\328P_16MHz\libarduino_core.a(Print.o)
Print::println(unsigned long, int)                C:\Users\thiago\Dropbox\Circuits\sourceCodes\arduino_core\328P_16MHz\libarduino_core.a(Print.o)
Print::write(char const*)                         C:\Users\thiago\Dropbox\Circuits\sourceCodes\arduino_core\328P_16MHz\libarduino_core.a(Print.o)
Print::write(unsigned char const*, unsigned int)  C:\Users\thiago\Dropbox\Circuits\sourceCodes\arduino_core\328P_16MHz\libarduino_core.a(Print.o)
                                                  C:\Users\thiago\Dropbox\Circuits\sourceCodes\arduino_core\328P_16MHz\libarduino_core.a(HardwareSerial.o)
                                                  ./RTC/Wire.o
RF24::RF24(unsigned char, unsigned char)          ./RF24/RF24.o
RF24::RF24(unsigned char, unsigned char)          ./RF24/RF24.o
RF24::available()                                 ./RF24/RF24.o
RF24::available(unsigned char*)                   ./RF24/RF24.o
RF24::begin()                                     ./RF24/RF24.o
RF24::ce(int)                                     ./RF24/RF24.o
RF24::csn(int)                                    ./RF24/RF24.o
RF24::disableCRC()                                ./RF24/RF24.o
RF24::enableAckPayload()                          ./RF24/RF24.o
RF24::enableDynamicPayloads()                     ./RF24/RF24.o
RF24::flush_rx()                                  ./RF24/RF24.o
RF24::flush_tx()                                  ./RF24/RF24.o
RF24::getCRCLength()                              ./RF24/RF24.o
RF24::getDataRate()                               ./RF24/RF24.o
RF24::getDynamicPayloadSize()                     ./RF24/RF24.o
RF24::getPALevel()                                ./RF24/RF24.o
RF24::getPayloadSize()                            ./RF24/RF24.o
RF24::get_status()                                ./RF24/RF24.o
RF24::isAckPayloadAvailable()                     ./RF24/RF24.o
RF24::isPVariant()                                ./RF24/RF24.o
RF24::openReadingPipe(unsigned char, unsigned long long) ./RF24/RF24.o
RF24::openWritingPipe(unsigned long long)         ./RF24/RF24.o
RF24::powerDown()                                 ./RF24/RF24.o
RF24::powerUp()                                   ./RF24/RF24.o
RF24::printDetails()                              ./RF24/RF24.o
RF24::print_address_register(char const*, unsigned char, unsigned char) ./RF24/RF24.o
RF24::print_byte_register(char const*, unsigned char, unsigned char) ./RF24/RF24.o
RF24::print_observe_tx(unsigned char)             ./RF24/RF24.o
RF24::print_status(unsigned char)                 ./RF24/RF24.o
RF24::read(void*, unsigned char)                  ./RF24/RF24.o
RF24::read_payload(void*, unsigned char)          ./RF24/RF24.o
RF24::read_register(unsigned char)                ./RF24/RF24.o
RF24::read_register(unsigned char, unsigned char*, unsigned char) ./RF24/RF24.o
RF24::setAutoAck(bool)                            ./RF24/RF24.o
RF24::setAutoAck(unsigned char, bool)             ./RF24/RF24.o
RF24::setCRCLength(rf24_crclength_e)              ./RF24/RF24.o
RF24::setChannel(unsigned char)                   ./RF24/RF24.o
RF24::setDataRate(rf24_datarate_e)                ./RF24/RF24.o
RF24::setPALevel(rf24_pa_dbm_e)                   ./RF24/RF24.o
RF24::setPayloadSize(unsigned char)               ./RF24/RF24.o
RF24::setRetries(unsigned char, unsigned char)    ./RF24/RF24.o
RF24::startListening()                            ./RF24/RF24.o
RF24::startWrite(void const*, unsigned char)      ./RF24/RF24.o
RF24::stopListening()                             ./RF24/RF24.o
RF24::testCarrier()                               ./RF24/RF24.o
RF24::testRPD()                                   ./RF24/RF24.o
RF24::toggle_features()                           ./RF24/RF24.o
RF24::whatHappened(bool&, bool&, bool&)           ./RF24/RF24.o
RF24::write(void const*, unsigned char)           ./RF24/RF24.o
RF24::writeAckPayload(unsigned char, void const*, unsigned char) ./RF24/RF24.o
RF24::write_payload(void const*, unsigned char)   ./RF24/RF24.o
RF24::write_register(unsigned char, unsigned char const*, unsigned char) ./RF24/RF24.o
RF24::write_register(unsigned char, unsigned char) ./RF24/RF24.o
RTC                                               ./RTC/DS1307RTC.o
SPI                                               C:\Users\thiago\Dropbox\Circuits\sourceCodes\arduino_core\328P_16MHz\libarduino_core.a(SPI.o)
SPIClass::begin()                                 C:\Users\thiago\Dropbox\Circuits\sourceCodes\arduino_core\328P_16MHz\libarduino_core.a(SPI.o)
                                                  ./RF24/RF24.o
SPIClass::end()                                   C:\Users\thiago\Dropbox\Circuits\sourceCodes\arduino_core\328P_16MHz\libarduino_core.a(SPI.o)
SPIClass::setBitOrder(unsigned char)              C:\Users\thiago\Dropbox\Circuits\sourceCodes\arduino_core\328P_16MHz\libarduino_core.a(SPI.o)
                                                  ./RF24/RF24.o
SPIClass::setClockDivider(unsigned char)          C:\Users\thiago\Dropbox\Circuits\sourceCodes\arduino_core\328P_16MHz\libarduino_core.a(SPI.o)
                                                  ./RF24/RF24.o
SPIClass::setDataMode(unsigned char)              C:\Users\thiago\Dropbox\Circuits\sourceCodes\arduino_core\328P_16MHz\libarduino_core.a(SPI.o)
                                                  ./RF24/RF24.o
Serial                                            C:\Users\thiago\Dropbox\Circuits\sourceCodes\arduino_core\328P_16MHz\libarduino_core.a(HardwareSerial.o)
                                                  ./main.o
String::String(String const&)                     C:\Users\thiago\Dropbox\Circuits\sourceCodes\arduino_core\328P_16MHz\libarduino_core.a(WString.o)
String::String(String const&)                     C:\Users\thiago\Dropbox\Circuits\sourceCodes\arduino_core\328P_16MHz\libarduino_core.a(WString.o)
String::String(char const*)                       C:\Users\thiago\Dropbox\Circuits\sourceCodes\arduino_core\328P_16MHz\libarduino_core.a(WString.o)
String::String(char const*)                       C:\Users\thiago\Dropbox\Circuits\sourceCodes\arduino_core\328P_16MHz\libarduino_core.a(WString.o)
String::String(char)                              C:\Users\thiago\Dropbox\Circuits\sourceCodes\arduino_core\328P_16MHz\libarduino_core.a(WString.o)
String::String(char)                              C:\Users\thiago\Dropbox\Circuits\sourceCodes\arduino_core\328P_16MHz\libarduino_core.a(WString.o)
String::String(int, unsigned char)                C:\Users\thiago\Dropbox\Circuits\sourceCodes\arduino_core\328P_16MHz\libarduino_core.a(WString.o)
String::String(int, unsigned char)                C:\Users\thiago\Dropbox\Circuits\sourceCodes\arduino_core\328P_16MHz\libarduino_core.a(WString.o)
String::String(long, unsigned char)               C:\Users\thiago\Dropbox\Circuits\sourceCodes\arduino_core\328P_16MHz\libarduino_core.a(WString.o)
String::String(long, unsigned char)               C:\Users\thiago\Dropbox\Circuits\sourceCodes\arduino_core\328P_16MHz\libarduino_core.a(WString.o)
String::String(unsigned char, unsigned char)      C:\Users\thiago\Dropbox\Circuits\sourceCodes\arduino_core\328P_16MHz\libarduino_core.a(WString.o)
String::String(unsigned char, unsigned char)      C:\Users\thiago\Dropbox\Circuits\sourceCodes\arduino_core\328P_16MHz\libarduino_core.a(WString.o)
String::String(unsigned int, unsigned char)       C:\Users\thiago\Dropbox\Circuits\sourceCodes\arduino_core\328P_16MHz\libarduino_core.a(WString.o)
String::String(unsigned int, unsigned char)       C:\Users\thiago\Dropbox\Circuits\sourceCodes\arduino_core\328P_16MHz\libarduino_core.a(WString.o)
String::String(unsigned long, unsigned char)      C:\Users\thiago\Dropbox\Circuits\sourceCodes\arduino_core\328P_16MHz\libarduino_core.a(WString.o)
String::String(unsigned long, unsigned char)      C:\Users\thiago\Dropbox\Circuits\sourceCodes\arduino_core\328P_16MHz\libarduino_core.a(WString.o)
String::changeBuffer(unsigned int)                C:\Users\thiago\Dropbox\Circuits\sourceCodes\arduino_core\328P_16MHz\libarduino_core.a(WString.o)
String::charAt(unsigned int) const                C:\Users\thiago\Dropbox\Circuits\sourceCodes\arduino_core\328P_16MHz\libarduino_core.a(WString.o)
String::compareTo(String const&) const            C:\Users\thiago\Dropbox\Circuits\sourceCodes\arduino_core\328P_16MHz\libarduino_core.a(WString.o)
String::concat(String const&)                     C:\Users\thiago\Dropbox\Circuits\sourceCodes\arduino_core\328P_16MHz\libarduino_core.a(WString.o)
String::concat(char const*)                       C:\Users\thiago\Dropbox\Circuits\sourceCodes\arduino_core\328P_16MHz\libarduino_core.a(WString.o)
String::concat(char const*, unsigned int)         C:\Users\thiago\Dropbox\Circuits\sourceCodes\arduino_core\328P_16MHz\libarduino_core.a(WString.o)
String::concat(char)                              C:\Users\thiago\Dropbox\Circuits\sourceCodes\arduino_core\328P_16MHz\libarduino_core.a(WString.o)
String::concat(int)                               C:\Users\thiago\Dropbox\Circuits\sourceCodes\arduino_core\328P_16MHz\libarduino_core.a(WString.o)
String::concat(long)                              C:\Users\thiago\Dropbox\Circuits\sourceCodes\arduino_core\328P_16MHz\libarduino_core.a(WString.o)
String::concat(unsigned char)                     C:\Users\thiago\Dropbox\Circuits\sourceCodes\arduino_core\328P_16MHz\libarduino_core.a(WString.o)
String::concat(unsigned int)                      C:\Users\thiago\Dropbox\Circuits\sourceCodes\arduino_core\328P_16MHz\libarduino_core.a(WString.o)
String::concat(unsigned long)                     C:\Users\thiago\Dropbox\Circuits\sourceCodes\arduino_core\328P_16MHz\libarduino_core.a(WString.o)
String::copy(char const*, unsigned int)           C:\Users\thiago\Dropbox\Circuits\sourceCodes\arduino_core\328P_16MHz\libarduino_core.a(WString.o)
String::endsWith(String const&) const             C:\Users\thiago\Dropbox\Circuits\sourceCodes\arduino_core\328P_16MHz\libarduino_core.a(WString.o)
String::equals(String const&) const               C:\Users\thiago\Dropbox\Circuits\sourceCodes\arduino_core\328P_16MHz\libarduino_core.a(WString.o)
String::equals(char const*) const                 C:\Users\thiago\Dropbox\Circuits\sourceCodes\arduino_core\328P_16MHz\libarduino_core.a(WString.o)
String::equalsIgnoreCase(String const&) const     C:\Users\thiago\Dropbox\Circuits\sourceCodes\arduino_core\328P_16MHz\libarduino_core.a(WString.o)
String::getBytes(unsigned char*, unsigned int, unsigned int) const C:\Users\thiago\Dropbox\Circuits\sourceCodes\arduino_core\328P_16MHz\libarduino_core.a(WString.o)
String::indexOf(String const&) const              C:\Users\thiago\Dropbox\Circuits\sourceCodes\arduino_core\328P_16MHz\libarduino_core.a(WString.o)
String::indexOf(String const&, unsigned int) const C:\Users\thiago\Dropbox\Circuits\sourceCodes\arduino_core\328P_16MHz\libarduino_core.a(WString.o)
String::indexOf(char) const                       C:\Users\thiago\Dropbox\Circuits\sourceCodes\arduino_core\328P_16MHz\libarduino_core.a(WString.o)
String::indexOf(char, unsigned int) const         C:\Users\thiago\Dropbox\Circuits\sourceCodes\arduino_core\328P_16MHz\libarduino_core.a(WString.o)
String::invalidate()                              C:\Users\thiago\Dropbox\Circuits\sourceCodes\arduino_core\328P_16MHz\libarduino_core.a(WString.o)
String::lastIndexOf(String const&) const          C:\Users\thiago\Dropbox\Circuits\sourceCodes\arduino_core\328P_16MHz\libarduino_core.a(WString.o)
String::lastIndexOf(String const&, unsigned int) const C:\Users\thiago\Dropbox\Circuits\sourceCodes\arduino_core\328P_16MHz\libarduino_core.a(WString.o)
String::lastIndexOf(char) const                   C:\Users\thiago\Dropbox\Circuits\sourceCodes\arduino_core\328P_16MHz\libarduino_core.a(WString.o)
String::lastIndexOf(char, unsigned int) const     C:\Users\thiago\Dropbox\Circuits\sourceCodes\arduino_core\328P_16MHz\libarduino_core.a(WString.o)
String::operator<(String const&) const            C:\Users\thiago\Dropbox\Circuits\sourceCodes\arduino_core\328P_16MHz\libarduino_core.a(WString.o)
String::operator<=(String const&) const           C:\Users\thiago\Dropbox\Circuits\sourceCodes\arduino_core\328P_16MHz\libarduino_core.a(WString.o)
String::operator=(String const&)                  C:\Users\thiago\Dropbox\Circuits\sourceCodes\arduino_core\328P_16MHz\libarduino_core.a(WString.o)
String::operator=(char const*)                    C:\Users\thiago\Dropbox\Circuits\sourceCodes\arduino_core\328P_16MHz\libarduino_core.a(WString.o)
String::operator>(String const&) const            C:\Users\thiago\Dropbox\Circuits\sourceCodes\arduino_core\328P_16MHz\libarduino_core.a(WString.o)
String::operator>=(String const&) const           C:\Users\thiago\Dropbox\Circuits\sourceCodes\arduino_core\328P_16MHz\libarduino_core.a(WString.o)
String::operator[](unsigned int)                  C:\Users\thiago\Dropbox\Circuits\sourceCodes\arduino_core\328P_16MHz\libarduino_core.a(WString.o)
String::operator[](unsigned int) const            C:\Users\thiago\Dropbox\Circuits\sourceCodes\arduino_core\328P_16MHz\libarduino_core.a(WString.o)
                                                  C:\Users\thiago\Dropbox\Circuits\sourceCodes\arduino_core\328P_16MHz\libarduino_core.a(Print.o)
String::replace(String const&, String const&)     C:\Users\thiago\Dropbox\Circuits\sourceCodes\arduino_core\328P_16MHz\libarduino_core.a(WString.o)
String::replace(char, char)                       C:\Users\thiago\Dropbox\Circuits\sourceCodes\arduino_core\328P_16MHz\libarduino_core.a(WString.o)
String::reserve(unsigned int)                     C:\Users\thiago\Dropbox\Circuits\sourceCodes\arduino_core\328P_16MHz\libarduino_core.a(WString.o)
String::setCharAt(unsigned int, char)             C:\Users\thiago\Dropbox\Circuits\sourceCodes\arduino_core\328P_16MHz\libarduino_core.a(WString.o)
String::startsWith(String const&) const           C:\Users\thiago\Dropbox\Circuits\sourceCodes\arduino_core\328P_16MHz\libarduino_core.a(WString.o)
String::startsWith(String const&, unsigned int) const C:\Users\thiago\Dropbox\Circuits\sourceCodes\arduino_core\328P_16MHz\libarduino_core.a(WString.o)
String::substring(unsigned int) const             C:\Users\thiago\Dropbox\Circuits\sourceCodes\arduino_core\328P_16MHz\libarduino_core.a(WString.o)
String::substring(unsigned int, unsigned int) const C:\Users\thiago\Dropbox\Circuits\sourceCodes\arduino_core\328P_16MHz\libarduino_core.a(WString.o)
String::toInt() const                             C:\Users\thiago\Dropbox\Circuits\sourceCodes\arduino_core\328P_16MHz\libarduino_core.a(WString.o)
String::toLowerCase()                             C:\Users\thiago\Dropbox\Circuits\sourceCodes\arduino_core\328P_16MHz\libarduino_core.a(WString.o)
String::toUpperCase()                             C:\Users\thiago\Dropbox\Circuits\sourceCodes\arduino_core\328P_16MHz\libarduino_core.a(WString.o)
String::trim()                                    C:\Users\thiago\Dropbox\Circuits\sourceCodes\arduino_core\328P_16MHz\libarduino_core.a(WString.o)
String::~String()                                 C:\Users\thiago\Dropbox\Circuits\sourceCodes\arduino_core\328P_16MHz\libarduino_core.a(WString.o)
String::~String()                                 C:\Users\thiago\Dropbox\Circuits\sourceCodes\arduino_core\328P_16MHz\libarduino_core.a(WString.o)
TwoWire::TwoWire()                                ./RTC/Wire.o
TwoWire::TwoWire()                                ./RTC/Wire.o
TwoWire::available()                              ./RTC/Wire.o
TwoWire::begin()                                  ./RTC/Wire.o
                                                  ./RTC/DS1307RTC.o
TwoWire::begin(int)                               ./RTC/Wire.o
TwoWire::begin(unsigned char)                     ./RTC/Wire.o
TwoWire::beginTransmission(int)                   ./RTC/Wire.o
                                                  ./RTC/DS1307RTC.o
TwoWire::beginTransmission(unsigned char)         ./RTC/Wire.o
TwoWire::endTransmission()                        ./RTC/Wire.o
                                                  ./RTC/DS1307RTC.o
TwoWire::endTransmission(unsigned char)           ./RTC/Wire.o
TwoWire::flush()                                  ./RTC/Wire.o
TwoWire::onReceive(void (*)(int))                 ./RTC/Wire.o
TwoWire::onReceiveService(unsigned char*, int)    ./RTC/Wire.o
TwoWire::onRequest(void (*)())                    ./RTC/Wire.o
TwoWire::onRequestService()                       ./RTC/Wire.o
TwoWire::peek()                                   ./RTC/Wire.o
TwoWire::read()                                   ./RTC/Wire.o
                                                  ./RTC/DS1307RTC.o
TwoWire::requestFrom(int, int)                    ./RTC/Wire.o
                                                  ./RTC/DS1307RTC.o
TwoWire::requestFrom(int, int, int)               ./RTC/Wire.o
TwoWire::requestFrom(unsigned char, unsigned char) ./RTC/Wire.o
TwoWire::requestFrom(unsigned char, unsigned char, unsigned char) ./RTC/Wire.o
TwoWire::rxBuffer                                 ./RTC/Wire.o
TwoWire::rxBufferIndex                            ./RTC/Wire.o
TwoWire::rxBufferLength                           ./RTC/Wire.o
TwoWire::transmitting                             ./RTC/Wire.o
TwoWire::txAddress                                ./RTC/Wire.o
TwoWire::txBuffer                                 ./RTC/Wire.o
TwoWire::txBufferIndex                            ./RTC/Wire.o
TwoWire::txBufferLength                           ./RTC/Wire.o
TwoWire::user_onReceive                           ./RTC/Wire.o
TwoWire::user_onRequest                           ./RTC/Wire.o
TwoWire::write(unsigned char const*, unsigned int) ./RTC/Wire.o
TwoWire::write(unsigned char)                     ./RTC/Wire.o
                                                  ./RTC/DS1307RTC.o
Ultrasonic::Ranging(int)                          ./Ultrasonic.o
                                                  ./main.o
Ultrasonic::Timing()                              ./Ultrasonic.o
Ultrasonic::Ultrasonic(int, int)                  ./Ultrasonic.o
                                                  ./main.o
Ultrasonic::Ultrasonic(int, int)                  ./Ultrasonic.o
Wire                                              ./RTC/Wire.o
                                                  ./RTC/DS1307RTC.o
YearLog_OFF                                       ./main.o
YearLog_ON                                        ./main.o
__addsf3                                          c:/winavr-20100110/bin/../lib/gcc/avr/4.3.3/avr5\libgcc.a(_addsub_sf.o)
                                                  C:\Users\thiago\Dropbox\Circuits\sourceCodes\arduino_core\328P_16MHz\libarduino_core.a(Print.o)
__bad_interrupt                                   c:/winavr-20100110/bin/../lib/gcc/avr/4.3.3/../../../../avr/lib/avr5/crtm328p.o
__brkval                                          C:\Users\thiago\Dropbox\Circuits\sourceCodes\arduino_core\328P_16MHz\libarduino_core.a(realloc.o)
                                                  C:\Users\thiago\Dropbox\Circuits\sourceCodes\arduino_core\328P_16MHz\libarduino_core.a(malloc.o)
__bss_end                                         c:/winavr-20100110/bin/../lib/gcc/avr/4.3.3/avr5\libgcc.a(_clear_bss.o)
__bss_start                                       c:/winavr-20100110/bin/../lib/gcc/avr/4.3.3/avr5\libgcc.a(_clear_bss.o)
__clz_tab                                         c:/winavr-20100110/bin/../lib/gcc/avr/4.3.3/avr5\libgcc.a(_clz.o)
                                                  c:/winavr-20100110/bin/../lib/gcc/avr/4.3.3/avr5\libgcc.a(_clzsi2.o)
__clzsi2                                          c:/winavr-20100110/bin/../lib/gcc/avr/4.3.3/avr5\libgcc.a(_clzsi2.o)
                                                  c:/winavr-20100110/bin/../lib/gcc/avr/4.3.3/avr5\libgcc.a(_usi_to_sf.o)
                                                  c:/winavr-20100110/bin/../lib/gcc/avr/4.3.3/avr5\libgcc.a(_si_to_sf.o)
__ctors_end                                       c:/winavr-20100110/bin/../lib/gcc/avr/4.3.3/avr5\libgcc.a(_ctors.o)
__ctors_start                                     c:/winavr-20100110/bin/../lib/gcc/avr/4.3.3/avr5\libgcc.a(_ctors.o)
__ctype_isfalse                                   c:/winavr-20100110/bin/../lib/gcc/avr/4.3.3/../../../../avr/lib/avr5\libc.a(cty_isfalse.o)
                                                  c:/winavr-20100110/bin/../lib/gcc/avr/4.3.3/../../../../avr/lib/avr5\libc.a(isspace.o)
__ctype_istrue                                    c:/winavr-20100110/bin/../lib/gcc/avr/4.3.3/../../../../avr/lib/avr5\libc.a(cty_isfalse.o)
__cxa_guard_abort                                 C:\Users\thiago\Dropbox\Circuits\sourceCodes\arduino_core\328P_16MHz\libarduino_core.a(new.o)
__cxa_guard_acquire                               C:\Users\thiago\Dropbox\Circuits\sourceCodes\arduino_core\328P_16MHz\libarduino_core.a(new.o)
__cxa_guard_release                               C:\Users\thiago\Dropbox\Circuits\sourceCodes\arduino_core\328P_16MHz\libarduino_core.a(new.o)
__cxa_pure_virtual                                C:\Users\thiago\Dropbox\Circuits\sourceCodes\arduino_core\328P_16MHz\libarduino_core.a(new.o)
                                                  C:\Users\thiago\Dropbox\Circuits\sourceCodes\arduino_core\328P_16MHz\libarduino_core.a(Print.o)
                                                  C:\Users\thiago\Dropbox\Circuits\sourceCodes\arduino_core\328P_16MHz\libarduino_core.a(HardwareSerial.o)
                                                  ./RTC/Wire.o
__data_end                                        c:/winavr-20100110/bin/../lib/gcc/avr/4.3.3/avr5\libgcc.a(_copy_data.o)
__data_load_start                                 c:/winavr-20100110/bin/../lib/gcc/avr/4.3.3/avr5\libgcc.a(_copy_data.o)
__data_start                                      c:/winavr-20100110/bin/../lib/gcc/avr/4.3.3/avr5\libgcc.a(_copy_data.o)
__divmodhi4                                       c:/winavr-20100110/bin/../lib/gcc/avr/4.3.3/avr5\libgcc.a(_divmodhi4.o)
                                                  ./RTC/Time.o
__divmodsi4                                       c:/winavr-20100110/bin/../lib/gcc/avr/4.3.3/avr5\libgcc.a(_divmodsi4.o)
                                                  ./Ultrasonic.o
__divsf3                                          c:/winavr-20100110/bin/../lib/gcc/avr/4.3.3/avr5\libgcc.a(_div_sf.o)
                                                  C:\Users\thiago\Dropbox\Circuits\sourceCodes\arduino_core\328P_16MHz\libarduino_core.a(Print.o)
__do_clear_bss                                    c:/winavr-20100110/bin/../lib/gcc/avr/4.3.3/avr5\libgcc.a(_clear_bss.o)
                                                  c:/winavr-20100110/bin/../lib/gcc/avr/4.3.3/../../../../avr/lib/avr5\libc.a(iob.o)
                                                  C:\Users\thiago\Dropbox\Circuits\sourceCodes\arduino_core\328P_16MHz\libarduino_core.a(malloc.o)
                                                  C:\Users\thiago\Dropbox\Circuits\sourceCodes\arduino_core\328P_16MHz\libarduino_core.a(wiring.o)
                                                  C:\Users\thiago\Dropbox\Circuits\sourceCodes\arduino_core\328P_16MHz\libarduino_core.a(WString.o)
                                                  C:\Users\thiago\Dropbox\Circuits\sourceCodes\arduino_core\328P_16MHz\libarduino_core.a(SPI.o)
                                                  C:\Users\thiago\Dropbox\Circuits\sourceCodes\arduino_core\328P_16MHz\libarduino_core.a(HardwareSerial.o)
                                                  ./main.o
                                                  ./RTC/twi.o
                                                  ./RTC/Wire.o
                                                  ./RTC/Time.o
                                                  ./RTC/DateStrings.o
                                                  ./RTC/DS1307RTC.o
__do_copy_data                                    c:/winavr-20100110/bin/../lib/gcc/avr/4.3.3/avr5\libgcc.a(_copy_data.o)
                                                  c:/winavr-20100110/bin/../lib/gcc/avr/4.3.3/avr5\libgcc.a(_clz.o)
                                                  c:/winavr-20100110/bin/../lib/gcc/avr/4.3.3/avr5\libgcc.a(_thenan_sf.o)
                                                  C:\Users\thiago\Dropbox\Circuits\sourceCodes\arduino_core\328P_16MHz\libarduino_core.a(malloc.o)
                                                  C:\Users\thiago\Dropbox\Circuits\sourceCodes\arduino_core\328P_16MHz\libarduino_core.a(WString.o)
                                                  C:\Users\thiago\Dropbox\Circuits\sourceCodes\arduino_core\328P_16MHz\libarduino_core.a(Print.o)
                                                  C:\Users\thiago\Dropbox\Circuits\sourceCodes\arduino_core\328P_16MHz\libarduino_core.a(HardwareSerial.o)
                                                  ./main.o
                                                  ./RTC/Wire.o
                                                  ./RTC/Time.o
                                                  ./RTC/DateStrings.o
__do_global_ctors                                 c:/winavr-20100110/bin/../lib/gcc/avr/4.3.3/avr5\libgcc.a(_ctors.o)
                                                  C:\Users\thiago\Dropbox\Circuits\sourceCodes\arduino_core\328P_16MHz\libarduino_core.a(HardwareSerial.o)
                                                  ./main.o
                                                  ./RTC/Wire.o
                                                  ./RTC/DS1307RTC.o
__epilogue_restores__                             c:/winavr-20100110/bin/../lib/gcc/avr/4.3.3/avr5\libgcc.a(_epilogue.o)
                                                  c:/winavr-20100110/bin/../lib/gcc/avr/4.3.3/../../../../avr/lib/avr5\libc.a(vfscanf_std.o)
                                                  c:/winavr-20100110/bin/../lib/gcc/avr/4.3.3/../../../../avr/lib/avr5\libc.a(vfprintf_std.o)
                                                  c:/winavr-20100110/bin/../lib/gcc/avr/4.3.3/../../../../avr/lib/avr5\libc.a(sscanf.o)
                                                  c:/winavr-20100110/bin/../lib/gcc/avr/4.3.3/../../../../avr/lib/avr5\libc.a(sprintf.o)
                                                  c:/winavr-20100110/bin/../lib/gcc/avr/4.3.3/../../../../avr/lib/avr5\libc.a(printf_p.o)
                                                  c:/winavr-20100110/bin/../lib/gcc/avr/4.3.3/avr5\libgcc.a(_usi_to_sf.o)
                                                  c:/winavr-20100110/bin/../lib/gcc/avr/4.3.3/avr5\libgcc.a(_sf_to_si.o)
                                                  c:/winavr-20100110/bin/../lib/gcc/avr/4.3.3/avr5\libgcc.a(_si_to_sf.o)
                                                  c:/winavr-20100110/bin/../lib/gcc/avr/4.3.3/avr5\libgcc.a(_unord_sf.o)
                                                  c:/winavr-20100110/bin/../lib/gcc/avr/4.3.3/avr5\libgcc.a(_le_sf.o)
                                                  c:/winavr-20100110/bin/../lib/gcc/avr/4.3.3/avr5\libgcc.a(_lt_sf.o)
                                                  c:/winavr-20100110/bin/../lib/gcc/avr/4.3.3/avr5\libgcc.a(_ge_sf.o)
                                                  c:/winavr-20100110/bin/../lib/gcc/avr/4.3.3/avr5\libgcc.a(_gt_sf.o)
                                                  c:/winavr-20100110/bin/../lib/gcc/avr/4.3.3/avr5\libgcc.a(_div_sf.o)
                                                  c:/winavr-20100110/bin/../lib/gcc/avr/4.3.3/avr5\libgcc.a(_mul_sf.o)
                                                  c:/winavr-20100110/bin/../lib/gcc/avr/4.3.3/avr5\libgcc.a(_addsub_sf.o)
__fixsfsi                                         c:/winavr-20100110/bin/../lib/gcc/avr/4.3.3/avr5\libgcc.a(_sf_to_si.o)
                                                  c:/winavr-20100110/bin/../lib/gcc/avr/4.3.3/avr5\libgcc.a(_fixunssfsi.o)
                                                  C:\Users\thiago\Dropbox\Circuits\sourceCodes\arduino_core\328P_16MHz\libarduino_core.a(Print.o)
__fixunssfsi                                      c:/winavr-20100110/bin/../lib/gcc/avr/4.3.3/avr5\libgcc.a(_fixunssfsi.o)
                                                  C:\Users\thiago\Dropbox\Circuits\sourceCodes\arduino_core\328P_16MHz\libarduino_core.a(Print.o)
__floatsisf                                       c:/winavr-20100110/bin/../lib/gcc/avr/4.3.3/avr5\libgcc.a(_si_to_sf.o)
                                                  C:\Users\thiago\Dropbox\Circuits\sourceCodes\arduino_core\328P_16MHz\libarduino_core.a(Print.o)
__floatunsisf                                     c:/winavr-20100110/bin/../lib/gcc/avr/4.3.3/avr5\libgcc.a(_usi_to_sf.o)
                                                  C:\Users\thiago\Dropbox\Circuits\sourceCodes\arduino_core\328P_16MHz\libarduino_core.a(Print.o)
__flp                                             C:\Users\thiago\Dropbox\Circuits\sourceCodes\arduino_core\328P_16MHz\libarduino_core.a(realloc.o)
                                                  C:\Users\thiago\Dropbox\Circuits\sourceCodes\arduino_core\328P_16MHz\libarduino_core.a(malloc.o)
__fpcmp_parts_f                                   c:/winavr-20100110/bin/../lib/gcc/avr/4.3.3/avr5\libgcc.a(_fpcmp_parts_sf.o)
                                                  c:/winavr-20100110/bin/../lib/gcc/avr/4.3.3/avr5\libgcc.a(_le_sf.o)
                                                  c:/winavr-20100110/bin/../lib/gcc/avr/4.3.3/avr5\libgcc.a(_lt_sf.o)
                                                  c:/winavr-20100110/bin/../lib/gcc/avr/4.3.3/avr5\libgcc.a(_ge_sf.o)
                                                  c:/winavr-20100110/bin/../lib/gcc/avr/4.3.3/avr5\libgcc.a(_gt_sf.o)
__gesf2                                           c:/winavr-20100110/bin/../lib/gcc/avr/4.3.3/avr5\libgcc.a(_ge_sf.o)
                                                  c:/winavr-20100110/bin/../lib/gcc/avr/4.3.3/avr5\libgcc.a(_fixunssfsi.o)
__gtsf2                                           c:/winavr-20100110/bin/../lib/gcc/avr/4.3.3/avr5\libgcc.a(_gt_sf.o)
                                                  C:\Users\thiago\Dropbox\Circuits\sourceCodes\arduino_core\328P_16MHz\libarduino_core.a(Print.o)
__heap_end                                        c:/winavr-20100110/bin/../lib/gcc/avr/4.3.3/../../../../avr/lib/avr5/crtm328p.o
                                                  C:\Users\thiago\Dropbox\Circuits\sourceCodes\arduino_core\328P_16MHz\libarduino_core.a(malloc.o)
__heap_start                                      C:\Users\thiago\Dropbox\Circuits\sourceCodes\arduino_core\328P_16MHz\libarduino_core.a(malloc.o)
__init                                            c:/winavr-20100110/bin/../lib/gcc/avr/4.3.3/../../../../avr/lib/avr5/crtm328p.o
__iob                                             c:/winavr-20100110/bin/../lib/gcc/avr/4.3.3/../../../../avr/lib/avr5\libc.a(iob.o)
                                                  c:/winavr-20100110/bin/../lib/gcc/avr/4.3.3/../../../../avr/lib/avr5\libc.a(printf_p.o)
__lesf2                                           c:/winavr-20100110/bin/../lib/gcc/avr/4.3.3/avr5\libgcc.a(_le_sf.o)
                                                  C:\Users\thiago\Dropbox\Circuits\sourceCodes\arduino_core\328P_16MHz\libarduino_core.a(Print.o)
__ltsf2                                           c:/winavr-20100110/bin/../lib/gcc/avr/4.3.3/avr5\libgcc.a(_lt_sf.o)
                                                  C:\Users\thiago\Dropbox\Circuits\sourceCodes\arduino_core\328P_16MHz\libarduino_core.a(Print.o)
__malloc_heap_end                                 C:\Users\thiago\Dropbox\Circuits\sourceCodes\arduino_core\328P_16MHz\libarduino_core.a(malloc.o)
                                                  C:\Users\thiago\Dropbox\Circuits\sourceCodes\arduino_core\328P_16MHz\libarduino_core.a(realloc.o)
__malloc_heap_start                               C:\Users\thiago\Dropbox\Circuits\sourceCodes\arduino_core\328P_16MHz\libarduino_core.a(malloc.o)
__malloc_margin                                   C:\Users\thiago\Dropbox\Circuits\sourceCodes\arduino_core\328P_16MHz\libarduino_core.a(malloc.o)
                                                  C:\Users\thiago\Dropbox\Circuits\sourceCodes\arduino_core\328P_16MHz\libarduino_core.a(realloc.o)
__mulhi_const_10                                  c:/winavr-20100110/bin/../lib/gcc/avr/4.3.3/../../../../avr/lib/avr5\libc.a(mul10.o)
                                                  c:/winavr-20100110/bin/../lib/gcc/avr/4.3.3/../../../../avr/lib/avr5\libc.a(atoi.o)
__mulsf3                                          c:/winavr-20100110/bin/../lib/gcc/avr/4.3.3/avr5\libgcc.a(_mul_sf.o)
                                                  C:\Users\thiago\Dropbox\Circuits\sourceCodes\arduino_core\328P_16MHz\libarduino_core.a(Print.o)
__mulsi3                                          c:/winavr-20100110/bin/../lib/gcc/avr/4.3.3/avr5\libgcc.a(_mulsi3.o)
                                                  C:\Users\thiago\Dropbox\Circuits\sourceCodes\arduino_core\328P_16MHz\libarduino_core.a(wiring_pulse.o)
                                                  C:\Users\thiago\Dropbox\Circuits\sourceCodes\arduino_core\328P_16MHz\libarduino_core.a(Print.o)
                                                  ./RTC/Time.o
__mulsi_const_10                                  c:/winavr-20100110/bin/../lib/gcc/avr/4.3.3/../../../../avr/lib/avr5\libc.a(mulsi10.o)
                                                  c:/winavr-20100110/bin/../lib/gcc/avr/4.3.3/../../../../avr/lib/avr5\libc.a(atol.o)
__pack_f                                          c:/winavr-20100110/bin/../lib/gcc/avr/4.3.3/avr5\libgcc.a(_pack_sf.o)
                                                  c:/winavr-20100110/bin/../lib/gcc/avr/4.3.3/avr5\libgcc.a(_usi_to_sf.o)
                                                  c:/winavr-20100110/bin/../lib/gcc/avr/4.3.3/avr5\libgcc.a(_si_to_sf.o)
                                                  c:/winavr-20100110/bin/../lib/gcc/avr/4.3.3/avr5\libgcc.a(_div_sf.o)
                                                  c:/winavr-20100110/bin/../lib/gcc/avr/4.3.3/avr5\libgcc.a(_mul_sf.o)
                                                  c:/winavr-20100110/bin/../lib/gcc/avr/4.3.3/avr5\libgcc.a(_addsub_sf.o)